Archive member included to satisfy reference by file (symbol)

C:/Program Files (x86)/NewEagle/Raptor/2021b_1.0.14409/GCM-5605B-048/lib/\xcp.a(xcp.o)
                              ./objs/hw_user.o (Xcp_Initialize)
C:/Program Files (x86)/NewEagle/Raptor/2021b_1.0.14409/GCM-5605B-048/lib/\xcp.a(xcpcan_cmd.o)
                              ./objs/xcp_protocol.o (XcpCan_CmdProc)
C:/Program Files (x86)/NewEagle/Raptor/2021b_1.0.14409/GCM-5605B-048/lib/\xcp.a(xcpcan_getrxbuf.o)
                              ./objs/xcp_protocol.o (XcpCan_GetRxBuf)
C:/Program Files (x86)/NewEagle/Raptor/2021b_1.0.14409/GCM-5605B-048/lib/\xcp.a(xcpcan_gettxbuf.o)
                              ./objs/xcp_protocol.o (XcpCan_GetTxBuf)
C:/Program Files (x86)/NewEagle/Raptor/2021b_1.0.14409/GCM-5605B-048/lib/\xcp.a(xcpcan_init.o)
                              ./objs/xcp_protocol.o (XcpCan_ResetDaqList)
C:/Program Files (x86)/NewEagle/Raptor/2021b_1.0.14409/GCM-5605B-048/lib/\xcp.a(xcpcan_peekrxbuf.o)
                              ./objs/xcp_protocol.o (XcpCan_PeekRxBuf)
C:/Program Files (x86)/NewEagle/Raptor/2021b_1.0.14409/GCM-5605B-048/lib/\xcp.a(xcpcan_rxcallback.o)
                              ./objs/XCP_App.o (XcpCan_RxCallback)
C:/Program Files (x86)/NewEagle/Raptor/2021b_1.0.14409/GCM-5605B-048/lib/\xcp.a(xcpcan_rxnext.o)
                              ./objs/xcp_protocol.o (XcpCan_RxNext)
C:/Program Files (x86)/NewEagle/Raptor/2021b_1.0.14409/GCM-5605B-048/lib/\xcp.a(xcpcan_txcallback.o)
                              ./objs/XCP_App.o (XcpCan_TxCallback)
C:/Program Files (x86)/NewEagle/Raptor/2021b_1.0.14409/GCM-5605B-048/lib/\xcp.a(xcpcan_txnext.o)
                              C:/Program Files (x86)/NewEagle/Raptor/2021b_1.0.14409/GCM-5605B-048/lib/\xcp.a(xcpcan_txcallback.o) (XcpCan_DoTransmit)
C:/Program Files (x86)/NewEagle/Raptor/2021b_1.0.14409/GCM-5605B-048/lib/\xcp.a(xcp_cmd.o)
                              C:/Program Files (x86)/NewEagle/Raptor/2021b_1.0.14409/GCM-5605B-048/lib/\xcp.a(xcp.o) (Xcp_CmdUnknown)
C:/Program Files (x86)/NewEagle/Raptor/2021b_1.0.14409/GCM-5605B-048/lib/\xcp.a(xcp_cmdcalpage.o)
                              C:/Program Files (x86)/NewEagle/Raptor/2021b_1.0.14409/GCM-5605B-048/lib/\xcp.a(xcp.o) (Xcp_CmdSetCalPage)
C:/Program Files (x86)/NewEagle/Raptor/2021b_1.0.14409/GCM-5605B-048/lib/\xcp.a(xcp_cmdchecksum.o)
                              C:/Program Files (x86)/NewEagle/Raptor/2021b_1.0.14409/GCM-5605B-048/lib/\xcp.a(xcp.o) (Xcp_CmdBuildChecksum)
C:/Program Files (x86)/NewEagle/Raptor/2021b_1.0.14409/GCM-5605B-048/lib/\xcp.a(xcp_cmdconnect.o)
                              C:/Program Files (x86)/NewEagle/Raptor/2021b_1.0.14409/GCM-5605B-048/lib/\xcp.a(xcp.o) (Xcp_CmdConnect)
C:/Program Files (x86)/NewEagle/Raptor/2021b_1.0.14409/GCM-5605B-048/lib/\xcp.a(xcp_cmddaq.o)
                              C:/Program Files (x86)/NewEagle/Raptor/2021b_1.0.14409/GCM-5605B-048/lib/\xcp.a(xcp.o) (Xcp_CmdClearDaqList)
C:/Program Files (x86)/NewEagle/Raptor/2021b_1.0.14409/GCM-5605B-048/lib/\xcp.a(xcp_cmddownload.o)
                              C:/Program Files (x86)/NewEagle/Raptor/2021b_1.0.14409/GCM-5605B-048/lib/\xcp.a(xcp.o) (Xcp_CmdDownload)
C:/Program Files (x86)/NewEagle/Raptor/2021b_1.0.14409/GCM-5605B-048/lib/\xcp.a(xcp_cmddyndaq.o)
                              C:/Program Files (x86)/NewEagle/Raptor/2021b_1.0.14409/GCM-5605B-048/lib/\xcp.a(xcp.o) (Xcp_CmdFreeDaq)
C:/Program Files (x86)/NewEagle/Raptor/2021b_1.0.14409/GCM-5605B-048/lib/\xcp.a(xcp_cmdflash.o)
                              C:/Program Files (x86)/NewEagle/Raptor/2021b_1.0.14409/GCM-5605B-048/lib/\xcp.a(xcp.o) (Xcp_CmdProgramStart)
C:/Program Files (x86)/NewEagle/Raptor/2021b_1.0.14409/GCM-5605B-048/lib/\xcp.a(xcp_cmdseednkey.o)
                              C:/Program Files (x86)/NewEagle/Raptor/2021b_1.0.14409/GCM-5605B-048/lib/\xcp.a(xcp.o) (Xcp_CmdGetSeed)
C:/Program Files (x86)/NewEagle/Raptor/2021b_1.0.14409/GCM-5605B-048/lib/\xcp.a(xcp_cmdupload.o)
                              C:/Program Files (x86)/NewEagle/Raptor/2021b_1.0.14409/GCM-5605B-048/lib/\xcp.a(xcp.o) (Xcp_CmdUpload)
C:/Program Files (x86)/NewEagle/Raptor/2021b_1.0.14409/GCM-5605B-048/lib/\xcp.a(xcp_event.o)
                              ./objs/XCP_App.o (Xcp_Event)
C:/Program Files (x86)/NewEagle/Raptor/2021b_1.0.14409/GCM-5605B-048/lib/\xcp.a(xcp_stim.o)
                              C:/Program Files (x86)/NewEagle/Raptor/2021b_1.0.14409/GCM-5605B-048/lib/\xcp.a(xcp_event.o) (Xcp_StimProcessor)
C:/Program Files (x86)/NewEagle/Raptor/2021b_1.0.14409/GCM-5605B-048/lib/\xcp.a(xcp_target.o)
                              C:/Program Files (x86)/NewEagle/Raptor/2021b_1.0.14409/GCM-5605B-048/lib/\xcp.a(xcpcan_rxcallback.o) (Xcp_MemCopy)
C:/Program Files (x86)/NewEagle/Raptor/2021b_1.0.14409/GCM-5605B-048/lib/\xcp.a(SeednKey.o)
[...]
Memory Configuration

Name             Origin             Length             Attributes
flash_app_desc   0x00020000         0x00000100
flash_app        0x00020100         0x0009ff00
flash_end        0x000bffff         0x00000000
sram_memory      0x40000000         0x0000ff80
bootmailbox      0x4000ff80         0x00000080
*default*        0x00000000         0xffffffff

Linker script and memory map

LOAD c:/nxp/s32ds_power_v2.1/s32ds/build_tools/powerpc-eabivle-4_9/bin/../lib/gcc/powerpc-eabivle/4.9.4/ecrti.o
LOAD c:/nxp/s32ds_power_v2.1/s32ds/build_tools/powerpc-eabivle-4_9/bin/../lib/gcc/powerpc-eabivle/4.9.4/crtbegin.o
LOAD ./objs/LIN2.o
LOAD ./objs/Lightning_McSeas_VCU.o
LOAD ./objs/Timer_BGND_9AY_V.o
LOAD ./objs/Timer_ooqlV.o
LOAD ./objs/XCP_App.o
LOAD ./objs/can_935__0024.o
LOAD ./objs/can_936__0024.o
LOAD ./objs/data.o
LOAD ./objs/hw_user.o
LOAD ./objs/lin_937__0024.o
LOAD ./objs/lin_general.o
LOAD ./objs/raptor_printf.o
LOAD ./objs/xcp_protocol.o
LOAD C:/Program Files (x86)/NewEagle/Raptor/2021b_1.0.14409/GCM-5605B-048/lib/\xcp.a
LOAD C:/Program Files (x86)/NewEagle/Raptor/2021b_1.0.14409/GCM-5605B-048/lib/\GCM-5605B-048-2104.a
START GROUP
LOAD C:/NXP/S32DS_Power_v2.1/S32DS/build_tools/e200_ewl2/lib\libc99.a
LOAD C:/NXP/S32DS_Power_v2.1/S32DS/build_tools/e200_ewl2/lib\libm.a
LOAD c:/nxp/s32ds_power_v2.1/s32ds/build_tools/powerpc-eabivle-4_9/bin/../lib/gcc/powerpc-eabivle/4.9.4\libgcc.a
LOAD C:/NXP/S32DS_Power_v2.1/S32DS/build_tools/e200_ewl2/lib\librt.a
END GROUP
LOAD c:/nxp/s32ds_power_v2.1/s32ds/build_tools/powerpc-eabivle-4_9/bin/../lib/gcc/powerpc-eabivle/4.9.4/crtend.o
LOAD c:/nxp/s32ds_power_v2.1/s32ds/build_tools/powerpc-eabivle-4_9/bin/../lib/gcc/powerpc-eabivle/4.9.4/ecrtn.o
                0x00000000                __HEAP_SIZE = 0x0
                0x00000100                __STACK_MARGIN = 0x100
                0x00000800                __STACK_SIZE = 0x800
                0x00010000                SRAM_SIZE = 0x10000
                0x40000000                SRAM_BASE_ADDR = 0x40000000

.app_desc       0x00020000       0x70
                0x00020000                __ROM_IMAGE_START = .
 *(.app_desc)
 .app_desc      0x00020000       0x70 C:/Program Files (x86)/NewEagle/Raptor/2021b_1.0.14409/GCM-5605B-048/lib/\GCM-5605B-048-2104.a(app_descriptor_cfg.o)
                0x00020000                AppDescriptor
                0x00020070                __gccbegin_rom = .

.startup        0x00020400      0x130
                0x00020400                __start = .
 *(.startup)
 .startup       0x00020400      0x130 C:/Program Files (x86)/NewEagle/Raptor/2021b_1.0.14409/GCM-5605B-048/lib/\GCM-5605B-048-2104.a(startup.o)
                0x00020400                _start

.core_exceptions_table
                0x00021000       0xf4
                0x00021000                __IVPR_VALUE = .
 *(.core_exceptions_table)
 .core_exceptions_table
                0x00021000       0xf4 C:/Program Files (x86)/NewEagle/Raptor/2021b_1.0.14409/GCM-5605B-048/lib/\GCM-5605B-048-2104.a(exceptions.o)
                0x00021000                VTABLE
                0x00021000                IVOR0_Vector
                0x00021010                IVOR1_Vector
                0x00021020                IVOR2_Vector
                0x00021030                IVOR3_Vector
                0x00021040                IVOR4_Vector
                0x00021050                IVOR5_Vector
                0x00021060                IVOR6_Vector
                0x00021070                IVOR7_Vector
                0x00021080                IVOR8_Vector
                0x00021090                IVOR9_Vector
                0x000210a0                IVOR10_Vector
                0x000210b0                IVOR11_Vector
                0x000210c0                IVOR12_Vector
                0x000210d0                IVOR13_Vector
                0x000210e0                IVOR14_Vector
                0x000210f0                IVOR15_Vector

.intc_vector_table
                0x00022000      0xff0
 *(.intc_vector_table)
 .intc_vector_table
                0x00022000      0xff0 C:/Program Files (x86)/NewEagle/Raptor/2021b_1.0.14409/GCM-5605B-048/lib/\GCM-5605B-048-2104.a(isr_table.o)
                0x00022000                IntcIsrVectorTable

.text           0x00022ff0    0x19f60
 *(.text.startup)
 *(.text)
 .text          0x00022ff0        0x0 c:/nxp/s32ds_power_v2.1/s32ds/build_tools/powerpc-eabivle-4_9/bin/../lib/gcc/powerpc-eabivle/4.9.4/ecrti.o
 .text          0x00022ff0      0x16c c:/nxp/s32ds_power_v2.1/s32ds/build_tools/powerpc-eabivle-4_9/bin/../lib/gcc/powerpc-eabivle/4.9.4/crtbegin.o
 .text          0x0002315c        0x0 ./objs/LIN2.o
 .text          0x0002315c        0x0 ./objs/Lightning_McSeas_VCU.o
 .text          0x0002315c        0x0 ./objs/Timer_BGND_9AY_V.o
 .text          0x0002315c        0x0 ./objs/Timer_ooqlV.o
 .text          0x0002315c        0x0 ./objs/XCP_App.o
 .text          0x0002315c        0x0 ./objs/can_935__0024.o
 .text          0x0002315c        0x0 ./objs/can_936__0024.o
 .text          0x0002315c        0x0 ./objs/data.o
 .text          0x0002315c        0x0 ./objs/hw_user.o
 .text          0x0002315c        0x0 ./objs/lin_937__0024.o
 .text          0x0002315c        0x0 ./objs/lin_general.o
 .text          0x0002315c        0x0 ./objs/raptor_printf.o
 .text          0x0002315c        0x0 ./objs/xcp_protocol.o
 .text          0x0002315c        0x0 C:/Program Files (x86)/NewEagle/Raptor/2021b_1.0.14409/GCM-5605B-048/lib/\xcp.a(xcp.o)
 .text          0x0002315c        0x0 C:/Program Files (x86)/NewEagle/Raptor/2021b_1.0.14409/GCM-5605B-048/lib/\xcp.a(xcpcan_cmd.o)
 .text          0x0002315c        0x0 C:/Program Files (x86)/NewEagle/Raptor/2021b_1.0.14409/GCM-5605B-048/lib/\xcp.a(xcpcan_getrxbuf.o)
 .text          0x0002315c        0x0 C:/Program Files (x86)/NewEagle/Raptor/2021b_1.0.14409/GCM-5605B-048/lib/\xcp.a(xcpcan_gettxbuf.o)
 .text          0x0002315c        0x0 C:/Program Files (x86)/NewEagle/Raptor/2021b_1.0.14409/GCM-5605B-048/lib/\xcp.a(xcpcan_init.o)
 .text          0x0002315c        0x0 C:/Program Files (x86)/NewEagle/Raptor/2021b_1.0.14409/GCM-5605B-048/lib/\xcp.a(xcpcan_peekrxbuf.o)
 .text          0x0002315c        0x0 C:/Program Files (x86)/NewEagle/Raptor/2021b_1.0.14409/GCM-5605B-048/lib/\xcp.a(xcpcan_rxcallback.o)
 .text          0x0002315c        0x0 C:/Program Files (x86)/NewEagle/Raptor/2021b_1.0.14409/GCM-5605B-048/lib/\xcp.a(xcpcan_rxnext.o)
 .text          0x0002315c        0x0 C:/Program Files (x86)/NewEagle/Raptor/2021b_1.0.14409/GCM-5605B-048/lib/\xcp.a(xcpcan_txcallback.o)
 .text          0x0002315c        0x0 C:/Program Files (x86)/NewEagle/Raptor/2021b_1.0.14409/GCM-5605B-048/lib/\xcp.a(xcpcan_txnext.o)
 .text          0x0002315c        0x0 C:/Program Files (x86)/NewEagle/Raptor/2021b_1.0.14409/GCM-5605B-048/lib/\xcp.a(xcp_cmd.o)
 .text          0x0002315c        0x0 C:/Program Files (x86)/NewEagle/Raptor/2021b_1.0.14409/GCM-5605B-048/lib/\xcp.a(xcp_cmdcalpage.o)
 .text          0x0002315c        0x0 C:/Program Files (x86)/NewEagle/Raptor/2021b_1.0.14409/GCM-5605B-048/lib/\xcp.a(xcp_cmdchecksum.o)
 .text          0x0002315c        0x0 C:/Program Files (x86)/NewEagle/Raptor/2021b_1.0.14409/GCM-5605B-048/lib/\xcp.a(xcp_cmdconnect.o)
 .text          0x0002315c        0x0 C:/Program Files (x86)/NewEagle/Raptor/2021b_1.0.14409/GCM-5605B-048/lib/\xcp.a(xcp_cmddaq.o)
 .text          0x0002315c        0x0 C:/Program Files (x86)/NewEagle/Raptor/2021b_1.0.14409/GCM-5605B-048/lib/\xcp.a(xcp_cmddownload.o)
 .text          0x0002315c        0x0 C:/Program Files (x86)/NewEagle/Raptor/2021b_1.0.14409/GCM-5605B-048/lib/\xcp.a(xcp_cmddyndaq.o)
 .text          0x0002315c        0x0 C:/Program Files (x86)/NewEagle/Raptor/2021b_1.0.14409/GCM-5605B-048/lib/\xcp.a(xcp_cmdflash.o)
 .text          0x0002315c        0x0 C:/Program Files (x86)/NewEagle/Raptor/2021b_1.0.14409/GCM-5605B-048/lib/\xcp.a(xcp_cmdseednkey.o)
 .text          0x0002315c        0x0 C:/Program Files (x86)/NewEagle/Raptor/2021b_1.0.14409/GCM-5605B-048/lib/\xcp.a(xcp_cmdupload.o)
 .text          0x0002315c        0x0 C:/Program Files (x86)/NewEagle/Raptor/2021b_1.0.14409/GCM-5605B-048/lib/\xcp.a(xcp_event.o)
 .text          0x0002315c        0x0 C:/Program Files (x86)/NewEagle/Raptor/2021b_1.0.14409/GCM-5605B-048/lib/\xcp.a(xcp_stim.o)
 .text          0x0002315c        0x0 C:/Program Files (x86)/NewEagle/Raptor/2021b_1.0.14409/GCM-5605B-048/lib/\xcp.a(xcp_target.o)
 .text          0x0002315c        0x0 C:/Program Files (x86)/NewEagle/Raptor/2021b_1.0.14409/GCM-5605B-048/lib/\xcp.a(SeednKey.o)
 .text          0x0002315c        0x0 C:/Program Files (x86)/NewEagle/Raptor/2021b_1.0.14409/GCM-5605B-048/lib/\xcp.a(xcp_callbacks.o)
 .text          0x0002315c        0x0 C:/Program Files (x86)/NewEagle/Raptor/2021b_1.0.14409/GCM-5605B-048/lib/\xcp.a(xcp_daq.o)
 .text          0x0002315c        0x0 C:/Program Files (x86)/NewEagle/Raptor/2021b_1.0.14409/GCM-5605B-048/lib/\GCM-5605B-048-2104.a(adc.o)
 .text          0x0002315c        0x0 C:/Program Files (x86)/NewEagle/Raptor/2021b_1.0.14409/GCM-5605B-048/lib/\GCM-5605B-048-2104.a(can.o)
 .text          0x0002315c        0x0 C:/Program Files (x86)/NewEagle/Raptor/2021b_1.0.14409/GCM-5605B-048/lib/\GCM-5605B-048-2104.a(can_config.o)
 .text          0x0002315c        0x0 C:/Program Files (x86)/NewEagle/Raptor/2021b_1.0.14409/GCM-5605B-048/lib/\GCM-5605B-048-2104.a(crc.o)
 .text          0x0002315c        0x0 C:/Program Files (x86)/NewEagle/Raptor/2021b_1.0.14409/GCM-5605B-048/lib/\GCM-5605B-048-2104.a(digital_input.o)
 .text          0x0002315c        0x0 C:/Program Files (x86)/NewEagle/Raptor/2021b_1.0.14409/GCM-5605B-048/lib/\GCM-5605B-048-2104.a(flexcan_init.o)
 .text          0x0002315c        0x0 C:/Program Files (x86)/NewEagle/Raptor/2021b_1.0.14409/GCM-5605B-048/lib/\GCM-5605B-048-2104.a(Interrupt_Init.o)
 .text          0x0002315c        0x0 C:/Program Files (x86)/NewEagle/Raptor/2021b_1.0.14409/GCM-5605B-048/lib/\GCM-5605B-048-2104.a(io_config.o)
 .text          0x0002315c        0xc C:/Program Files (x86)/NewEagle/Raptor/2021b_1.0.14409/GCM-5605B-048/lib/\GCM-5605B-048-2104.a(isr_table.o)
                0x0002315c                dummy
 .text          0x00023168        0x0 C:/Program Files (x86)/NewEagle/Raptor/2021b_1.0.14409/GCM-5605B-048/lib/\GCM-5605B-048-2104.a(lin.o)
 .text          0x00023168        0x0 C:/Program Files (x86)/NewEagle/Raptor/2021b_1.0.14409/GCM-5605B-048/lib/\GCM-5605B-048-2104.a(memory.o)
 .text          0x00023168        0x0 C:/Program Files (x86)/NewEagle/Raptor/2021b_1.0.14409/GCM-5605B-048/lib/\GCM-5605B-048-2104.a(outputs.o)
 .text          0x00023168        0x0 C:/Program Files (x86)/NewEagle/Raptor/2021b_1.0.14409/GCM-5605B-048/lib/\GCM-5605B-048-2104.a(processor_support.o)
 .text          0x00023168        0x0 C:/Program Files (x86)/NewEagle/Raptor/2021b_1.0.14409/GCM-5605B-048/lib/\GCM-5605B-048-2104.a(startup.o)
 .text          0x00023168        0x0 C:/Program Files (x86)/NewEagle/Raptor/2021b_1.0.14409/GCM-5605B-048/lib/\GCM-5605B-048-2104.a(system.o)
 .text          0x00023168        0x0 C:/Program Files (x86)/NewEagle/Raptor/2021b_1.0.14409/GCM-5605B-048/lib/\GCM-5605B-048-2104.a(sys_lib.o)
 .text          0x00023168        0x0 C:/Program Files (x86)/NewEagle/Raptor/2021b_1.0.14409/GCM-5605B-048/lib/\GCM-5605B-048-2104.a(task_scheduler.o)
 .text          0x00023168        0x0 C:/Program Files (x86)/NewEagle/Raptor/2021b_1.0.14409/GCM-5605B-048/lib/\GCM-5605B-048-2104.a(time.o)
 .text          0x00023168        0x0 C:/Program Files (x86)/NewEagle/Raptor/2021b_1.0.14409/GCM-5605B-048/lib/\GCM-5605B-048-2104.a(app_descriptor_cfg.o)
 .text          0x00023168        0x0 C:/Program Files (x86)/NewEagle/Raptor/2021b_1.0.14409/GCM-5605B-048/lib/\GCM-5605B-048-2104.a(bootmailbox.o)
 .text          0x00023168        0x0 C:/Program Files (x86)/NewEagle/Raptor/2021b_1.0.14409/GCM-5605B-048/lib/\GCM-5605B-048-2104.a(drv_diagnostics.o)
 .text          0x00023168        0x0 C:/Program Files (x86)/NewEagle/Raptor/2021b_1.0.14409/GCM-5605B-048/lib/\GCM-5605B-048-2104.a(eed_highlevel.o)
 .text          0x00023168        0x0 C:/Program Files (x86)/NewEagle/Raptor/2021b_1.0.14409/GCM-5605B-048/lib/\GCM-5605B-048-2104.a(eed_lowlevel.o)
 .text          0x00023168        0x0 C:/Program Files (x86)/NewEagle/Raptor/2021b_1.0.14409/GCM-5605B-048/lib/\GCM-5605B-048-2104.a(eed_middlelevel.o)
 .text          0x00023168        0x0 C:/Program Files (x86)/NewEagle/Raptor/2021b_1.0.14409/GCM-5605B-048/lib/\GCM-5605B-048-2104.a(ee_C90_utils.o)
 .text          0x00023168        0x0 C:/Program Files (x86)/NewEagle/Raptor/2021b_1.0.14409/GCM-5605B-048/lib/\GCM-5605B-048-2104.a(ee_config.o)
 .text          0x00023168        0x0 C:/Program Files (x86)/NewEagle/Raptor/2021b_1.0.14409/GCM-5605B-048/lib/\GCM-5605B-048-2104.a(emios_init.o)
 .text          0x00023168        0x0 C:/Program Files (x86)/NewEagle/Raptor/2021b_1.0.14409/GCM-5605B-048/lib/\GCM-5605B-048-2104.a(exceptions.o)
 *fill*         0x00023168        0x8 
 .text          0x00023170      0x160 C:/Program Files (x86)/NewEagle/Raptor/2021b_1.0.14409/GCM-5605B-048/lib/\GCM-5605B-048-2104.a(intc_sw_handlers.o)
                0x00023170                interrupt_handler
                0x000231b8                IVOR1_Handler
                0x00023244                IVOR2_Handler
 .text          0x000232d0        0x0 C:/Program Files (x86)/NewEagle/Raptor/2021b_1.0.14409/GCM-5605B-048/lib/\GCM-5605B-048-2104.a(pwm_input.o)
 .text          0x000232d0        0x0 C:/Program Files (x86)/NewEagle/Raptor/2021b_1.0.14409/GCM-5605B-048/lib/\GCM-5605B-048-2104.a(spidrv.o)
 .text          0x000232d0        0x0 C:/Program Files (x86)/NewEagle/Raptor/2021b_1.0.14409/GCM-5605B-048/lib/\GCM-5605B-048-2104.a(sysclk_init.o)
 .text          0x000232d0        0x0 C:/NXP/S32DS_Power_v2.1/S32DS/build_tools/e200_ewl2/lib\libc99.a(alloc.o)
 .text          0x000232d0        0x0 C:/NXP/S32DS_Power_v2.1/S32DS/build_tools/e200_ewl2/lib\libc99.a(rand.o)
 .text          0x000232d0        0x0 C:/NXP/S32DS_Power_v2.1/S32DS/build_tools/e200_ewl2/lib\libc99.a(memcmp.o)
 .text          0x000232d0        0x0 C:/NXP/S32DS_Power_v2.1/S32DS/build_tools/e200_ewl2/lib\libc99.a(memcpy.o)
 .text          0x000232d0        0x0 C:/NXP/S32DS_Power_v2.1/S32DS/build_tools/e200_ewl2/lib\libc99.a(memset.o)
 .text          0x000232d0        0x0 C:/NXP/S32DS_Power_v2.1/S32DS/build_tools/e200_ewl2/lib\libc99.a(__filll_mem.o)
 .text          0x000232d0        0x0 C:/NXP/S32DS_Power_v2.1/S32DS/build_tools/e200_ewl2/lib\libm.a(float.o)
 .text          0x000232d0        0x0 C:/NXP/S32DS_Power_v2.1/S32DS/build_tools/e200_ewl2/lib\libm.a(math_api.o)
 .text          0x000232d0       0x30 c:/nxp/s32ds_power_v2.1/s32ds/build_tools/powerpc-eabivle-4_9/bin/../lib/gcc/powerpc-eabivle/4.9.4\libgcc.a(_lshrdi3.o)
                0x000232d0                __lshrdi3
 .text          0x00023300       0x30 c:/nxp/s32ds_power_v2.1/s32ds/build_tools/powerpc-eabivle-4_9/bin/../lib/gcc/powerpc-eabivle/4.9.4\libgcc.a(_ashldi3.o)
                0x00023300                __ashldi3
 .text          0x00023330       0x44 c:/nxp/s32ds_power_v2.1/s32ds/build_tools/powerpc-eabivle-4_9/bin/../lib/gcc/powerpc-eabivle/4.9.4\libgcc.a(_fixunssfsi.o)
                0x00023330                __fixunssfsi
 .text          0x00023374       0x58 c:/nxp/s32ds_power_v2.1/s32ds/build_tools/powerpc-eabivle-4_9/bin/../lib/gcc/powerpc-eabivle/4.9.4\libgcc.a(_fixunsdfsi.o)
                0x00023374                __fixunsdfsi
 *fill*         0x000233cc        0x0 
 .text          0x000233cc      0x328 c:/nxp/s32ds_power_v2.1/s32ds/build_tools/powerpc-eabivle-4_9/bin/../lib/gcc/powerpc-eabivle/4.9.4\libgcc.a(_udivdi3.o)
                0x000233cc                __udivdi3
 .text          0x000236f4      0x2e4 c:/nxp/s32ds_power_v2.1/s32ds/build_tools/powerpc-eabivle-4_9/bin/../lib/gcc/powerpc-eabivle/4.9.4\libgcc.a(_umoddi3.o)
                0x000236f4                __umoddi3
 *fill*         0x000239d8        0x0 
 .text          0x000239d8      0x244 c:/nxp/s32ds_power_v2.1/s32ds/build_tools/powerpc-eabivle-4_9/bin/../lib/gcc/powerpc-eabivle/4.9.4\libgcc.a(_addsub_sf.o)
                0x00023b7c                __addsf3
                0x00023bc8                __subsf3
 *fill*         0x00023c1c        0x0 
 .text          0x00023c1c      0x184 c:/nxp/s32ds_power_v2.1/s32ds/build_tools/powerpc-eabivle-4_9/bin/../lib/gcc/powerpc-eabivle/4.9.4\libgcc.a(_mul_sf.o)
                0x00023c1c                __mulsf3
 .text          0x00023da0       0xfc c:/nxp/s32ds_power_v2.1/s32ds/build_tools/powerpc-eabivle-4_9/bin/../lib/gcc/powerpc-eabivle/4.9.4\libgcc.a(_div_sf.o)
                0x00023da0                __divsf3
 .text          0x00023e9c       0x5c c:/nxp/s32ds_power_v2.1/s32ds/build_tools/powerpc-eabivle-4_9/bin/../lib/gcc/powerpc-eabivle/4.9.4\libgcc.a(_gt_sf.o)
                0x00023e9c                __gtsf2
 *fill*         0x00023ef8        0x0 
 .text          0x00023ef8       0x5c c:/nxp/s32ds_power_v2.1/s32ds/build_tools/powerpc-eabivle-4_9/bin/../lib/gcc/powerpc-eabivle/4.9.4\libgcc.a(_ge_sf.o)
                0x00023ef8                __gesf2
 *fill*         0x00023f54        0x0 
 .text          0x00023f54       0x5c c:/nxp/s32ds_power_v2.1/s32ds/build_tools/powerpc-eabivle-4_9/bin/../lib/gcc/powerpc-eabivle/4.9.4\libgcc.a(_lt_sf.o)
                0x00023f54                __ltsf2
 *fill*         0x00023fb0        0x0 
 .text          0x00023fb0       0x5c c:/nxp/s32ds_power_v2.1/s32ds/build_tools/powerpc-eabivle-4_9/bin/../lib/gcc/powerpc-eabivle/4.9.4\libgcc.a(_le_sf.o)
                0x00023fb0                __lesf2
 *fill*         0x0002400c        0x0 
 .text          0x0002400c       0x6c c:/nxp/s32ds_power_v2.1/s32ds/build_tools/powerpc-eabivle-4_9/bin/../lib/gcc/powerpc-eabivle/4.9.4\libgcc.a(_si_to_sf.o)
                0x0002400c                __floatsisf
 *fill*         0x00024078        0x0 
 .text          0x00024078       0x88 c:/nxp/s32ds_power_v2.1/s32ds/build_tools/powerpc-eabivle-4_9/bin/../lib/gcc/powerpc-eabivle/4.9.4\libgcc.a(_sf_to_si.o)
                0x00024078                __fixsfsi
 .text          0x00024100       0x38 c:/nxp/s32ds_power_v2.1/s32ds/build_tools/powerpc-eabivle-4_9/bin/../lib/gcc/powerpc-eabivle/4.9.4\libgcc.a(_sf_to_df.o)
                0x00024100                __extendsfdf2
 .text          0x00024138        0x0 c:/nxp/s32ds_power_v2.1/s32ds/build_tools/powerpc-eabivle-4_9/bin/../lib/gcc/powerpc-eabivle/4.9.4\libgcc.a(_thenan_sf.o)
 .text          0x00024138       0x84 c:/nxp/s32ds_power_v2.1/s32ds/build_tools/powerpc-eabivle-4_9/bin/../lib/gcc/powerpc-eabivle/4.9.4\libgcc.a(_usi_to_sf.o)
                0x00024138                __floatunsisf
 .text          0x000241bc      0x380 c:/nxp/s32ds_power_v2.1/s32ds/build_tools/powerpc-eabivle-4_9/bin/../lib/gcc/powerpc-eabivle/4.9.4\libgcc.a(_addsub_df.o)
                0x0002447c                __adddf3
                0x000244d8                __subdf3
 *fill*         0x0002453c        0x0 
 .text          0x0002453c      0x26c c:/nxp/s32ds_power_v2.1/s32ds/build_tools/powerpc-eabivle-4_9/bin/../lib/gcc/powerpc-eabivle/4.9.4\libgcc.a(_mul_df.o)
                0x0002453c                __muldf3
 .text          0x000247a8      0x180 c:/nxp/s32ds_power_v2.1/s32ds/build_tools/powerpc-eabivle-4_9/bin/../lib/gcc/powerpc-eabivle/4.9.4\libgcc.a(_div_df.o)
                0x000247a8                __divdf3
 *fill*         0x00024928        0x0 
 .text          0x00024928       0x64 c:/nxp/s32ds_power_v2.1/s32ds/build_tools/powerpc-eabivle-4_9/bin/../lib/gcc/powerpc-eabivle/4.9.4\libgcc.a(_ne_df.o)
                0x00024928                __nedf2
 .text          0x0002498c       0x64 c:/nxp/s32ds_power_v2.1/s32ds/build_tools/powerpc-eabivle-4_9/bin/../lib/gcc/powerpc-eabivle/4.9.4\libgcc.a(_gt_df.o)
                0x0002498c                __gtdf2
 .text          0x000249f0       0x64 c:/nxp/s32ds_power_v2.1/s32ds/build_tools/powerpc-eabivle-4_9/bin/../lib/gcc/powerpc-eabivle/4.9.4\libgcc.a(_ge_df.o)
                0x000249f0                __gedf2
 .text          0x00024a54       0x64 c:/nxp/s32ds_power_v2.1/s32ds/build_tools/powerpc-eabivle-4_9/bin/../lib/gcc/powerpc-eabivle/4.9.4\libgcc.a(_lt_df.o)
                0x00024a54                __ltdf2
 .text          0x00024ab8       0x64 c:/nxp/s32ds_power_v2.1/s32ds/build_tools/powerpc-eabivle-4_9/bin/../lib/gcc/powerpc-eabivle/4.9.4\libgcc.a(_le_df.o)
                0x00024ab8                __ledf2
 .text          0x00024b1c       0x84 c:/nxp/s32ds_power_v2.1/s32ds/build_tools/powerpc-eabivle-4_9/bin/../lib/gcc/powerpc-eabivle/4.9.4\libgcc.a(_si_to_df.o)
                0x00024b1c                __floatsidf
 .text          0x00024ba0       0xac c:/nxp/s32ds_power_v2.1/s32ds/build_tools/powerpc-eabivle-4_9/bin/../lib/gcc/powerpc-eabivle/4.9.4\libgcc.a(_df_to_si.o)
                0x00024ba0                __fixdfsi
 .text          0x00024c4c       0x28 c:/nxp/s32ds_power_v2.1/s32ds/build_tools/powerpc-eabivle-4_9/bin/../lib/gcc/powerpc-eabivle/4.9.4\libgcc.a(_make_df.o)
                0x00024c4c                __make_dp
 .text          0x00024c74        0x0 c:/nxp/s32ds_power_v2.1/s32ds/build_tools/powerpc-eabivle-4_9/bin/../lib/gcc/powerpc-eabivle/4.9.4\libgcc.a(_thenan_df.o)
 *fill*         0x00024c74        0x0 
 .text          0x00024c74       0x70 c:/nxp/s32ds_power_v2.1/s32ds/build_tools/powerpc-eabivle-4_9/bin/../lib/gcc/powerpc-eabivle/4.9.4\libgcc.a(_usi_to_df.o)
                0x00024c74                __floatunsidf
 .text          0x00024ce4       0x54 c:/nxp/s32ds_power_v2.1/s32ds/build_tools/powerpc-eabivle-4_9/bin/../lib/gcc/powerpc-eabivle/4.9.4\libgcc.a(e200crtresxgpr.o)
                0x00024ce4                _restgpr_14_x
                0x00024ce8                _restgpr_15_x
                0x00024cec                _restgpr_16_x
                0x00024cf0                _restgpr_17_x
                0x00024cf4                _restgpr_18_x
                0x00024cf8                _restgpr_19_x
                0x00024cfc                _restgpr_20_x
                0x00024d00                _restgpr_21_x
                0x00024d04                _restgpr_22_x
                0x00024d08                _restgpr_23_x
                0x00024d0c                _restgpr_24_x
                0x00024d10                _restgpr_25_x
                0x00024d14                _restgpr_26_x
                0x00024d18                _restgpr_27_x
                0x00024d1c                _restgpr_28_x
                0x00024d20                _restgpr_29_x
                0x00024d24                _restgpr_30_x
                0x00024d28                _restgpr_31_x
 *fill*         0x00024d38        0x0 
 .text          0x00024d38      0x118 c:/nxp/s32ds_power_v2.1/s32ds/build_tools/powerpc-eabivle-4_9/bin/../lib/gcc/powerpc-eabivle/4.9.4\libgcc.a(_pack_sf.o)
                0x00024d38                __pack_f
 .text          0x00024e50       0x80 c:/nxp/s32ds_power_v2.1/s32ds/build_tools/powerpc-eabivle-4_9/bin/../lib/gcc/powerpc-eabivle/4.9.4\libgcc.a(_unpack_sf.o)
                0x00024e50                __unpack_f
 .text          0x00024ed0       0xb0 c:/nxp/s32ds_power_v2.1/s32ds/build_tools/powerpc-eabivle-4_9/bin/../lib/gcc/powerpc-eabivle/4.9.4\libgcc.a(_fpcmp_parts_sf.o)
                0x00024ed0                __fpcmp_parts_f
 *fill*         0x00024f80        0x0 
 .text          0x00024f80      0x1e8 c:/nxp/s32ds_power_v2.1/s32ds/build_tools/powerpc-eabivle-4_9/bin/../lib/gcc/powerpc-eabivle/4.9.4\libgcc.a(_pack_df.o)
                0x00024f80                __pack_d
 *fill*         0x00025168        0x0 
 .text          0x00025168       0xb0 c:/nxp/s32ds_power_v2.1/s32ds/build_tools/powerpc-eabivle-4_9/bin/../lib/gcc/powerpc-eabivle/4.9.4\libgcc.a(_unpack_df.o)
                0x00025168                __unpack_d
 .text          0x00025218       0xc8 c:/nxp/s32ds_power_v2.1/s32ds/build_tools/powerpc-eabivle-4_9/bin/../lib/gcc/powerpc-eabivle/4.9.4\libgcc.a(_fpcmp_parts_df.o)
                0x00025218                __fpcmp_parts_d
 *fill*         0x000252e0        0x0 
 .text          0x000252e0       0x48 c:/nxp/s32ds_power_v2.1/s32ds/build_tools/powerpc-eabivle-4_9/bin/../lib/gcc/powerpc-eabivle/4.9.4/crtend.o
 .text          0x00025328        0x0 c:/nxp/s32ds_power_v2.1/s32ds/build_tools/powerpc-eabivle-4_9/bin/../lib/gcc/powerpc-eabivle/4.9.4/ecrtn.o
 *(.text.*)
 .text.LIN2_SetSchedule
                0x00025328       0x20 ./objs/LIN2.o
                0x00025328                LIN2_SetSchedule
 *fill*         0x00025348        0x0 
 .text.LIN2_GetSchedule
                0x00025348       0x1c ./objs/LIN2.o
                0x00025348                LIN2_GetSchedule
 .text.LIN2_GetStatus
                0x00025364       0x28 ./objs/LIN2.o
                0x00025364                LIN2_GetStatus
 *fill*         0x0002538c        0x0 
 .text.Lightning_McSeas_VCU_Background_Init
                0x0002538c       0x34 ./objs/Lightning_McSeas_VCU.o
                0x0002538c                Lightning_McSeas_VCU_Background_Init
 .text.Lightning_McSeas_VCU_Background_Reset
                0x000253c0       0x34 ./objs/Lightning_McSeas_VCU.o
                0x000253c0                Lightning_McSeas_VCU_Background_Reset
 .text.Lightning_McSeas_VCU_Background
                0x000253f4      0x414 ./objs/Lightning_McSeas_VCU.o
                0x000253f4                Lightning_McSeas_VCU_Background
 .text.Lightning_McSeas_VCU_Foreground_Init
                0x00025808       0x1c ./objs/Lightning_McSeas_VCU.o
                0x00025808                Lightning_McSeas_VCU_Foreground_Init
 .text.Lightning_McSeas_VCU_Foreground_Enable
                0x00025824       0x3c ./objs/Lightning_McSeas_VCU.o
                0x00025824                Lightning_McSeas_VCU_Foreground_Enable
 *fill*         0x00025860        0x0 
 .text.Lightning_McSeas_VCU_Foreground_Disable
                0x00025860       0x3c ./objs/Lightning_McSeas_VCU.o
                0x00025860                Lightning_McSeas_VCU_Foreground_Disable
 *fill*         0x0002589c        0x0 
 .text.Lightning_McSeas_VCU_Foreground
                0x0002589c      0x6c0 ./objs/Lightning_McSeas_VCU.o
                0x0002589c                Lightning_McSeas_VCU_Foreground
 .text.Lightning_McSeas_VCU_step
                0x00025f5c        0x2 ./objs/Lightning_McSeas_VCU.o
                0x00025f5c                Lightning_McSeas_VCU_step
 *fill*         0x00025f5e        0x2 
 .text.Lightning_McSeas_VCU_initialize
                0x00025f60       0x60 ./objs/Lightning_McSeas_VCU.o
                0x00025f60                Lightning_McSeas_VCU_initialize
 .text.Lightning_McSeas_VCU_terminate
                0x00025fc0        0x2 ./objs/Lightning_McSeas_VCU.o
                0x00025fc0                Lightning_McSeas_VCU_terminate
 *fill*         0x00025fc2        0x2 
 .text.Timer_BGND_9AY_V
                0x00025fc4       0x14 ./objs/Timer_BGND_9AY_V.o
                0x00025fc4                Timer_BGND_9AY_V
 .text.Timer_ooqlV
                0x00025fd8       0x14 ./objs/Timer_ooqlV.o
                0x00025fd8                Timer_ooqlV
 .text.XCP_TX_CALLBACK_HANDLER
                0x00025fec       0x24 ./objs/XCP_App.o
                0x00025fec                XCP_TX_CALLBACK_HANDLER
 .text.RxTrig_XCP_BC_CAN1
                0x00026010       0x4c ./objs/XCP_App.o
                0x00026010                RxTrig_XCP_BC_CAN1
 *fill*         0x0002605c        0x0 
 .text.RxTrig_XCP_CMD_CAN1
                0x0002605c       0x4c ./objs/XCP_App.o
                0x0002605c                RxTrig_XCP_CMD_CAN1
 *fill*         0x000260a8        0x0 
 .text.XcpApp_CanTransmit
                0x000260a8       0x4c ./objs/XCP_App.o
                0x000260a8                XcpApp_CanTransmit
 *fill*         0x000260f4        0x0 
 .text.CAN1_XCP_CAN_PreStart
                0x000260f4       0x44 ./objs/XCP_App.o
                0x000260f4                CAN1_XCP_CAN_PreStart
 *fill*         0x00026138        0x0 
 .text.Timed_Trigger_XCP
                0x00026138       0xd8 ./objs/XCP_App.o
                0x00026138                Timed_Trigger_XCP
 .text.CAN_CAN1_get_baud_rate
                0x00026210        0x8 ./objs/can_935__0024.o
                0x00026210                CAN_CAN1_get_baud_rate
 *fill*         0x00026218        0x0 
 .text.pre_start_CAN_935__0024
                0x00026218        0x2 ./objs/can_935__0024.o
                0x00026218                pre_start_CAN_935__0024
 *fill*         0x0002621a        0x2 
 .text.rxFn_RxTrig_XCP_BC_CAN1
                0x0002621c       0xd8 ./objs/can_935__0024.o
                0x0002621c                rxFn_RxTrig_XCP_BC_CAN1
 .text.can_init_rxIdRxTrig_XCP_BC_CAN1
                0x000262f4       0x14 ./objs/can_935__0024.o
                0x000262f4                can_init_rxIdRxTrig_XCP_BC_CAN1
 *fill*         0x00026308        0x0 
 .text.can_get_RxTrig_XCP_BC_CAN1
                0x00026308       0xe8 ./objs/can_935__0024.o
                0x00026308                can_get_RxTrig_XCP_BC_CAN1
 *fill*         0x000263f0        0x0 
 .text.rxFn_RxTrig_XCP_CMD_CAN1
                0x000263f0       0xd8 ./objs/can_935__0024.o
                0x000263f0                rxFn_RxTrig_XCP_CMD_CAN1
 .text.can_init_rxIdRxTrig_XCP_CMD_CAN1
                0x000264c8       0x14 ./objs/can_935__0024.o
                0x000264c8                can_init_rxIdRxTrig_XCP_CMD_CAN1
 *fill*         0x000264dc        0x0 
 .text.can_get_RxTrig_XCP_CMD_CAN1
                0x000264dc       0xe8 ./objs/can_935__0024.o
                0x000264dc                can_get_RxTrig_XCP_CMD_CAN1
 *fill*         0x000265c4        0x0 
 .text.can_get_uds_receive
                0x000265c4       0xe8 ./objs/can_935__0024.o
                0x000265c4                can_get_uds_receive
 *fill*         0x000266ac        0x0 
 .text.can_send_8__0006
                0x000266ac       0x1c ./objs/can_935__0024.o
                0x000266ac                can_send_8__0006
 .text.can_update_8__0006
                0x000266c8        0x2 ./objs/can_935__0024.o
                0x000266c8                can_update_8__0006
 *fill*         0x000266ca        0x2 
 .text.can_set_period_8__0006
                0x000266cc        0xc ./objs/can_935__0024.o
                0x000266cc                can_set_period_8__0006
 .text.can_send_72__0006
                0x000266d8       0x1c ./objs/can_935__0024.o
                0x000266d8                can_send_72__0006
 .text.can_update_72__0006
                0x000266f4        0x2 ./objs/can_935__0024.o
                0x000266f4                can_update_72__0006
 *fill*         0x000266f6        0x2 
 .text.can_set_period_72__0006
                0x000266f8        0xc ./objs/can_935__0024.o
                0x000266f8                can_set_period_72__0006
 .text.can_send_71__0009
                0x00026704       0x1c ./objs/can_935__0024.o
                0x00026704                can_send_71__0009
 .text.can_update_71__0009
                0x00026720        0x2 ./objs/can_935__0024.o
                0x00026720                can_update_71__0009
 *fill*         0x00026722        0x2 
 .text.can_set_period_71__0009
                0x00026724        0xc ./objs/can_935__0024.o
                0x00026724                can_set_period_71__0009
 .text.can_send_158__0006
                0x00026730       0x1c ./objs/can_935__0024.o
                0x00026730                can_send_158__0006
 .text.can_update_158__0006
                0x0002674c        0x2 ./objs/can_935__0024.o
                0x0002674c                can_update_158__0006
 *fill*         0x0002674e        0x2 
 .text.can_set_period_158__0006
                0x00026750        0xc ./objs/can_935__0024.o
                0x00026750                can_set_period_158__0006
 .text.can_send_446__0009
                0x0002675c       0x1c ./objs/can_935__0024.o
                0x0002675c                can_send_446__0009
 .text.can_update_446__0009
                0x00026778        0x2 ./objs/can_935__0024.o
                0x00026778                can_update_446__0009
 *fill*         0x0002677a        0x2 
 .text.can_set_period_446__0009
                0x0002677c        0xc ./objs/can_935__0024.o
                0x0002677c                can_set_period_446__0009
 .text.can_send_447__0006
                0x00026788       0x1c ./objs/can_935__0024.o
                0x00026788                can_send_447__0006
 .text.can_update_447__0006
                0x000267a4        0x2 ./objs/can_935__0024.o
                0x000267a4                can_update_447__0006
 *fill*         0x000267a6        0x2 
 .text.can_set_period_447__0006
                0x000267a8        0xc ./objs/can_935__0024.o
                0x000267a8                can_set_period_447__0006
 .text.can_send_485__0006
                0x000267b4       0x1c ./objs/can_935__0024.o
                0x000267b4                can_send_485__0006
 .text.can_update_485__0006
                0x000267d0        0x2 ./objs/can_935__0024.o
                0x000267d0                can_update_485__0006
 *fill*         0x000267d2        0x2 
 .text.can_set_period_485__0006
                0x000267d4        0xc ./objs/can_935__0024.o
                0x000267d4                can_set_period_485__0006
 .text.can_send_Tx_XCP_CAN1
                0x000267e0       0x20 ./objs/can_935__0024.o
                0x000267e0                can_send_Tx_XCP_CAN1
 .text.can_update_Tx_XCP_CAN1
                0x00026800        0x2 ./objs/can_935__0024.o
                0x00026800                can_update_Tx_XCP_CAN1
 *fill*         0x00026802        0x2 
 .text.can_set_period_Tx_XCP_CAN1
                0x00026804        0xc ./objs/can_935__0024.o
                0x00026804                can_set_period_Tx_XCP_CAN1
 .text.can_send_uds_send
                0x00026810       0x1c ./objs/can_935__0024.o
                0x00026810                can_send_uds_send
 .text.uds_request_trigger
                0x0002682c       0xa0 ./objs/can_935__0024.o
                0x0002682c                uds_request_trigger
 .text.rxFn_uds_receive
                0x000268cc       0xd8 ./objs/can_935__0024.o
                0x000268cc                rxFn_uds_receive
 .text.CAN_ReceiveDispatch_935__0024
                0x000269a4       0x84 ./objs/can_935__0024.o
                0x000269a4                CAN_ReceiveDispatch_935__0024
 .text.can_update_uds_send
                0x00026a28        0x2 ./objs/can_935__0024.o
                0x00026a28                can_update_uds_send
 *fill*         0x00026a2a        0x2 
 .text.can_set_period_uds_send
                0x00026a2c        0xc ./objs/can_935__0024.o
                0x00026a2c                can_set_period_uds_send
 .text.post_start_CAN_935__0024
                0x00026a38       0x40 ./objs/can_935__0024.o
                0x00026a38                post_start_CAN_935__0024
 .text.CAN_CAN2_get_baud_rate
                0x00026a78        0x8 ./objs/can_936__0024.o
                0x00026a78                CAN_CAN2_get_baud_rate
 *fill*         0x00026a80        0x0 
 .text.pre_start_CAN_936__0024
                0x00026a80        0x2 ./objs/can_936__0024.o
                0x00026a80                pre_start_CAN_936__0024
 *fill*         0x00026a82        0x2 
 .text.rxFn_472__0006
                0x00026a84       0xc0 ./objs/can_936__0024.o
                0x00026a84                rxFn_472__0006
 .text.can_get_472__0006
                0x00026b44       0xe8 ./objs/can_936__0024.o
                0x00026b44                can_get_472__0006
 *fill*         0x00026c2c        0x0 
 .text.rxFn_474__0006
                0x00026c2c       0xc0 ./objs/can_936__0024.o
                0x00026c2c                rxFn_474__0006
 .text.can_get_474__0006
                0x00026cec       0xe8 ./objs/can_936__0024.o
                0x00026cec                can_get_474__0006
 *fill*         0x00026dd4        0x0 
 .text.rxFn_473__0006
                0x00026dd4       0xc0 ./objs/can_936__0024.o
                0x00026dd4                rxFn_473__0006
 .text.CAN_ReceiveDispatch_936__0024
                0x00026e94       0x94 ./objs/can_936__0024.o
                0x00026e94                CAN_ReceiveDispatch_936__0024
 *fill*         0x00026f28        0x0 
 .text.can_get_473__0006
                0x00026f28       0xe8 ./objs/can_936__0024.o
                0x00026f28                can_get_473__0006
 *fill*         0x00027010        0x0 
 .text.post_start_CAN_936__0024
                0x00027010       0x40 ./objs/can_936__0024.o
                0x00027010                post_start_CAN_936__0024
 .text.initRAMVariables
                0x00027050       0x20 ./objs/data.o
                0x00027050                initRAMVariables
 *fill*         0x00027070        0x0 
 .text.initCONSTVariables
                0x00027070        0x2 ./objs/data.o
                0x00027070                initCONSTVariables
 *fill*         0x00027072        0x2 
 .text.App_EE_Defaults
                0x00027074       0x30 ./objs/data.o
                0x00027074                App_EE_Defaults
 .text.read_eeprom
                0x000270a4       0x70 ./objs/data.o
                0x000270a4                read_eeprom
 *fill*         0x00027114        0x0 
 .text.App_EE_Init
                0x00027114       0xe8 ./objs/data.o
                0x00027114                App_EE_Init
 *fill*         0x000271fc        0x0 
 .text.App_EE_Write
                0x000271fc       0xec ./objs/data.o
                0x000271fc                App_EE_Write
 *fill*         0x000272e8        0x0 
 .text.App_EE_Store
                0x000272e8       0x2c ./objs/data.o
                0x000272e8                App_EE_Store
 .text.Thread_Background
                0x00027314       0x14 ./objs/hw_user.o
                0x00027314                Thread_Background
 .text.Thread_ModelStep
                0x00027328       0x24 ./objs/hw_user.o
                0x00027328                Thread_ModelStep
 *fill*         0x0002734c        0x0 
 .text.Thread_Foreground
                0x0002734c       0x2c ./objs/hw_user.o
                0x0002734c                Thread_Foreground
 *fill*         0x00027378        0x0 
 .text.ClearLongestRunTimers
                0x00027378       0x28 ./objs/hw_user.o
                0x00027378                ClearLongestRunTimers
 .text.App_Startup
                0x000273a0        0xc ./objs/hw_user.o
                0x000273a0                App_Startup
 .text.App_Shutdown
                0x000273ac        0xc ./objs/hw_user.o
                0x000273ac                App_Shutdown
 .text.application_int
                0x000273b8       0xf4 ./objs/hw_user.o
                0x000273b8                application_int
 .text.Raptor_LIN_Init
                0x000274ac       0x20 ./objs/lin_general.o
                0x000274ac                Raptor_LIN_Init
 .text._out_buffer
                0x000274cc        0xc ./objs/raptor_printf.o
 .text._out_null
                0x000274d8        0x2 ./objs/raptor_printf.o
 *fill*         0x000274da        0x2 
 .text._out_char
                0x000274dc        0x2 ./objs/raptor_printf.o
 *fill*         0x000274de        0x2 
 .text._out_fct
                0x000274e0       0x20 ./objs/raptor_printf.o
 *fill*         0x00027500        0x0 
 .text._out_rev
                0x00027500       0xe0 ./objs/raptor_printf.o
 .text._ntoa_format
                0x000275e0      0x228 ./objs/raptor_printf.o
 *fill*         0x00027808        0x0 
 .text._ntoa_long
                0x00027808       0xc0 ./objs/raptor_printf.o
 .text._ntoa_long_long
                0x000278c8       0xfc ./objs/raptor_printf.o
 *fill*         0x000279c4        0x0 
 .text._etoa    0x000279c4      0x3b8 ./objs/raptor_printf.o
 .text._ftoa    0x00027d7c      0x540 ./objs/raptor_printf.o
 .text._vsnprintf
                0x000282bc      0xa94 ./objs/raptor_printf.o
 .text._putchar
                0x00028d50        0x2 ./objs/raptor_printf.o
                0x00028d50                _putchar
 *fill*         0x00028d52        0x2 
 .text.printf_  0x00028d54       0x54 ./objs/raptor_printf.o
                0x00028d54                printf_
 *fill*         0x00028da8        0x0 
 .text.sprintf_
                0x00028da8       0x50 ./objs/raptor_printf.o
                0x00028da8                sprintf_
 .text.snprintf_
                0x00028df8       0x50 ./objs/raptor_printf.o
                0x00028df8                snprintf_
 .text.vprintf_
                0x00028e48       0x28 ./objs/raptor_printf.o
                0x00028e48                vprintf_
 *fill*         0x00028e70        0x0 
 .text.vsnprintf_
                0x00028e70       0x2c ./objs/raptor_printf.o
                0x00028e70                vsnprintf_
 *fill*         0x00028e9c        0x0 
 .text.fctprintf
                0x00028e9c       0x58 ./objs/raptor_printf.o
                0x00028e9c                fctprintf
 *fill*         0x00028ef4        0x0 
 .text.Xcp_Initialize
                0x00028ef4       0x8c C:/Program Files (x86)/NewEagle/Raptor/2021b_1.0.14409/GCM-5605B-048/lib/\xcp.a(xcp.o)
                0x00028ef4                Xcp_Initialize
 *fill*         0x00028f80        0x0 
 .text.Xcp_CmdProcessor
                0x00028f80      0x220 C:/Program Files (x86)/NewEagle/Raptor/2021b_1.0.14409/GCM-5605B-048/lib/\xcp.a(xcp.o)
                0x00028f80                Xcp_CmdProcessor
 *fill*         0x000291a0        0x0 
 .text.XcpCan_CmdGetSlaveId
                0x000291a0       0xe4 C:/Program Files (x86)/NewEagle/Raptor/2021b_1.0.14409/GCM-5605B-048/lib/\xcp.a(xcpcan_cmd.o)
                0x000291a0                XcpCan_CmdGetSlaveId
 .text.XcpCan_CmdGetDaqId
                0x00029284       0xa4 C:/Program Files (x86)/NewEagle/Raptor/2021b_1.0.14409/GCM-5605B-048/lib/\xcp.a(xcpcan_cmd.o)
                0x00029284                XcpCan_CmdGetDaqId
 .text.XcpCan_CmdSetDaqId
                0x00029328       0x94 C:/Program Files (x86)/NewEagle/Raptor/2021b_1.0.14409/GCM-5605B-048/lib/\xcp.a(xcpcan_cmd.o)
                0x00029328                XcpCan_CmdSetDaqId
 .text.XcpCan_CmdProc
                0x000293bc       0x50 C:/Program Files (x86)/NewEagle/Raptor/2021b_1.0.14409/GCM-5605B-048/lib/\xcp.a(xcpcan_cmd.o)
                0x000293bc                XcpCan_CmdProc
 .text.XcpCan_GetRxBuf
                0x0002940c       0x34 C:/Program Files (x86)/NewEagle/Raptor/2021b_1.0.14409/GCM-5605B-048/lib/\xcp.a(xcpcan_getrxbuf.o)
                0x0002940c                XcpCan_GetRxBuf
 *fill*         0x00029440        0x0 
 .text.XcpCan_GetTxBuf
                0x00029440       0x34 C:/Program Files (x86)/NewEagle/Raptor/2021b_1.0.14409/GCM-5605B-048/lib/\xcp.a(xcpcan_gettxbuf.o)
                0x00029440                XcpCan_GetTxBuf
 .text.XcpCan_ResetDaqList
                0x00029474       0x80 C:/Program Files (x86)/NewEagle/Raptor/2021b_1.0.14409/GCM-5605B-048/lib/\xcp.a(xcpcan_init.o)
                0x00029474                XcpCan_ResetDaqList
 .text.XcpCan_Initialize
                0x000294f4       0x74 C:/Program Files (x86)/NewEagle/Raptor/2021b_1.0.14409/GCM-5605B-048/lib/\xcp.a(xcpcan_init.o)
                0x000294f4                XcpCan_Initialize
 *fill*         0x00029568        0x0 
 .text.XcpCan_PeekRxBuf
                0x00029568       0x54 C:/Program Files (x86)/NewEagle/Raptor/2021b_1.0.14409/GCM-5605B-048/lib/\xcp.a(xcpcan_peekrxbuf.o)
                0x00029568                XcpCan_PeekRxBuf
 *fill*         0x000295bc        0x0 
 .text.XcpCan_RxCallback
                0x000295bc      0x19c C:/Program Files (x86)/NewEagle/Raptor/2021b_1.0.14409/GCM-5605B-048/lib/\xcp.a(xcpcan_rxcallback.o)
                0x000295bc                XcpCan_RxCallback
 .text.XcpCan_RxNext
                0x00029758       0x54 C:/Program Files (x86)/NewEagle/Raptor/2021b_1.0.14409/GCM-5605B-048/lib/\xcp.a(xcpcan_rxnext.o)
                0x00029758                XcpCan_RxNext
 .text.XcpCan_TxCallback
                0x000297ac      0x154 C:/Program Files (x86)/NewEagle/Raptor/2021b_1.0.14409/GCM-5605B-048/lib/\xcp.a(xcpcan_txcallback.o)
                0x000297ac                XcpCan_TxCallback
 .text.XcpCan_DoTransmit
                0x00029900       0xc8 C:/Program Files (x86)/NewEagle/Raptor/2021b_1.0.14409/GCM-5605B-048/lib/\xcp.a(xcpcan_txnext.o)
                0x00029900                XcpCan_DoTransmit
 *fill*         0x000299c8        0x0 
 .text.XcpCan_TxNext
                0x000299c8       0xe0 C:/Program Files (x86)/NewEagle/Raptor/2021b_1.0.14409/GCM-5605B-048/lib/\xcp.a(xcpcan_txnext.o)
                0x000299c8                XcpCan_TxNext
 *fill*         0x00029aa8        0x0 
 .text.Xcp_CmdUnknown
                0x00029aa8       0x14 C:/Program Files (x86)/NewEagle/Raptor/2021b_1.0.14409/GCM-5605B-048/lib/\xcp.a(xcp_cmd.o)
                0x00029aa8                Xcp_CmdUnknown
 *fill*         0x00029abc        0x0 
 .text.Xcp_CmdGetStatus
                0x00029abc       0xa4 C:/Program Files (x86)/NewEagle/Raptor/2021b_1.0.14409/GCM-5605B-048/lib/\xcp.a(xcp_cmd.o)
                0x00029abc                Xcp_CmdGetStatus
 .text.Xcp_CmdSynch
                0x00029b60       0x14 C:/Program Files (x86)/NewEagle/Raptor/2021b_1.0.14409/GCM-5605B-048/lib/\xcp.a(xcp_cmd.o)
                0x00029b60                Xcp_CmdSynch
 *fill*         0x00029b74        0x0 
 .text.Xcp_CmdSetMta
                0x00029b74       0x5c C:/Program Files (x86)/NewEagle/Raptor/2021b_1.0.14409/GCM-5605B-048/lib/\xcp.a(xcp_cmd.o)
                0x00029b74                Xcp_CmdSetMta
 .text.Xcp_CmdGetId
                0x00029bd0      0x2b0 C:/Program Files (x86)/NewEagle/Raptor/2021b_1.0.14409/GCM-5605B-048/lib/\xcp.a(xcp_cmd.o)
                0x00029bd0                Xcp_CmdGetId
 .text.Xcp_CmdGetCommModeInfo
                0x00029e80       0x1c C:/Program Files (x86)/NewEagle/Raptor/2021b_1.0.14409/GCM-5605B-048/lib/\xcp.a(xcp_cmd.o)
                0x00029e80                Xcp_CmdGetCommModeInfo
 *fill*         0x00029e9c        0x0 
 .text.Xcp_CmdTransportLayer
                0x00029e9c       0x44 C:/Program Files (x86)/NewEagle/Raptor/2021b_1.0.14409/GCM-5605B-048/lib/\xcp.a(xcp_cmd.o)
                0x00029e9c                Xcp_CmdTransportLayer
 *fill*         0x00029ee0        0x0 
 .text.Xcp_StoreCalReq
                0x00029ee0      0x190 C:/Program Files (x86)/NewEagle/Raptor/2021b_1.0.14409/GCM-5605B-048/lib/\xcp.a(xcp_cmd.o)
                0x00029ee0                Xcp_StoreCalReq
 *fill*         0x0002a070        0x0 
 .text.Xcp_CmdSetRequest
                0x0002a070       0x38 C:/Program Files (x86)/NewEagle/Raptor/2021b_1.0.14409/GCM-5605B-048/lib/\xcp.a(xcp_cmd.o)
                0x0002a070                Xcp_CmdSetRequest
 .text.Xcp_CmdSetCalPage
                0x0002a0a8      0x120 C:/Program Files (x86)/NewEagle/Raptor/2021b_1.0.14409/GCM-5605B-048/lib/\xcp.a(xcp_cmdcalpage.o)
                0x0002a0a8                Xcp_CmdSetCalPage
 *fill*         0x0002a1c8        0x0 
 .text.Xcp_CmdGetCalPage
                0x0002a1c8       0x8c C:/Program Files (x86)/NewEagle/Raptor/2021b_1.0.14409/GCM-5605B-048/lib/\xcp.a(xcp_cmdcalpage.o)
                0x0002a1c8                Xcp_CmdGetCalPage
 *fill*         0x0002a254        0x0 
 .text.Xcp_CmdGetPagProcInfo
                0x0002a254       0x28 C:/Program Files (x86)/NewEagle/Raptor/2021b_1.0.14409/GCM-5605B-048/lib/\xcp.a(xcp_cmdcalpage.o)
                0x0002a254                Xcp_CmdGetPagProcInfo
 *fill*         0x0002a27c        0x0 
 .text.Xcp_CmdCopyCalPage
                0x0002a27c       0xa0 C:/Program Files (x86)/NewEagle/Raptor/2021b_1.0.14409/GCM-5605B-048/lib/\xcp.a(xcp_cmdcalpage.o)
                0x0002a27c                Xcp_CmdCopyCalPage
 *fill*         0x0002a31c        0x0 
 .text.Xcp_CmdSetSegmentMode
                0x0002a31c       0x48 C:/Program Files (x86)/NewEagle/Raptor/2021b_1.0.14409/GCM-5605B-048/lib/\xcp.a(xcp_cmdcalpage.o)
                0x0002a31c                Xcp_CmdSetSegmentMode
 *fill*         0x0002a364        0x0 
 .text.Xcp_CmdGetSegmentMode
                0x0002a364       0x48 C:/Program Files (x86)/NewEagle/Raptor/2021b_1.0.14409/GCM-5605B-048/lib/\xcp.a(xcp_cmdcalpage.o)
                0x0002a364                Xcp_CmdGetSegmentMode
 .text.Xcp_CmdBuildChecksum
                0x0002a3ac       0xe0 C:/Program Files (x86)/NewEagle/Raptor/2021b_1.0.14409/GCM-5605B-048/lib/\xcp.a(xcp_cmdchecksum.o)
                0x0002a3ac                Xcp_CmdBuildChecksum
 *fill*         0x0002a48c        0x0 
 .text.Xcp_CmdConnect
                0x0002a48c       0x80 C:/Program Files (x86)/NewEagle/Raptor/2021b_1.0.14409/GCM-5605B-048/lib/\xcp.a(xcp_cmdconnect.o)
                0x0002a48c                Xcp_CmdConnect
 .text.Xcp_ResetDaqList
                0x0002a50c       0x58 C:/Program Files (x86)/NewEagle/Raptor/2021b_1.0.14409/GCM-5605B-048/lib/\xcp.a(xcp_cmdconnect.o)
                0x0002a50c                Xcp_ResetDaqList
 .text.Xcp_DoDisconnect
                0x0002a564       0xe4 C:/Program Files (x86)/NewEagle/Raptor/2021b_1.0.14409/GCM-5605B-048/lib/\xcp.a(xcp_cmdconnect.o)
                0x0002a564                Xcp_DoDisconnect
 .text.Xcp_CmdDisconnect
                0x0002a648       0x60 C:/Program Files (x86)/NewEagle/Raptor/2021b_1.0.14409/GCM-5605B-048/lib/\xcp.a(xcp_cmdconnect.o)
                0x0002a648                Xcp_CmdDisconnect
 *fill*         0x0002a6a8        0x0 
 .text.Xcp_CmdClearDaqList
                0x0002a6a8       0xac C:/Program Files (x86)/NewEagle/Raptor/2021b_1.0.14409/GCM-5605B-048/lib/\xcp.a(xcp_cmddaq.o)
                0x0002a6a8                Xcp_CmdClearDaqList
 .text.Xcp_CmdSetDaqPtr
                0x0002a754       0xe8 C:/Program Files (x86)/NewEagle/Raptor/2021b_1.0.14409/GCM-5605B-048/lib/\xcp.a(xcp_cmddaq.o)
                0x0002a754                Xcp_CmdSetDaqPtr
 *fill*         0x0002a83c        0x0 
 .text.Xcp_CmdWriteDaq
                0x0002a83c      0x194 C:/Program Files (x86)/NewEagle/Raptor/2021b_1.0.14409/GCM-5605B-048/lib/\xcp.a(xcp_cmddaq.o)
                0x0002a83c                Xcp_CmdWriteDaq
 *fill*         0x0002a9d0        0x0 
 .text.Xcp_CmdSetDaqListMode
                0x0002a9d0      0x104 C:/Program Files (x86)/NewEagle/Raptor/2021b_1.0.14409/GCM-5605B-048/lib/\xcp.a(xcp_cmddaq.o)
                0x0002a9d0                Xcp_CmdSetDaqListMode
 .text.Xcp_CmdGetDaqListMode
                0x0002aad4       0x78 C:/Program Files (x86)/NewEagle/Raptor/2021b_1.0.14409/GCM-5605B-048/lib/\xcp.a(xcp_cmddaq.o)
                0x0002aad4                Xcp_CmdGetDaqListMode
 *fill*         0x0002ab4c        0x0 
 .text.Xcp_CmdStartStopDaqList
                0x0002ab4c       0xb0 C:/Program Files (x86)/NewEagle/Raptor/2021b_1.0.14409/GCM-5605B-048/lib/\xcp.a(xcp_cmddaq.o)
                0x0002ab4c                Xcp_CmdStartStopDaqList
 *fill*         0x0002abfc        0x0 
 .text.Xcp_CmdStartStopSync
                0x0002abfc       0xf8 C:/Program Files (x86)/NewEagle/Raptor/2021b_1.0.14409/GCM-5605B-048/lib/\xcp.a(xcp_cmddaq.o)
                0x0002abfc                Xcp_CmdStartStopSync
 *fill*         0x0002acf4        0x0 
 .text.Xcp_GetTimestamp
                0x0002acf4       0x48 C:/Program Files (x86)/NewEagle/Raptor/2021b_1.0.14409/GCM-5605B-048/lib/\xcp.a(xcp_cmddaq.o)
                0x0002acf4                Xcp_GetTimestamp
 .text.Xcp_CmdGetDaqClock
                0x0002ad3c       0x50 C:/Program Files (x86)/NewEagle/Raptor/2021b_1.0.14409/GCM-5605B-048/lib/\xcp.a(xcp_cmddaq.o)
                0x0002ad3c                Xcp_CmdGetDaqClock
 *fill*         0x0002ad8c        0x0 
 .text.Xcp_CmdGetDaqProcInfo
                0x0002ad8c       0x5c C:/Program Files (x86)/NewEagle/Raptor/2021b_1.0.14409/GCM-5605B-048/lib/\xcp.a(xcp_cmddaq.o)
                0x0002ad8c                Xcp_CmdGetDaqProcInfo
 *fill*         0x0002ade8        0x0 
 .text.Xcp_CmdGetDaqResInfo
                0x0002ade8       0x38 C:/Program Files (x86)/NewEagle/Raptor/2021b_1.0.14409/GCM-5605B-048/lib/\xcp.a(xcp_cmddaq.o)
                0x0002ade8                Xcp_CmdGetDaqResInfo
 .text.Xcp_CmdGetDaqListInfo
                0x0002ae20       0xc8 C:/Program Files (x86)/NewEagle/Raptor/2021b_1.0.14409/GCM-5605B-048/lib/\xcp.a(xcp_cmddaq.o)
                0x0002ae20                Xcp_CmdGetDaqListInfo
 .text.Xcp_WriteDownloadData
                0x0002aee8       0xb0 C:/Program Files (x86)/NewEagle/Raptor/2021b_1.0.14409/GCM-5605B-048/lib/\xcp.a(xcp_cmddownload.o)
                0x0002aee8                Xcp_WriteDownloadData
 .text.Xcp_CmdDownload
                0x0002af98       0x70 C:/Program Files (x86)/NewEagle/Raptor/2021b_1.0.14409/GCM-5605B-048/lib/\xcp.a(xcp_cmddownload.o)
                0x0002af98                Xcp_CmdDownload
 .text.Xcp_CmdDownloadNext
                0x0002b008       0x58 C:/Program Files (x86)/NewEagle/Raptor/2021b_1.0.14409/GCM-5605B-048/lib/\xcp.a(xcp_cmddownload.o)
                0x0002b008                Xcp_CmdDownloadNext
 .text.Xcp_CmdDownloadMax
                0x0002b060       0x50 C:/Program Files (x86)/NewEagle/Raptor/2021b_1.0.14409/GCM-5605B-048/lib/\xcp.a(xcp_cmddownload.o)
                0x0002b060                Xcp_CmdDownloadMax
 *fill*         0x0002b0b0        0x0 
 .text.Xcp_CmdModifyBits
                0x0002b0b0       0xb4 C:/Program Files (x86)/NewEagle/Raptor/2021b_1.0.14409/GCM-5605B-048/lib/\xcp.a(xcp_cmddownload.o)
                0x0002b0b0                Xcp_CmdModifyBits
 *fill*         0x0002b164        0x0 
 .text.Xcp_CmdFreeDaq
                0x0002b164      0x11c C:/Program Files (x86)/NewEagle/Raptor/2021b_1.0.14409/GCM-5605B-048/lib/\xcp.a(xcp_cmddyndaq.o)
                0x0002b164                Xcp_CmdFreeDaq
 *fill*         0x0002b280        0x0 
 .text.Xcp_CmdAllocDaq
                0x0002b280       0xa0 C:/Program Files (x86)/NewEagle/Raptor/2021b_1.0.14409/GCM-5605B-048/lib/\xcp.a(xcp_cmddyndaq.o)
                0x0002b280                Xcp_CmdAllocDaq
 *fill*         0x0002b320        0x0 
 .text.Xcp_CmdAllocOdt
                0x0002b320       0xd8 C:/Program Files (x86)/NewEagle/Raptor/2021b_1.0.14409/GCM-5605B-048/lib/\xcp.a(xcp_cmddyndaq.o)
                0x0002b320                Xcp_CmdAllocOdt
 .text.Xcp_CmdAllocOdtEntry
                0x0002b3f8       0xac C:/Program Files (x86)/NewEagle/Raptor/2021b_1.0.14409/GCM-5605B-048/lib/\xcp.a(xcp_cmddyndaq.o)
                0x0002b3f8                Xcp_CmdAllocOdtEntry
 *fill*         0x0002b4a4        0x0 
 .text.Xcp_WriteFlashData
                0x0002b4a4       0xb4 C:/Program Files (x86)/NewEagle/Raptor/2021b_1.0.14409/GCM-5605B-048/lib/\xcp.a(xcp_cmdflash.o)
                0x0002b4a4                Xcp_WriteFlashData
 *fill*         0x0002b558        0x0 
 .text.Xcp_CmdProgramStart
                0x0002b558       0xf0 C:/Program Files (x86)/NewEagle/Raptor/2021b_1.0.14409/GCM-5605B-048/lib/\xcp.a(xcp_cmdflash.o)
                0x0002b558                Xcp_CmdProgramStart
 .text.Xcp_CmdProgramClear
                0x0002b648       0xc4 C:/Program Files (x86)/NewEagle/Raptor/2021b_1.0.14409/GCM-5605B-048/lib/\xcp.a(xcp_cmdflash.o)
                0x0002b648                Xcp_CmdProgramClear
 .text.Xcp_CmdProgram
                0x0002b70c       0x70 C:/Program Files (x86)/NewEagle/Raptor/2021b_1.0.14409/GCM-5605B-048/lib/\xcp.a(xcp_cmdflash.o)
                0x0002b70c                Xcp_CmdProgram
 .text.Xcp_CmdProgramNext
                0x0002b77c       0x64 C:/Program Files (x86)/NewEagle/Raptor/2021b_1.0.14409/GCM-5605B-048/lib/\xcp.a(xcp_cmdflash.o)
                0x0002b77c                Xcp_CmdProgramNext
 *fill*         0x0002b7e0        0x0 
 .text.Xcp_CmdProgramMax
                0x0002b7e0       0x50 C:/Program Files (x86)/NewEagle/Raptor/2021b_1.0.14409/GCM-5605B-048/lib/\xcp.a(xcp_cmdflash.o)
                0x0002b7e0                Xcp_CmdProgramMax
 *fill*         0x0002b830        0x0 
 .text.Xcp_CmdProgramReset
                0x0002b830       0xac C:/Program Files (x86)/NewEagle/Raptor/2021b_1.0.14409/GCM-5605B-048/lib/\xcp.a(xcp_cmdflash.o)
                0x0002b830                Xcp_CmdProgramReset
 .text.Xcp_CmdProgramPrepare
                0x0002b8dc       0x98 C:/Program Files (x86)/NewEagle/Raptor/2021b_1.0.14409/GCM-5605B-048/lib/\xcp.a(xcp_cmdflash.o)
                0x0002b8dc                Xcp_CmdProgramPrepare
 *fill*         0x0002b974        0x0 
 .text.Xcp_CmdProgramFormat
                0x0002b974       0x40 C:/Program Files (x86)/NewEagle/Raptor/2021b_1.0.14409/GCM-5605B-048/lib/\xcp.a(xcp_cmdflash.o)
                0x0002b974                Xcp_CmdProgramFormat
 *fill*         0x0002b9b4        0x0 
 .text.Xcp_CmdGetSeed
                0x0002b9b4      0x114 C:/Program Files (x86)/NewEagle/Raptor/2021b_1.0.14409/GCM-5605B-048/lib/\xcp.a(xcp_cmdseednkey.o)
                0x0002b9b4                Xcp_CmdGetSeed
 .text.Xcp_CmdUnlock
                0x0002bac8      0x104 C:/Program Files (x86)/NewEagle/Raptor/2021b_1.0.14409/GCM-5605B-048/lib/\xcp.a(xcp_cmdseednkey.o)
                0x0002bac8                Xcp_CmdUnlock
 *fill*         0x0002bbcc        0x0 
 .text.Xcp_ReadUploadData
                0x0002bbcc       0xa0 C:/Program Files (x86)/NewEagle/Raptor/2021b_1.0.14409/GCM-5605B-048/lib/\xcp.a(xcp_cmdupload.o)
                0x0002bbcc                Xcp_ReadUploadData
 *fill*         0x0002bc6c        0x0 
 .text.Xcp_CmdUpload
                0x0002bc6c       0x64 C:/Program Files (x86)/NewEagle/Raptor/2021b_1.0.14409/GCM-5605B-048/lib/\xcp.a(xcp_cmdupload.o)
                0x0002bc6c                Xcp_CmdUpload
 *fill*         0x0002bcd0        0x0 
 .text.Xcp_CmdShortUpload
                0x0002bcd0       0xa0 C:/Program Files (x86)/NewEagle/Raptor/2021b_1.0.14409/GCM-5605B-048/lib/\xcp.a(xcp_cmdupload.o)
                0x0002bcd0                Xcp_CmdShortUpload
 *fill*         0x0002bd70        0x0 
 .text.Xcp_Event
                0x0002bd70       0xb0 C:/Program Files (x86)/NewEagle/Raptor/2021b_1.0.14409/GCM-5605B-048/lib/\xcp.a(xcp_event.o)
                0x0002bd70                Xcp_Event
 .text.Xcp_StimProcessor
                0x0002be20      0x2c0 C:/Program Files (x86)/NewEagle/Raptor/2021b_1.0.14409/GCM-5605B-048/lib/\xcp.a(xcp_stim.o)
                0x0002be20                Xcp_StimProcessor
 .text.Xcp_MemCopy
                0x0002c0e0       0x14 C:/Program Files (x86)/NewEagle/Raptor/2021b_1.0.14409/GCM-5605B-048/lib/\xcp.a(xcp_target.o)
                0x0002c0e0                Xcp_MemCopy
 .text.Xcp_MemZero
                0x0002c0f4       0x18 C:/Program Files (x86)/NewEagle/Raptor/2021b_1.0.14409/GCM-5605B-048/lib/\xcp.a(xcp_target.o)
                0x0002c0f4                Xcp_MemZero
 .text.Xcp_CheckCanId
                0x0002c10c       0x20 C:/Program Files (x86)/NewEagle/Raptor/2021b_1.0.14409/GCM-5605B-048/lib/\xcp.a(xcp_target.o)
                0x0002c10c                Xcp_CheckCanId
 .text.XcpRaptorSecurity
                0x0002c12c      0x1d4 C:/Program Files (x86)/NewEagle/Raptor/2021b_1.0.14409/GCM-5605B-048/lib/\xcp.a(SeednKey.o)
                0x0002c12c                XcpRaptorSecurity
 *fill*         0x0002c300        0x0 
 .text.flipEndian
                0x0002c300       0x18 C:/Program Files (x86)/NewEagle/Raptor/2021b_1.0.14409/GCM-5605B-048/lib/\xcp.a(SeednKey.o)
                0x0002c300                flipEndian
 .text.XcpGetSession
                0x0002c318       0xbc C:/Program Files (x86)/NewEagle/Raptor/2021b_1.0.14409/GCM-5605B-048/lib/\xcp.a(SeednKey.o)
                0x0002c318                XcpGetSession
 .text.XcpClearSession
                0x0002c3d4       0xa4 C:/Program Files (x86)/NewEagle/Raptor/2021b_1.0.14409/GCM-5605B-048/lib/\xcp.a(SeednKey.o)
                0x0002c3d4                XcpClearSession
 *fill*         0x0002c478        0x0 
 .text.XcpApp_InitSeedKey
                0x0002c478       0x58 C:/Program Files (x86)/NewEagle/Raptor/2021b_1.0.14409/GCM-5605B-048/lib/\xcp.a(SeednKey.o)
                0x0002c478                XcpApp_InitSeedKey
 .text.XcpApp_GetSeed
                0x0002c4d0       0x60 C:/Program Files (x86)/NewEagle/Raptor/2021b_1.0.14409/GCM-5605B-048/lib/\xcp.a(SeednKey.o)
                0x0002c4d0                XcpApp_GetSeed
 *fill*         0x0002c530        0x0 
 .text.XcpApp_GetKeyBuffer
                0x0002c530       0x78 C:/Program Files (x86)/NewEagle/Raptor/2021b_1.0.14409/GCM-5605B-048/lib/\xcp.a(SeednKey.o)
                0x0002c530                XcpApp_GetKeyBuffer
 *fill*         0x0002c5a8        0x0 
 .text.XcpApp_UnlockResource
                0x0002c5a8       0x74 C:/Program Files (x86)/NewEagle/Raptor/2021b_1.0.14409/GCM-5605B-048/lib/\xcp.a(SeednKey.o)
                0x0002c5a8                XcpApp_UnlockResource
 .text.XcpApp_OnUserDefinedCxn
                0x0002c61c        0x2 C:/Program Files (x86)/NewEagle/Raptor/2021b_1.0.14409/GCM-5605B-048/lib/\xcp.a(xcp_callbacks.o)
                0x0002c61c                XcpApp_OnUserDefinedCxn
 *fill*         0x0002c61e        0x2 
 .text.XcpApp_OnNormalCxn
                0x0002c620        0x2 C:/Program Files (x86)/NewEagle/Raptor/2021b_1.0.14409/GCM-5605B-048/lib/\xcp.a(xcp_callbacks.o)
                0x0002c620                XcpApp_OnNormalCxn
 *fill*         0x0002c622        0x2 
 .text.XcpApp_OnDisconnect
                0x0002c624        0x2 C:/Program Files (x86)/NewEagle/Raptor/2021b_1.0.14409/GCM-5605B-048/lib/\xcp.a(xcp_callbacks.o)
                0x0002c624                XcpApp_OnDisconnect
 *fill*         0x0002c626        0x2 
 .text.XcpApp_SetEcuCalPage
                0x0002c628        0x4 C:/Program Files (x86)/NewEagle/Raptor/2021b_1.0.14409/GCM-5605B-048/lib/\xcp.a(xcp_callbacks.o)
                0x0002c628                XcpApp_SetEcuCalPage
 .text.XcpApp_SetEcuCalPageAllSegs
                0x0002c62c        0x4 C:/Program Files (x86)/NewEagle/Raptor/2021b_1.0.14409/GCM-5605B-048/lib/\xcp.a(xcp_callbacks.o)
                0x0002c62c                XcpApp_SetEcuCalPageAllSegs
 .text.XcpApp_SetToolCalPage
                0x0002c630        0x4 C:/Program Files (x86)/NewEagle/Raptor/2021b_1.0.14409/GCM-5605B-048/lib/\xcp.a(xcp_callbacks.o)
                0x0002c630                XcpApp_SetToolCalPage
 .text.XcpApp_SetToolCalPageAllSegs
                0x0002c634        0x4 C:/Program Files (x86)/NewEagle/Raptor/2021b_1.0.14409/GCM-5605B-048/lib/\xcp.a(xcp_callbacks.o)
                0x0002c634                XcpApp_SetToolCalPageAllSegs
 .text.XcpApp_GetEcuCalPage
                0x0002c638        0x4 C:/Program Files (x86)/NewEagle/Raptor/2021b_1.0.14409/GCM-5605B-048/lib/\xcp.a(xcp_callbacks.o)
                0x0002c638                XcpApp_GetEcuCalPage
 .text.XcpApp_CalMemWrite
                0x0002c63c       0x30 C:/Program Files (x86)/NewEagle/Raptor/2021b_1.0.14409/GCM-5605B-048/lib/\xcp.a(xcp_callbacks.o)
                0x0002c63c                XcpApp_CalMemWrite
 *fill*         0x0002c66c        0x0 
 .text.XcpApp_CalMemRead
                0x0002c66c       0x20 C:/Program Files (x86)/NewEagle/Raptor/2021b_1.0.14409/GCM-5605B-048/lib/\xcp.a(xcp_callbacks.o)
                0x0002c66c                XcpApp_CalMemRead
 .text.XcpApp_CalMemGetChecksum
                0x0002c68c       0x2c C:/Program Files (x86)/NewEagle/Raptor/2021b_1.0.14409/GCM-5605B-048/lib/\xcp.a(xcp_callbacks.o)
                0x0002c68c                XcpApp_CalMemGetChecksum
 *fill*         0x0002c6b8        0x0 
 .text.XcpApp_CalMemGetRequestState
                0x0002c6b8        0x4 C:/Program Files (x86)/NewEagle/Raptor/2021b_1.0.14409/GCM-5605B-048/lib/\xcp.a(xcp_callbacks.o)
                0x0002c6b8                XcpApp_CalMemGetRequestState
 .text.XcpApp_CalMemModifyBits
                0x0002c6bc        0x4 C:/Program Files (x86)/NewEagle/Raptor/2021b_1.0.14409/GCM-5605B-048/lib/\xcp.a(xcp_callbacks.o)
                0x0002c6bc                XcpApp_CalMemModifyBits
 .text.XcpApp_CalPageCopy
                0x0002c6c0        0x4 C:/Program Files (x86)/NewEagle/Raptor/2021b_1.0.14409/GCM-5605B-048/lib/\xcp.a(xcp_callbacks.o)
                0x0002c6c0                XcpApp_CalPageCopy
 .text.XcpApp_CalSegFreeze
                0x0002c6c4        0x4 C:/Program Files (x86)/NewEagle/Raptor/2021b_1.0.14409/GCM-5605B-048/lib/\xcp.a(xcp_callbacks.o)
                0x0002c6c4                XcpApp_CalSegFreeze
 .text.XcpApp_GetTimestamp
                0x0002c6c8       0x14 C:/Program Files (x86)/NewEagle/Raptor/2021b_1.0.14409/GCM-5605B-048/lib/\xcp.a(xcp_callbacks.o)
                0x0002c6c8                XcpApp_GetTimestamp
 .text.XcpApp_ConvertAddress
                0x0002c6dc        0x2 C:/Program Files (x86)/NewEagle/Raptor/2021b_1.0.14409/GCM-5605B-048/lib/\xcp.a(xcp_callbacks.o)
                0x0002c6dc                XcpApp_ConvertAddress
 *fill*         0x0002c6de        0x2 
 .text.XcpApp_IsRegionMeasurable
                0x0002c6e0        0x4 C:/Program Files (x86)/NewEagle/Raptor/2021b_1.0.14409/GCM-5605B-048/lib/\xcp.a(xcp_callbacks.o)
                0x0002c6e0                XcpApp_IsRegionMeasurable
 .text.XcpApp_ProgramStart
                0x0002c6e4        0x4 C:/Program Files (x86)/NewEagle/Raptor/2021b_1.0.14409/GCM-5605B-048/lib/\xcp.a(xcp_callbacks.o)
                0x0002c6e4                XcpApp_ProgramStart
 .text.XcpApp_ProgramClear
                0x0002c6e8        0x4 C:/Program Files (x86)/NewEagle/Raptor/2021b_1.0.14409/GCM-5605B-048/lib/\xcp.a(xcp_callbacks.o)
                0x0002c6e8                XcpApp_ProgramClear
 .text.XcpApp_Program
                0x0002c6ec        0x4 C:/Program Files (x86)/NewEagle/Raptor/2021b_1.0.14409/GCM-5605B-048/lib/\xcp.a(xcp_callbacks.o)
                0x0002c6ec                XcpApp_Program
 .text.XcpApp_ProgramReset
                0x0002c6f0        0x4 C:/Program Files (x86)/NewEagle/Raptor/2021b_1.0.14409/GCM-5605B-048/lib/\xcp.a(xcp_callbacks.o)
                0x0002c6f0                XcpApp_ProgramReset
 .text.XcpApp_ProgramGetRequestState
                0x0002c6f4        0x4 C:/Program Files (x86)/NewEagle/Raptor/2021b_1.0.14409/GCM-5605B-048/lib/\xcp.a(xcp_callbacks.o)
                0x0002c6f4                XcpApp_ProgramGetRequestState
 .text.XcpApp_ProgramPrepare
                0x0002c6f8        0x4 C:/Program Files (x86)/NewEagle/Raptor/2021b_1.0.14409/GCM-5605B-048/lib/\xcp.a(xcp_callbacks.o)
                0x0002c6f8                XcpApp_ProgramPrepare
 .text.Xcp_DaqProcessor
                0x0002c6fc      0x220 C:/Program Files (x86)/NewEagle/Raptor/2021b_1.0.14409/GCM-5605B-048/lib/\xcp.a(xcp_daq.o)
                0x0002c6fc                Xcp_DaqProcessor
 *fill*         0x0002c91c        0x0 
 .text.ADC_Calibration
                0x0002c91c       0x14 C:/Program Files (x86)/NewEagle/Raptor/2021b_1.0.14409/GCM-5605B-048/lib/\GCM-5605B-048-2104.a(adc.o)
                0x0002c91c                ADC_Calibration
 .text.ADC_Init
                0x0002c930      0x14c C:/Program Files (x86)/NewEagle/Raptor/2021b_1.0.14409/GCM-5605B-048/lib/\GCM-5605B-048-2104.a(adc.o)
                0x0002c930                ADC_Init
 *fill*         0x0002ca7c        0x0 
 .text.ADC_Read_Raw
                0x0002ca7c       0xf0 C:/Program Files (x86)/NewEagle/Raptor/2021b_1.0.14409/GCM-5605B-048/lib/\GCM-5605B-048-2104.a(adc.o)
                0x0002ca7c                ADC_Read_Raw
 .text.ADC_Read_Chan
                0x0002cb6c      0x104 C:/Program Files (x86)/NewEagle/Raptor/2021b_1.0.14409/GCM-5605B-048/lib/\GCM-5605B-048-2104.a(adc.o)
                0x0002cb6c                ADC_Read_Chan
 .text.adc_pad_init
                0x0002cc70      0x148 C:/Program Files (x86)/NewEagle/Raptor/2021b_1.0.14409/GCM-5605B-048/lib/\GCM-5605B-048-2104.a(adc.o)
 *fill*         0x0002cdb8        0x0 
 .text.AnalogInputInit
                0x0002cdb8       0x68 C:/Program Files (x86)/NewEagle/Raptor/2021b_1.0.14409/GCM-5605B-048/lib/\GCM-5605B-048-2104.a(adc.o)
                0x0002cdb8                AnalogInputInit
 .text.CreateCAN
                0x0002ce20       0x18 C:/Program Files (x86)/NewEagle/Raptor/2021b_1.0.14409/GCM-5605B-048/lib/\GCM-5605B-048-2104.a(can.o)
                0x0002ce20                CreateCAN
 .text.start_CAN
                0x0002ce38      0x22c C:/Program Files (x86)/NewEagle/Raptor/2021b_1.0.14409/GCM-5605B-048/lib/\GCM-5605B-048-2104.a(can.o)
                0x0002ce38                start_CAN
 *fill*         0x0002d064        0x0 
 .text.start_CAN_private
                0x0002d064       0x98 C:/Program Files (x86)/NewEagle/Raptor/2021b_1.0.14409/GCM-5605B-048/lib/\GCM-5605B-048-2104.a(can.o)
                0x0002d064                start_CAN_private
 *fill*         0x0002d0fc        0x0 
 .text.change_CAN_bit_rate
                0x0002d0fc      0x220 C:/Program Files (x86)/NewEagle/Raptor/2021b_1.0.14409/GCM-5605B-048/lib/\GCM-5605B-048-2104.a(can.o)
                0x0002d0fc                change_CAN_bit_rate
 .text.set_CAN_offline_mode
                0x0002d31c       0x58 C:/Program Files (x86)/NewEagle/Raptor/2021b_1.0.14409/GCM-5605B-048/lib/\GCM-5605B-048-2104.a(can.o)
                0x0002d31c                set_CAN_offline_mode
 .text.get_CAN_bus_state
                0x0002d374      0x168 C:/Program Files (x86)/NewEagle/Raptor/2021b_1.0.14409/GCM-5605B-048/lib/\GCM-5605B-048-2104.a(can.o)
                0x0002d374                get_CAN_bus_state
 .text.register_xcp_tx_callback_object
                0x0002d4dc       0x80 C:/Program Files (x86)/NewEagle/Raptor/2021b_1.0.14409/GCM-5605B-048/lib/\GCM-5605B-048-2104.a(can.o)
                0x0002d4dc                register_xcp_tx_callback_object
 *fill*         0x0002d55c        0x0 
 .text.CAN_XCPTransmit
                0x0002d55c      0x298 C:/Program Files (x86)/NewEagle/Raptor/2021b_1.0.14409/GCM-5605B-048/lib/\GCM-5605B-048-2104.a(can.o)
                0x0002d55c                CAN_XCPTransmit
 *fill*         0x0002d7f4        0x0 
 .text.send_can_message
                0x0002d7f4      0x108 C:/Program Files (x86)/NewEagle/Raptor/2021b_1.0.14409/GCM-5605B-048/lib/\GCM-5605B-048-2104.a(can.o)
                0x0002d7f4                send_can_message
 *fill*         0x0002d8fc        0x0 
 .text.CAN_Queued_Transmit
                0x0002d8fc      0x110 C:/Program Files (x86)/NewEagle/Raptor/2021b_1.0.14409/GCM-5605B-048/lib/\GCM-5605B-048-2104.a(can.o)
                0x0002d8fc                CAN_Queued_Transmit
 .text.CAN_QueuedTx_PeriodicKick
                0x0002da0c       0xc8 C:/Program Files (x86)/NewEagle/Raptor/2021b_1.0.14409/GCM-5605B-048/lib/\GCM-5605B-048-2104.a(can.o)
                0x0002da0c                CAN_QueuedTx_PeriodicKick
 .text.CAN_QueuedTx_Complete
                0x0002dad4       0x74 C:/Program Files (x86)/NewEagle/Raptor/2021b_1.0.14409/GCM-5605B-048/lib/\GCM-5605B-048-2104.a(can.o)
                0x0002dad4                CAN_QueuedTx_Complete
 *fill*         0x0002db48        0x0 
 .text.can_register_rx_callback
                0x0002db48       0x7c C:/Program Files (x86)/NewEagle/Raptor/2021b_1.0.14409/GCM-5605B-048/lib/\GCM-5605B-048-2104.a(can.o)
                0x0002db48                can_register_rx_callback
 .text.CAN1_TX_Callback
                0x0002dbc4       0x24 C:/Program Files (x86)/NewEagle/Raptor/2021b_1.0.14409/GCM-5605B-048/lib/\GCM-5605B-048-2104.a(can.o)
                0x0002dbc4                CAN1_TX_Callback
 .text.CAN2_TX_Callback
                0x0002dbe8       0x24 C:/Program Files (x86)/NewEagle/Raptor/2021b_1.0.14409/GCM-5605B-048/lib/\GCM-5605B-048-2104.a(can.o)
                0x0002dbe8                CAN2_TX_Callback
 .text.CAN3_TX_Callback
                0x0002dc0c       0x24 C:/Program Files (x86)/NewEagle/Raptor/2021b_1.0.14409/GCM-5605B-048/lib/\GCM-5605B-048-2104.a(can.o)
                0x0002dc0c                CAN3_TX_Callback
 .text.CAN4_TX_Callback
                0x0002dc30       0x24 C:/Program Files (x86)/NewEagle/Raptor/2021b_1.0.14409/GCM-5605B-048/lib/\GCM-5605B-048-2104.a(can.o)
                0x0002dc30                CAN4_TX_Callback
 .text.CAN5_TX_Callback
                0x0002dc54       0x24 C:/Program Files (x86)/NewEagle/Raptor/2021b_1.0.14409/GCM-5605B-048/lib/\GCM-5605B-048-2104.a(can.o)
                0x0002dc54                CAN5_TX_Callback
 .text.CAN6_TX_Callback
                0x0002dc78       0x24 C:/Program Files (x86)/NewEagle/Raptor/2021b_1.0.14409/GCM-5605B-048/lib/\GCM-5605B-048-2104.a(can.o)
                0x0002dc78                CAN6_TX_Callback
 .text.CANFrame_Queue_Create
                0x0002dc9c       0x4c C:/Program Files (x86)/NewEagle/Raptor/2021b_1.0.14409/GCM-5605B-048/lib/\GCM-5605B-048-2104.a(can.o)
                0x0002dc9c                CANFrame_Queue_Create
 *fill*         0x0002dce8        0x0 
 .text.CAN_TXBuffer_IsFree
                0x0002dce8       0x74 C:/Program Files (x86)/NewEagle/Raptor/2021b_1.0.14409/GCM-5605B-048/lib/\GCM-5605B-048-2104.a(can.o)
 .text.CAN_LoadTransmitBuffer
                0x0002dd5c      0x28c C:/Program Files (x86)/NewEagle/Raptor/2021b_1.0.14409/GCM-5605B-048/lib/\GCM-5605B-048-2104.a(can.o)
 *fill*         0x0002dfe8        0x0 
 .text.CAN_EnqueueFrame
                0x0002dfe8      0x1e4 C:/Program Files (x86)/NewEagle/Raptor/2021b_1.0.14409/GCM-5605B-048/lib/\GCM-5605B-048-2104.a(can.o)
 .text.CAN_Dequeue_Frame
                0x0002e1cc      0x13c C:/Program Files (x86)/NewEagle/Raptor/2021b_1.0.14409/GCM-5605B-048/lib/\GCM-5605B-048-2104.a(can.o)
 .text.CAN_RX_EnqueueFrame
                0x0002e308      0x1e0 C:/Program Files (x86)/NewEagle/Raptor/2021b_1.0.14409/GCM-5605B-048/lib/\GCM-5605B-048-2104.a(can.o)
                0x0002e308                CAN_RX_EnqueueFrame
 *fill*         0x0002e4e8        0x0 
 .text.CAN_RX_Dequeue_Frame
                0x0002e4e8      0x148 C:/Program Files (x86)/NewEagle/Raptor/2021b_1.0.14409/GCM-5605B-048/lib/\GCM-5605B-048-2104.a(can.o)
 *fill*         0x0002e630        0x0 
 .text.CAN_RX_Idle_Task
                0x0002e630      0x360 C:/Program Files (x86)/NewEagle/Raptor/2021b_1.0.14409/GCM-5605B-048/lib/\GCM-5605B-048-2104.a(can.o)
                0x0002e630                CAN_RX_Idle_Task
 *fill*         0x0002e990        0x0 
 .text.CAN_TX_Queue_Get_Status
                0x0002e990       0xcc C:/Program Files (x86)/NewEagle/Raptor/2021b_1.0.14409/GCM-5605B-048/lib/\GCM-5605B-048-2104.a(can.o)
                0x0002e990                CAN_TX_Queue_Get_Status
 *fill*         0x0002ea5c        0x0 
 .text.CAN_RX_Queue_Get_Status
                0x0002ea5c       0xcc C:/Program Files (x86)/NewEagle/Raptor/2021b_1.0.14409/GCM-5605B-048/lib/\GCM-5605B-048-2104.a(can.o)
                0x0002ea5c                CAN_RX_Queue_Get_Status
 *fill*         0x0002eb28        0x0 
 .text.CAN_SET_RX_ID_MASK
                0x0002eb28      0x254 C:/Program Files (x86)/NewEagle/Raptor/2021b_1.0.14409/GCM-5605B-048/lib/\GCM-5605B-048-2104.a(can.o)
                0x0002eb28                CAN_SET_RX_ID_MASK
 *fill*         0x0002ed7c        0x0 
 .text.crc32_calculation
                0x0002ed7c       0x20 C:/Program Files (x86)/NewEagle/Raptor/2021b_1.0.14409/GCM-5605B-048/lib/\GCM-5605B-048-2104.a(crc.o)
                0x0002ed7c                crc32_calculation
 *fill*         0x0002ed9c        0x0 
 .text.crc16_calculation
                0x0002ed9c       0x38 C:/Program Files (x86)/NewEagle/Raptor/2021b_1.0.14409/GCM-5605B-048/lib/\GCM-5605B-048-2104.a(crc.o)
                0x0002ed9c                crc16_calculation
 .text.insert_crc
                0x0002edd4       0x6c C:/Program Files (x86)/NewEagle/Raptor/2021b_1.0.14409/GCM-5605B-048/lib/\GCM-5605B-048-2104.a(crc.o)
                0x0002edd4                insert_crc
 *fill*         0x0002ee40        0x0 
 .text.crc16_ccitt
                0x0002ee40       0x94 C:/Program Files (x86)/NewEagle/Raptor/2021b_1.0.14409/GCM-5605B-048/lib/\GCM-5605B-048-2104.a(crc.o)
                0x0002ee40                crc16_ccitt
 .text.is_crc_valid
                0x0002eed4       0x6c C:/Program Files (x86)/NewEagle/Raptor/2021b_1.0.14409/GCM-5605B-048/lib/\GCM-5605B-048-2104.a(crc.o)
                0x0002eed4                is_crc_valid
 .text.din_pad_config
                0x0002ef40       0xbc C:/Program Files (x86)/NewEagle/Raptor/2021b_1.0.14409/GCM-5605B-048/lib/\GCM-5605B-048-2104.a(digital_input.o)
                0x0002ef40                din_pad_config
 *fill*         0x0002effc        0x0 
 .text.Digital_Input_Init
                0x0002effc       0x14 C:/Program Files (x86)/NewEagle/Raptor/2021b_1.0.14409/GCM-5605B-048/lib/\GCM-5605B-048-2104.a(digital_input.o)
                0x0002effc                Digital_Input_Init
 .text.Digital_Input_Read_Chan
                0x0002f010       0x3c C:/Program Files (x86)/NewEagle/Raptor/2021b_1.0.14409/GCM-5605B-048/lib/\GCM-5605B-048-2104.a(digital_input.o)
                0x0002f010                Digital_Input_Read_Chan
 .text.FlexCAN_Init
                0x0002f04c       0x38 C:/Program Files (x86)/NewEagle/Raptor/2021b_1.0.14409/GCM-5605B-048/lib/\GCM-5605B-048-2104.a(flexcan_init.o)
                0x0002f04c                FlexCAN_Init
 *fill*         0x0002f084        0x0 
 .text.FlexCAN_0_Init
                0x0002f084      0x278 C:/Program Files (x86)/NewEagle/Raptor/2021b_1.0.14409/GCM-5605B-048/lib/\GCM-5605B-048-2104.a(flexcan_init.o)
 .text.FlexCAN_1_Init
                0x0002f2fc      0x264 C:/Program Files (x86)/NewEagle/Raptor/2021b_1.0.14409/GCM-5605B-048/lib/\GCM-5605B-048-2104.a(flexcan_init.o)
 .text.FlexCAN_2_Init
                0x0002f560      0x264 C:/Program Files (x86)/NewEagle/Raptor/2021b_1.0.14409/GCM-5605B-048/lib/\GCM-5605B-048-2104.a(flexcan_init.o)
 .text.FlexCAN_3_Init
                0x0002f7c4      0x264 C:/Program Files (x86)/NewEagle/Raptor/2021b_1.0.14409/GCM-5605B-048/lib/\GCM-5605B-048-2104.a(flexcan_init.o)
 .text.FlexCAN_4_Init
                0x0002fa28      0x264 C:/Program Files (x86)/NewEagle/Raptor/2021b_1.0.14409/GCM-5605B-048/lib/\GCM-5605B-048-2104.a(flexcan_init.o)
 .text.FlexCAN_5_Init
                0x0002fc8c      0x264 C:/Program Files (x86)/NewEagle/Raptor/2021b_1.0.14409/GCM-5605B-048/lib/\GCM-5605B-048-2104.a(flexcan_init.o)
 .text.FLEXCAN_Enable
                0x0002fef0      0x13c C:/Program Files (x86)/NewEagle/Raptor/2021b_1.0.14409/GCM-5605B-048/lib/\GCM-5605B-048-2104.a(flexcan_init.o)
 .text.FLEXCAN_ExitFreezeMode
                0x0003002c       0x74 C:/Program Files (x86)/NewEagle/Raptor/2021b_1.0.14409/GCM-5605B-048/lib/\GCM-5605B-048-2104.a(flexcan_init.o)
                0x0003002c                FLEXCAN_ExitFreezeMode
 *fill*         0x000300a0        0x0 
 .text.FLEXCAN_EnterFreezeMode
                0x000300a0       0x78 C:/Program Files (x86)/NewEagle/Raptor/2021b_1.0.14409/GCM-5605B-048/lib/\GCM-5605B-048-2104.a(flexcan_init.o)
                0x000300a0                FLEXCAN_EnterFreezeMode
 *fill*         0x00030118        0x0 
 .text.FLEXCAN_EnableRx
                0x00030118       0x38 C:/Program Files (x86)/NewEagle/Raptor/2021b_1.0.14409/GCM-5605B-048/lib/\GCM-5605B-048-2104.a(flexcan_init.o)
                0x00030118                FLEXCAN_EnableRx
 *fill*         0x00030150        0x0 
 .text.FlexCAN_0_TX_ISR
                0x00030150       0x6c C:/Program Files (x86)/NewEagle/Raptor/2021b_1.0.14409/GCM-5605B-048/lib/\GCM-5605B-048-2104.a(flexcan_init.o)
                0x00030150                FlexCAN_0_TX_ISR
 .text.FlexCAN_1_TX_ISR
                0x000301bc       0x6c C:/Program Files (x86)/NewEagle/Raptor/2021b_1.0.14409/GCM-5605B-048/lib/\GCM-5605B-048-2104.a(flexcan_init.o)
                0x000301bc                FlexCAN_1_TX_ISR
 .text.FlexCAN_2_TX_ISR
                0x00030228       0x70 C:/Program Files (x86)/NewEagle/Raptor/2021b_1.0.14409/GCM-5605B-048/lib/\GCM-5605B-048-2104.a(flexcan_init.o)
                0x00030228                FlexCAN_2_TX_ISR
 .text.FlexCAN_3_TX_ISR
                0x00030298       0x70 C:/Program Files (x86)/NewEagle/Raptor/2021b_1.0.14409/GCM-5605B-048/lib/\GCM-5605B-048-2104.a(flexcan_init.o)
                0x00030298                FlexCAN_3_TX_ISR
 .text.FlexCAN_4_TX_ISR
                0x00030308       0x70 C:/Program Files (x86)/NewEagle/Raptor/2021b_1.0.14409/GCM-5605B-048/lib/\GCM-5605B-048-2104.a(flexcan_init.o)
                0x00030308                FlexCAN_4_TX_ISR
 .text.FlexCAN_5_TX_ISR
                0x00030378       0x70 C:/Program Files (x86)/NewEagle/Raptor/2021b_1.0.14409/GCM-5605B-048/lib/\GCM-5605B-048-2104.a(flexcan_init.o)
                0x00030378                FlexCAN_5_TX_ISR
 .text.FlexCAN_0_XCP_TX_ISR
                0x000303e8       0x8c C:/Program Files (x86)/NewEagle/Raptor/2021b_1.0.14409/GCM-5605B-048/lib/\GCM-5605B-048-2104.a(flexcan_init.o)
                0x000303e8                FlexCAN_0_XCP_TX_ISR
 *fill*         0x00030474        0x0 
 .text.FlexCAN_1_XCP_TX_ISR
                0x00030474       0x8c C:/Program Files (x86)/NewEagle/Raptor/2021b_1.0.14409/GCM-5605B-048/lib/\GCM-5605B-048-2104.a(flexcan_init.o)
                0x00030474                FlexCAN_1_XCP_TX_ISR
 *fill*         0x00030500        0x0 
 .text.FlexCAN_2_XCP_TX_ISR
                0x00030500       0x90 C:/Program Files (x86)/NewEagle/Raptor/2021b_1.0.14409/GCM-5605B-048/lib/\GCM-5605B-048-2104.a(flexcan_init.o)
                0x00030500                FlexCAN_2_XCP_TX_ISR
 .text.FlexCAN_3_XCP_TX_ISR
                0x00030590       0x90 C:/Program Files (x86)/NewEagle/Raptor/2021b_1.0.14409/GCM-5605B-048/lib/\GCM-5605B-048-2104.a(flexcan_init.o)
                0x00030590                FlexCAN_3_XCP_TX_ISR
 .text.FlexCAN_4_XCP_TX_ISR
                0x00030620       0x90 C:/Program Files (x86)/NewEagle/Raptor/2021b_1.0.14409/GCM-5605B-048/lib/\GCM-5605B-048-2104.a(flexcan_init.o)
                0x00030620                FlexCAN_4_XCP_TX_ISR
 .text.FlexCAN_5_XCP_TX_ISR
                0x000306b0       0x90 C:/Program Files (x86)/NewEagle/Raptor/2021b_1.0.14409/GCM-5605B-048/lib/\GCM-5605B-048-2104.a(flexcan_init.o)
                0x000306b0                FlexCAN_5_XCP_TX_ISR
 .text.FlexCAN_0_RX_ISR
                0x00030740      0x184 C:/Program Files (x86)/NewEagle/Raptor/2021b_1.0.14409/GCM-5605B-048/lib/\GCM-5605B-048-2104.a(flexcan_init.o)
                0x00030740                FlexCAN_0_RX_ISR
 *fill*         0x000308c4        0x0 
 .text.FlexCAN_1_RX_ISR
                0x000308c4      0x184 C:/Program Files (x86)/NewEagle/Raptor/2021b_1.0.14409/GCM-5605B-048/lib/\GCM-5605B-048-2104.a(flexcan_init.o)
                0x000308c4                FlexCAN_1_RX_ISR
 *fill*         0x00030a48        0x0 
 .text.FlexCAN_2_RX_ISR
                0x00030a48      0x1bc C:/Program Files (x86)/NewEagle/Raptor/2021b_1.0.14409/GCM-5605B-048/lib/\GCM-5605B-048-2104.a(flexcan_init.o)
                0x00030a48                FlexCAN_2_RX_ISR
 *fill*         0x00030c04        0x0 
 .text.FlexCAN_3_RX_ISR
                0x00030c04      0x1bc C:/Program Files (x86)/NewEagle/Raptor/2021b_1.0.14409/GCM-5605B-048/lib/\GCM-5605B-048-2104.a(flexcan_init.o)
                0x00030c04                FlexCAN_3_RX_ISR
 *fill*         0x00030dc0        0x0 
 .text.FlexCAN_4_RX_ISR
                0x00030dc0      0x188 C:/Program Files (x86)/NewEagle/Raptor/2021b_1.0.14409/GCM-5605B-048/lib/\GCM-5605B-048-2104.a(flexcan_init.o)
                0x00030dc0                FlexCAN_4_RX_ISR
 *fill*         0x00030f48        0x0 
 .text.FlexCAN_5_RX_ISR
                0x00030f48      0x188 C:/Program Files (x86)/NewEagle/Raptor/2021b_1.0.14409/GCM-5605B-048/lib/\GCM-5605B-048-2104.a(flexcan_init.o)
                0x00030f48                FlexCAN_5_RX_ISR
 *fill*         0x000310d0        0x0 
 .text.FlexCAN_0_ESR_ISR
                0x000310d0       0x14 C:/Program Files (x86)/NewEagle/Raptor/2021b_1.0.14409/GCM-5605B-048/lib/\GCM-5605B-048-2104.a(flexcan_init.o)
                0x000310d0                FlexCAN_0_ESR_ISR
 .text.FlexCAN_0_BOFF_ISR
                0x000310e4       0x14 C:/Program Files (x86)/NewEagle/Raptor/2021b_1.0.14409/GCM-5605B-048/lib/\GCM-5605B-048-2104.a(flexcan_init.o)
                0x000310e4                FlexCAN_0_BOFF_ISR
 .text.FlexCAN_1_ESR_ISR
                0x000310f8       0x14 C:/Program Files (x86)/NewEagle/Raptor/2021b_1.0.14409/GCM-5605B-048/lib/\GCM-5605B-048-2104.a(flexcan_init.o)
                0x000310f8                FlexCAN_1_ESR_ISR
 .text.FlexCAN_1_BOFF_ISR
                0x0003110c       0x14 C:/Program Files (x86)/NewEagle/Raptor/2021b_1.0.14409/GCM-5605B-048/lib/\GCM-5605B-048-2104.a(flexcan_init.o)
                0x0003110c                FlexCAN_1_BOFF_ISR
 .text.FlexCAN_2_ESR_ISR
                0x00031120       0x14 C:/Program Files (x86)/NewEagle/Raptor/2021b_1.0.14409/GCM-5605B-048/lib/\GCM-5605B-048-2104.a(flexcan_init.o)
                0x00031120                FlexCAN_2_ESR_ISR
 .text.FlexCAN_2_BOFF_ISR
                0x00031134       0x14 C:/Program Files (x86)/NewEagle/Raptor/2021b_1.0.14409/GCM-5605B-048/lib/\GCM-5605B-048-2104.a(flexcan_init.o)
                0x00031134                FlexCAN_2_BOFF_ISR
 .text.FlexCAN_3_ESR_ISR
                0x00031148       0x14 C:/Program Files (x86)/NewEagle/Raptor/2021b_1.0.14409/GCM-5605B-048/lib/\GCM-5605B-048-2104.a(flexcan_init.o)
                0x00031148                FlexCAN_3_ESR_ISR
 .text.FlexCAN_3_BOFF_ISR
                0x0003115c       0x14 C:/Program Files (x86)/NewEagle/Raptor/2021b_1.0.14409/GCM-5605B-048/lib/\GCM-5605B-048-2104.a(flexcan_init.o)
                0x0003115c                FlexCAN_3_BOFF_ISR
 .text.FlexCAN_4_ESR_ISR
                0x00031170       0x14 C:/Program Files (x86)/NewEagle/Raptor/2021b_1.0.14409/GCM-5605B-048/lib/\GCM-5605B-048-2104.a(flexcan_init.o)
                0x00031170                FlexCAN_4_ESR_ISR
 .text.FlexCAN_4_BOFF_ISR
                0x00031184       0x14 C:/Program Files (x86)/NewEagle/Raptor/2021b_1.0.14409/GCM-5605B-048/lib/\GCM-5605B-048-2104.a(flexcan_init.o)
                0x00031184                FlexCAN_4_BOFF_ISR
 .text.FlexCAN_5_ESR_ISR
                0x00031198       0x14 C:/Program Files (x86)/NewEagle/Raptor/2021b_1.0.14409/GCM-5605B-048/lib/\GCM-5605B-048-2104.a(flexcan_init.o)
                0x00031198                FlexCAN_5_ESR_ISR
 .text.FlexCAN_5_BOFF_ISR
                0x000311ac       0x14 C:/Program Files (x86)/NewEagle/Raptor/2021b_1.0.14409/GCM-5605B-048/lib/\GCM-5605B-048-2104.a(flexcan_init.o)
                0x000311ac                FlexCAN_5_BOFF_ISR
 .text.FlexCAN_SET_RX_CALLBACK_RANGE
                0x000311c0      0x120 C:/Program Files (x86)/NewEagle/Raptor/2021b_1.0.14409/GCM-5605B-048/lib/\GCM-5605B-048-2104.a(flexcan_init.o)
                0x000311c0                FlexCAN_SET_RX_CALLBACK_RANGE
 *fill*         0x000312e0        0x0 
 .text.SetIVPR  0x000312e0       0x1c C:/Program Files (x86)/NewEagle/Raptor/2021b_1.0.14409/GCM-5605B-048/lib/\GCM-5605B-048-2104.a(Interrupt_Init.o)
                0x000312e0                SetIVPR
 *fill*         0x000312fc        0x0 
 .text.InitINTC
                0x000312fc       0x30 C:/Program Files (x86)/NewEagle/Raptor/2021b_1.0.14409/GCM-5605B-048/lib/\GCM-5605B-048-2104.a(Interrupt_Init.o)
                0x000312fc                InitINTC
 .text.enableIrq
                0x0003132c       0x24 C:/Program Files (x86)/NewEagle/Raptor/2021b_1.0.14409/GCM-5605B-048/lib/\GCM-5605B-048-2104.a(Interrupt_Init.o)
                0x0003132c                enableIrq
 *fill*         0x00031350        0x0 
 .text.Interrupt_Init
                0x00031350       0x34 C:/Program Files (x86)/NewEagle/Raptor/2021b_1.0.14409/GCM-5605B-048/lib/\GCM-5605B-048-2104.a(Interrupt_Init.o)
                0x00031350                Interrupt_Init
 .text.Interrupt_Enable
                0x00031384       0x18 C:/Program Files (x86)/NewEagle/Raptor/2021b_1.0.14409/GCM-5605B-048/lib/\GCM-5605B-048-2104.a(Interrupt_Init.o)
                0x00031384                Interrupt_Enable
 .text.Interrupt_Disable
                0x0003139c       0x18 C:/Program Files (x86)/NewEagle/Raptor/2021b_1.0.14409/GCM-5605B-048/lib/\GCM-5605B-048-2104.a(Interrupt_Init.o)
                0x0003139c                Interrupt_Disable
 .text.LIN_Tx_MasterFrame
                0x000313b4      0x1a8 C:/Program Files (x86)/NewEagle/Raptor/2021b_1.0.14409/GCM-5605B-048/lib/\GCM-5605B-048-2104.a(lin.o)
 *fill*         0x0003155c        0x0 
 .text.LIN_Tx_CheckFrameComplete
                0x0003155c       0x68 C:/Program Files (x86)/NewEagle/Raptor/2021b_1.0.14409/GCM-5605B-048/lib/\GCM-5605B-048-2104.a(lin.o)
 *fill*         0x000315c4        0x0 
 .text.LIN_Rx_SlaveFrame
                0x000315c4       0xb4 C:/Program Files (x86)/NewEagle/Raptor/2021b_1.0.14409/GCM-5605B-048/lib/\GCM-5605B-048-2104.a(lin.o)
 .text.LIN_Rx_CheckFrameComplete
                0x00031678      0x13c C:/Program Files (x86)/NewEagle/Raptor/2021b_1.0.14409/GCM-5605B-048/lib/\GCM-5605B-048-2104.a(lin.o)
                0x00031678                LIN_Rx_CheckFrameComplete
 .text.LIN_SetSchedule
                0x000317b4       0x6c C:/Program Files (x86)/NewEagle/Raptor/2021b_1.0.14409/GCM-5605B-048/lib/\GCM-5605B-048-2104.a(lin.o)
                0x000317b4                LIN_SetSchedule
 *fill*         0x00031820        0x0 
 .text.LIN_GetSchedule
                0x00031820       0x20 C:/Program Files (x86)/NewEagle/Raptor/2021b_1.0.14409/GCM-5605B-048/lib/\GCM-5605B-048-2104.a(lin.o)
                0x00031820                LIN_GetSchedule
 *fill*         0x00031840        0x0 
 .text.LIN_Master_Init
                0x00031840      0x1f0 C:/Program Files (x86)/NewEagle/Raptor/2021b_1.0.14409/GCM-5605B-048/lib/\GCM-5605B-048-2104.a(lin.o)
                0x00031840                LIN_Master_Init
 *fill*         0x00031a30        0x0 
 .text.LIN_Slave_Init
                0x00031a30      0x1d0 C:/Program Files (x86)/NewEagle/Raptor/2021b_1.0.14409/GCM-5605B-048/lib/\GCM-5605B-048-2104.a(lin.o)
                0x00031a30                LIN_Slave_Init
 .text.LIN_Init
                0x00031c00       0xa8 C:/Program Files (x86)/NewEagle/Raptor/2021b_1.0.14409/GCM-5605B-048/lib/\GCM-5605B-048-2104.a(lin.o)
                0x00031c00                LIN_Init
 .text.LIN_Com  0x00031ca8      0x3e8 C:/Program Files (x86)/NewEagle/Raptor/2021b_1.0.14409/GCM-5605B-048/lib/\GCM-5605B-048-2104.a(lin.o)
                0x00031ca8                LIN_Com
 *fill*         0x00032090        0x0 
 .text.LIN_GetMasterStatus
                0x00032090       0x94 C:/Program Files (x86)/NewEagle/Raptor/2021b_1.0.14409/GCM-5605B-048/lib/\GCM-5605B-048-2104.a(lin.o)
                0x00032090                LIN_GetMasterStatus
 .text.LIN_GetSlaveStatus
                0x00032124       0x9c C:/Program Files (x86)/NewEagle/Raptor/2021b_1.0.14409/GCM-5605B-048/lib/\GCM-5605B-048-2104.a(lin.o)
                0x00032124                LIN_GetSlaveStatus
 *fill*         0x000321c0        0x0 
 .text.find_first_frame
                0x000321c0      0x118 C:/Program Files (x86)/NewEagle/Raptor/2021b_1.0.14409/GCM-5605B-048/lib/\GCM-5605B-048-2104.a(lin.o)
                0x000321c0                find_first_frame
 *fill*         0x000322d8        0x0 
 .text.find_frame_in_node
                0x000322d8       0xf0 C:/Program Files (x86)/NewEagle/Raptor/2021b_1.0.14409/GCM-5605B-048/lib/\GCM-5605B-048-2104.a(lin.o)
                0x000322d8                find_frame_in_node
 *fill*         0x000323c8        0x0 
 .text.LIN_RX_Callback
                0x000323c8      0x6f0 C:/Program Files (x86)/NewEagle/Raptor/2021b_1.0.14409/GCM-5605B-048/lib/\GCM-5605B-048-2104.a(lin.o)
                0x000323c8                LIN_RX_Callback
 .text.LINFLEX_0_RX_ISR
                0x00032ab8       0x24 C:/Program Files (x86)/NewEagle/Raptor/2021b_1.0.14409/GCM-5605B-048/lib/\GCM-5605B-048-2104.a(lin.o)
                0x00032ab8                LINFLEX_0_RX_ISR
 *fill*         0x00032adc        0x0 
 .text.LIN_TX_Callback
                0x00032adc      0x198 C:/Program Files (x86)/NewEagle/Raptor/2021b_1.0.14409/GCM-5605B-048/lib/\GCM-5605B-048-2104.a(lin.o)
                0x00032adc                LIN_TX_Callback
 .text.LINFLEX_0_TX_ISR
                0x00032c74       0x24 C:/Program Files (x86)/NewEagle/Raptor/2021b_1.0.14409/GCM-5605B-048/lib/\GCM-5605B-048-2104.a(lin.o)
                0x00032c74                LINFLEX_0_TX_ISR
 *fill*         0x00032c98        0x0 
 .text.open_eeprom
                0x00032c98      0x13c C:/Program Files (x86)/NewEagle/Raptor/2021b_1.0.14409/GCM-5605B-048/lib/\GCM-5605B-048-2104.a(memory.o)
                0x00032c98                open_eeprom
 *fill*         0x00032dd4        0x0 
 .text.ee_read_page