Archive member included to satisfy reference by file (symbol)

C:/Program Files (x86)/NewEagle/Raptor/2021b_1.0.14409/GCM-5605B-048/lib/\xcp.a(xcp.o)
                              ./objs/hw_user.o (Xcp_Initialize)
C:/Program Files (x86)/NewEagle/Raptor/2021b_1.0.14409/GCM-5605B-048/lib/\xcp.a(xcpcan_cmd.o)
                              ./objs/xcp_protocol.o (XcpCan_CmdProc)
C:/Program Files (x86)/NewEagle/Raptor/2021b_1.0.14409/GCM-5605B-048/lib/\xcp.a(xcpcan_getrxbuf.o)
                              ./objs/xcp_protocol.o (XcpCan_GetRxBuf)
C:/Program Files (x86)/NewEagle/Raptor/2021b_1.0.14409/GCM-5605B-048/lib/\xcp.a(xcpcan_gettxbuf.o)
                              ./objs/xcp_protocol.o (XcpCan_GetTxBuf)
C:/Program Files (x86)/NewEagle/Raptor/2021b_1.0.14409/GCM-5605B-048/lib/\xcp.a(xcpcan_init.o)
                              ./objs/xcp_protocol.o (XcpCan_ResetDaqList)
C:/Program Files (x86)/NewEagle/Raptor/2021b_1.0.14409/GCM-5605B-048/lib/\xcp.a(xcpcan_peekrxbuf.o)
                              ./objs/xcp_protocol.o (XcpCan_PeekRxBuf)
C:/Program Files (x86)/NewEagle/Raptor/2021b_1.0.14409/GCM-5605B-048/lib/\xcp.a(xcpcan_rxcallback.o)
                              ./objs/XCP_App.o (XcpCan_RxCallback)
C:/Program Files (x86)/NewEagle/Raptor/2021b_1.0.14409/GCM-5605B-048/lib/\xcp.a(xcpcan_rxnext.o)
                              ./objs/xcp_protocol.o (XcpCan_RxNext)
C:/Program Files (x86)/NewEagle/Raptor/2021b_1.0.14409/GCM-5605B-048/lib/\xcp.a(xcpcan_txcallback.o)
                              ./objs/XCP_App.o (XcpCan_TxCallback)
C:/Program Files (x86)/NewEagle/Raptor/2021b_1.0.14409/GCM-5605B-048/lib/\xcp.a(xcpcan_txnext.o)
                              C:/Program Files (x86)/NewEagle/Raptor/2021b_1.0.14409/GCM-5605B-048/lib/\xcp.a(xcpcan_txcallback.o) (XcpCan_DoTransmit)
C:/Program Files (x86)/NewEagle/Raptor/2021b_1.0.14409/GCM-5605B-048/lib/\xcp.a(xcp_cmd.o)
                              C:/Program Files (x86)/NewEagle/Raptor/2021b_1.0.14409/GCM-5605B-048/lib/\xcp.a(xcp.o) (Xcp_CmdUnknown)
C:/Program Files (x86)/NewEagle/Raptor/2021b_1.0.14409/GCM-5605B-048/lib/\xcp.a(xcp_cmdcalpage.o)
                              C:/Program Files (x86)/NewEagle/Raptor/2021b_1.0.14409/GCM-5605B-048/lib/\xcp.a(xcp.o) (Xcp_CmdSetCalPage)
C:/Program Files (x86)/NewEagle/Raptor/2021b_1.0.14409/GCM-5605B-048/lib/\xcp.a(xcp_cmdchecksum.o)
                              C:/Program Files (x86)/NewEagle/Raptor/2021b_1.0.14409/GCM-5605B-048/lib/\xcp.a(xcp.o) (Xcp_CmdBuildChecksum)
C:/Program Files (x86)/NewEagle/Raptor/2021b_1.0.14409/GCM-5605B-048/lib/\xcp.a(xcp_cmdconnect.o)
                              C:/Program Files (x86)/NewEagle/Raptor/2021b_1.0.14409/GCM-5605B-048/lib/\xcp.a(xcp.o) (Xcp_CmdConnect)
C:/Program Files (x86)/NewEagle/Raptor/2021b_1.0.14409/GCM-5605B-048/lib/\xcp.a(xcp_cmddaq.o)
                              C:/Program Files (x86)/NewEagle/Raptor/2021b_1.0.14409/GCM-5605B-048/lib/\xcp.a(xcp.o) (Xcp_CmdClearDaqList)
C:/Program Files (x86)/NewEagle/Raptor/2021b_1.0.14409/GCM-5605B-048/lib/\xcp.a(xcp_cmddownload.o)
                              C:/Program Files (x86)/NewEagle/Raptor/2021b_1.0.14409/GCM-5605B-048/lib/\xcp.a(xcp.o) (Xcp_CmdDownload)
C:/Program Files (x86)/NewEagle/Raptor/2021b_1.0.14409/GCM-5605B-048/lib/\xcp.a(xcp_cmddyndaq.o)
                              C:/Program Files (x86)/NewEagle/Raptor/2021b_1.0.14409/GCM-5605B-048/lib/\xcp.a(xcp.o) (Xcp_CmdFreeDaq)
C:/Program Files (x86)/NewEagle/Raptor/2021b_1.0.14409/GCM-5605B-048/lib/\xcp.a(xcp_cmdflash.o)
                              C:/Program Files (x86)/NewEagle/Raptor/2021b_1.0.14409/GCM-5605B-048/lib/\xcp.a(xcp.o) (Xcp_CmdProgramStart)
C:/Program Files (x86)/NewEagle/Raptor/2021b_1.0.14409/GCM-5605B-048/lib/\xcp.a(xcp_cmdseednkey.o)
                              C:/Program Files (x86)/NewEagle/Raptor/2021b_1.0.14409/GCM-5605B-048/lib/\xcp.a(xcp.o) (Xcp_CmdGetSeed)
C:/Program Files (x86)/NewEagle/Raptor/2021b_1.0.14409/GCM-5605B-048/lib/\xcp.a(xcp_cmdupload.o)
                              C:/Program Files (x86)/NewEagle/Raptor/2021b_1.0.14409/GCM-5605B-048/lib/\xcp.a(xcp.o) (Xcp_CmdUpload)
C:/Program Files (x86)/NewEagle/Raptor/2021b_1.0.14409/GCM-5605B-048/lib/\xcp.a(xcp_event.o)
                              ./objs/XCP_App.o (Xcp_Event)
C:/Program Files (x86)/NewEagle/Raptor/2021b_1.0.14409/GCM-5605B-048/lib/\xcp.a(xcp_stim.o)
                              C:/Program Files (x86)/NewEagle/Raptor/2021b_1.0.14409/GCM-5605B-048/lib/\xcp.a(xcp_event.o) (Xcp_StimProcessor)
C:/Program Files (x86)/NewEagle/Raptor/2021b_1.0.14409/GCM-5605B-048/lib/\xcp.a(xcp_target.o)
                              C:/Program Files (x86)/NewEagle/Raptor/2021b_1.0.14409/GCM-5605B-048/lib/\xcp.a(xcpcan_rxcallback.o) (Xcp_MemCopy)
C:/Program Files (x86)/NewEagle/Raptor/2021b_1.0.14409/GCM-5605B-048/lib/\xcp.a(SeednKey.o)
[...]
Memory Configuration

Name             Origin             Length             Attributes
flash_app_desc   0x00020000         0x00000100
flash_app        0x00020100         0x0009ff00
flash_end        0x000bffff         0x00000000
sram_memory      0x40000000         0x0000ff80
bootmailbox      0x4000ff80         0x00000080
*default*        0x00000000         0xffffffff

Linker script and memory map

LOAD c:/nxp/s32ds_power_v2.1/s32ds/build_tools/powerpc-eabivle-4_9/bin/../lib/gcc/powerpc-eabivle/4.9.4/ecrti.o
LOAD c:/nxp/s32ds_power_v2.1/s32ds/build_tools/powerpc-eabivle-4_9/bin/../lib/gcc/powerpc-eabivle/4.9.4/crtbegin.o
LOAD ./objs/LIN2.o
LOAD ./objs/Lightning_McSeas_VCU_Current_Mode.o
LOAD ./objs/Timer_BGND_9AY_V.o
LOAD ./objs/Timer_ooqlV.o
LOAD ./objs/XCP_App.o
LOAD ./objs/can_1117__0071.o
LOAD ./objs/can_1118__0071.o
LOAD ./objs/data.o
LOAD ./objs/hw_user.o
LOAD ./objs/lin_1119__0071.o
LOAD ./objs/lin_general.o
LOAD ./objs/raptor_printf.o
LOAD ./objs/xcp_protocol.o
LOAD C:/Program Files (x86)/NewEagle/Raptor/2021b_1.0.14409/GCM-5605B-048/lib/\xcp.a
LOAD C:/Program Files (x86)/NewEagle/Raptor/2021b_1.0.14409/GCM-5605B-048/lib/\GCM-5605B-048-2104.a
START GROUP
LOAD C:/NXP/S32DS_Power_v2.1/S32DS/build_tools/e200_ewl2/lib\libc99.a
LOAD C:/NXP/S32DS_Power_v2.1/S32DS/build_tools/e200_ewl2/lib\libm.a
LOAD c:/nxp/s32ds_power_v2.1/s32ds/build_tools/powerpc-eabivle-4_9/bin/../lib/gcc/powerpc-eabivle/4.9.4\libgcc.a
LOAD C:/NXP/S32DS_Power_v2.1/S32DS/build_tools/e200_ewl2/lib\librt.a
END GROUP
LOAD c:/nxp/s32ds_power_v2.1/s32ds/build_tools/powerpc-eabivle-4_9/bin/../lib/gcc/powerpc-eabivle/4.9.4/crtend.o
LOAD c:/nxp/s32ds_power_v2.1/s32ds/build_tools/powerpc-eabivle-4_9/bin/../lib/gcc/powerpc-eabivle/4.9.4/ecrtn.o
                0x00000000                __HEAP_SIZE = 0x0
                0x00000100                __STACK_MARGIN = 0x100
                0x00000800                __STACK_SIZE = 0x800
                0x00010000                SRAM_SIZE = 0x10000
                0x40000000                SRAM_BASE_ADDR = 0x40000000

.app_desc       0x00020000       0x70
                0x00020000                __ROM_IMAGE_START = .
 *(.app_desc)
 .app_desc      0x00020000       0x70 C:/Program Files (x86)/NewEagle/Raptor/2021b_1.0.14409/GCM-5605B-048/lib/\GCM-5605B-048-2104.a(app_descriptor_cfg.o)
                0x00020000                AppDescriptor
                0x00020070                __gccbegin_rom = .

.startup        0x00020400      0x130
                0x00020400                __start = .
 *(.startup)
 .startup       0x00020400      0x130 C:/Program Files (x86)/NewEagle/Raptor/2021b_1.0.14409/GCM-5605B-048/lib/\GCM-5605B-048-2104.a(startup.o)
                0x00020400                _start

.core_exceptions_table
                0x00021000       0xf4
                0x00021000                __IVPR_VALUE = .
 *(.core_exceptions_table)
 .core_exceptions_table
                0x00021000       0xf4 C:/Program Files (x86)/NewEagle/Raptor/2021b_1.0.14409/GCM-5605B-048/lib/\GCM-5605B-048-2104.a(exceptions.o)
                0x00021000                VTABLE
                0x00021000                IVOR0_Vector
                0x00021010                IVOR1_Vector
                0x00021020                IVOR2_Vector
                0x00021030                IVOR3_Vector
                0x00021040                IVOR4_Vector
                0x00021050                IVOR5_Vector
                0x00021060                IVOR6_Vector
                0x00021070                IVOR7_Vector
                0x00021080                IVOR8_Vector
                0x00021090                IVOR9_Vector
                0x000210a0                IVOR10_Vector
                0x000210b0                IVOR11_Vector
                0x000210c0                IVOR12_Vector
                0x000210d0                IVOR13_Vector
                0x000210e0                IVOR14_Vector
                0x000210f0                IVOR15_Vector

.intc_vector_table
                0x00022000      0xff0
 *(.intc_vector_table)
 .intc_vector_table
                0x00022000      0xff0 C:/Program Files (x86)/NewEagle/Raptor/2021b_1.0.14409/GCM-5605B-048/lib/\GCM-5605B-048-2104.a(isr_table.o)
                0x00022000                IntcIsrVectorTable

.text           0x00022ff0    0x1a060
 *(.text.startup)
 *(.text)
 .text          0x00022ff0        0x0 c:/nxp/s32ds_power_v2.1/s32ds/build_tools/powerpc-eabivle-4_9/bin/../lib/gcc/powerpc-eabivle/4.9.4/ecrti.o
 .text          0x00022ff0      0x16c c:/nxp/s32ds_power_v2.1/s32ds/build_tools/powerpc-eabivle-4_9/bin/../lib/gcc/powerpc-eabivle/4.9.4/crtbegin.o
 .text          0x0002315c        0x0 ./objs/LIN2.o
 .text          0x0002315c        0x0 ./objs/Lightning_McSeas_VCU_Current_Mode.o
 .text          0x0002315c        0x0 ./objs/Timer_BGND_9AY_V.o
 .text          0x0002315c        0x0 ./objs/Timer_ooqlV.o
 .text          0x0002315c        0x0 ./objs/XCP_App.o
 .text          0x0002315c        0x0 ./objs/can_1117__0071.o
 .text          0x0002315c        0x0 ./objs/can_1118__0071.o
 .text          0x0002315c        0x0 ./objs/data.o
 .text          0x0002315c        0x0 ./objs/hw_user.o
 .text          0x0002315c        0x0 ./objs/lin_1119__0071.o
 .text          0x0002315c        0x0 ./objs/lin_general.o
 .text          0x0002315c        0x0 ./objs/raptor_printf.o
 .text          0x0002315c        0x0 ./objs/xcp_protocol.o
 .text          0x0002315c        0x0 C:/Program Files (x86)/NewEagle/Raptor/2021b_1.0.14409/GCM-5605B-048/lib/\xcp.a(xcp.o)
 .text          0x0002315c        0x0 C:/Program Files (x86)/NewEagle/Raptor/2021b_1.0.14409/GCM-5605B-048/lib/\xcp.a(xcpcan_cmd.o)
 .text          0x0002315c        0x0 C:/Program Files (x86)/NewEagle/Raptor/2021b_1.0.14409/GCM-5605B-048/lib/\xcp.a(xcpcan_getrxbuf.o)
 .text          0x0002315c        0x0 C:/Program Files (x86)/NewEagle/Raptor/2021b_1.0.14409/GCM-5605B-048/lib/\xcp.a(xcpcan_gettxbuf.o)
 .text          0x0002315c        0x0 C:/Program Files (x86)/NewEagle/Raptor/2021b_1.0.14409/GCM-5605B-048/lib/\xcp.a(xcpcan_init.o)
 .text          0x0002315c        0x0 C:/Program Files (x86)/NewEagle/Raptor/2021b_1.0.14409/GCM-5605B-048/lib/\xcp.a(xcpcan_peekrxbuf.o)
 .text          0x0002315c        0x0 C:/Program Files (x86)/NewEagle/Raptor/2021b_1.0.14409/GCM-5605B-048/lib/\xcp.a(xcpcan_rxcallback.o)
 .text          0x0002315c        0x0 C:/Program Files (x86)/NewEagle/Raptor/2021b_1.0.14409/GCM-5605B-048/lib/\xcp.a(xcpcan_rxnext.o)
 .text          0x0002315c        0x0 C:/Program Files (x86)/NewEagle/Raptor/2021b_1.0.14409/GCM-5605B-048/lib/\xcp.a(xcpcan_txcallback.o)
 .text          0x0002315c        0x0 C:/Program Files (x86)/NewEagle/Raptor/2021b_1.0.14409/GCM-5605B-048/lib/\xcp.a(xcpcan_txnext.o)
 .text          0x0002315c        0x0 C:/Program Files (x86)/NewEagle/Raptor/2021b_1.0.14409/GCM-5605B-048/lib/\xcp.a(xcp_cmd.o)
 .text          0x0002315c        0x0 C:/Program Files (x86)/NewEagle/Raptor/2021b_1.0.14409/GCM-5605B-048/lib/\xcp.a(xcp_cmdcalpage.o)
 .text          0x0002315c        0x0 C:/Program Files (x86)/NewEagle/Raptor/2021b_1.0.14409/GCM-5605B-048/lib/\xcp.a(xcp_cmdchecksum.o)
 .text          0x0002315c        0x0 C:/Program Files (x86)/NewEagle/Raptor/2021b_1.0.14409/GCM-5605B-048/lib/\xcp.a(xcp_cmdconnect.o)
 .text          0x0002315c        0x0 C:/Program Files (x86)/NewEagle/Raptor/2021b_1.0.14409/GCM-5605B-048/lib/\xcp.a(xcp_cmddaq.o)
 .text          0x0002315c        0x0 C:/Program Files (x86)/NewEagle/Raptor/2021b_1.0.14409/GCM-5605B-048/lib/\xcp.a(xcp_cmddownload.o)
 .text          0x0002315c        0x0 C:/Program Files (x86)/NewEagle/Raptor/2021b_1.0.14409/GCM-5605B-048/lib/\xcp.a(xcp_cmddyndaq.o)
 .text          0x0002315c        0x0 C:/Program Files (x86)/NewEagle/Raptor/2021b_1.0.14409/GCM-5605B-048/lib/\xcp.a(xcp_cmdflash.o)
 .text          0x0002315c        0x0 C:/Program Files (x86)/NewEagle/Raptor/2021b_1.0.14409/GCM-5605B-048/lib/\xcp.a(xcp_cmdseednkey.o)
 .text          0x0002315c        0x0 C:/Program Files (x86)/NewEagle/Raptor/2021b_1.0.14409/GCM-5605B-048/lib/\xcp.a(xcp_cmdupload.o)
 .text          0x0002315c        0x0 C:/Program Files (x86)/NewEagle/Raptor/2021b_1.0.14409/GCM-5605B-048/lib/\xcp.a(xcp_event.o)
 .text          0x0002315c        0x0 C:/Program Files (x86)/NewEagle/Raptor/2021b_1.0.14409/GCM-5605B-048/lib/\xcp.a(xcp_stim.o)
 .text          0x0002315c        0x0 C:/Program Files (x86)/NewEagle/Raptor/2021b_1.0.14409/GCM-5605B-048/lib/\xcp.a(xcp_target.o)
 .text          0x0002315c        0x0 C:/Program Files (x86)/NewEagle/Raptor/2021b_1.0.14409/GCM-5605B-048/lib/\xcp.a(SeednKey.o)
 .text          0x0002315c        0x0 C:/Program Files (x86)/NewEagle/Raptor/2021b_1.0.14409/GCM-5605B-048/lib/\xcp.a(xcp_callbacks.o)
 .text          0x0002315c        0x0 C:/Program Files (x86)/NewEagle/Raptor/2021b_1.0.14409/GCM-5605B-048/lib/\xcp.a(xcp_daq.o)
 .text          0x0002315c        0x0 C:/Program Files (x86)/NewEagle/Raptor/2021b_1.0.14409/GCM-5605B-048/lib/\GCM-5605B-048-2104.a(adc.o)
 .text          0x0002315c        0x0 C:/Program Files (x86)/NewEagle/Raptor/2021b_1.0.14409/GCM-5605B-048/lib/\GCM-5605B-048-2104.a(can.o)
 .text          0x0002315c        0x0 C:/Program Files (x86)/NewEagle/Raptor/2021b_1.0.14409/GCM-5605B-048/lib/\GCM-5605B-048-2104.a(can_config.o)
 .text          0x0002315c        0x0 C:/Program Files (x86)/NewEagle/Raptor/2021b_1.0.14409/GCM-5605B-048/lib/\GCM-5605B-048-2104.a(crc.o)
 .text          0x0002315c        0x0 C:/Program Files (x86)/NewEagle/Raptor/2021b_1.0.14409/GCM-5605B-048/lib/\GCM-5605B-048-2104.a(digital_input.o)
 .text          0x0002315c        0x0 C:/Program Files (x86)/NewEagle/Raptor/2021b_1.0.14409/GCM-5605B-048/lib/\GCM-5605B-048-2104.a(flexcan_init.o)
 .text          0x0002315c        0x0 C:/Program Files (x86)/NewEagle/Raptor/2021b_1.0.14409/GCM-5605B-048/lib/\GCM-5605B-048-2104.a(Interrupt_Init.o)
 .text          0x0002315c        0x0 C:/Program Files (x86)/NewEagle/Raptor/2021b_1.0.14409/GCM-5605B-048/lib/\GCM-5605B-048-2104.a(io_config.o)
 .text          0x0002315c        0xc C:/Program Files (x86)/NewEagle/Raptor/2021b_1.0.14409/GCM-5605B-048/lib/\GCM-5605B-048-2104.a(isr_table.o)
                0x0002315c                dummy
 .text          0x00023168        0x0 C:/Program Files (x86)/NewEagle/Raptor/2021b_1.0.14409/GCM-5605B-048/lib/\GCM-5605B-048-2104.a(lin.o)
 .text          0x00023168        0x0 C:/Program Files (x86)/NewEagle/Raptor/2021b_1.0.14409/GCM-5605B-048/lib/\GCM-5605B-048-2104.a(memory.o)
 .text          0x00023168        0x0 C:/Program Files (x86)/NewEagle/Raptor/2021b_1.0.14409/GCM-5605B-048/lib/\GCM-5605B-048-2104.a(outputs.o)
 .text          0x00023168        0x0 C:/Program Files (x86)/NewEagle/Raptor/2021b_1.0.14409/GCM-5605B-048/lib/\GCM-5605B-048-2104.a(processor_support.o)
 .text          0x00023168        0x0 C:/Program Files (x86)/NewEagle/Raptor/2021b_1.0.14409/GCM-5605B-048/lib/\GCM-5605B-048-2104.a(startup.o)
 .text          0x00023168        0x0 C:/Program Files (x86)/NewEagle/Raptor/2021b_1.0.14409/GCM-5605B-048/lib/\GCM-5605B-048-2104.a(system.o)
 .text          0x00023168        0x0 C:/Program Files (x86)/NewEagle/Raptor/2021b_1.0.14409/GCM-5605B-048/lib/\GCM-5605B-048-2104.a(sys_lib.o)
 .text          0x00023168        0x0 C:/Program Files (x86)/NewEagle/Raptor/2021b_1.0.14409/GCM-5605B-048/lib/\GCM-5605B-048-2104.a(task_scheduler.o)
 .text          0x00023168        0x0 C:/Program Files (x86)/NewEagle/Raptor/2021b_1.0.14409/GCM-5605B-048/lib/\GCM-5605B-048-2104.a(time.o)
 .text          0x00023168        0x0 C:/Program Files (x86)/NewEagle/Raptor/2021b_1.0.14409/GCM-5605B-048/lib/\GCM-5605B-048-2104.a(app_descriptor_cfg.o)
 .text          0x00023168        0x0 C:/Program Files (x86)/NewEagle/Raptor/2021b_1.0.14409/GCM-5605B-048/lib/\GCM-5605B-048-2104.a(bootmailbox.o)
 .text          0x00023168        0x0 C:/Program Files (x86)/NewEagle/Raptor/2021b_1.0.14409/GCM-5605B-048/lib/\GCM-5605B-048-2104.a(drv_diagnostics.o)
 .text          0x00023168        0x0 C:/Program Files (x86)/NewEagle/Raptor/2021b_1.0.14409/GCM-5605B-048/lib/\GCM-5605B-048-2104.a(eed_highlevel.o)
 .text          0x00023168        0x0 C:/Program Files (x86)/NewEagle/Raptor/2021b_1.0.14409/GCM-5605B-048/lib/\GCM-5605B-048-2104.a(eed_lowlevel.o)
 .text          0x00023168        0x0 C:/Program Files (x86)/NewEagle/Raptor/2021b_1.0.14409/GCM-5605B-048/lib/\GCM-5605B-048-2104.a(eed_middlelevel.o)
 .text          0x00023168        0x0 C:/Program Files (x86)/NewEagle/Raptor/2021b_1.0.14409/GCM-5605B-048/lib/\GCM-5605B-048-2104.a(ee_C90_utils.o)
 .text          0x00023168        0x0 C:/Program Files (x86)/NewEagle/Raptor/2021b_1.0.14409/GCM-5605B-048/lib/\GCM-5605B-048-2104.a(ee_config.o)
 .text          0x00023168        0x0 C:/Program Files (x86)/NewEagle/Raptor/2021b_1.0.14409/GCM-5605B-048/lib/\GCM-5605B-048-2104.a(emios_init.o)
 .text          0x00023168        0x0 C:/Program Files (x86)/NewEagle/Raptor/2021b_1.0.14409/GCM-5605B-048/lib/\GCM-5605B-048-2104.a(exceptions.o)
 *fill*         0x00023168        0x8 
 .text          0x00023170      0x160 C:/Program Files (x86)/NewEagle/Raptor/2021b_1.0.14409/GCM-5605B-048/lib/\GCM-5605B-048-2104.a(intc_sw_handlers.o)
                0x00023170                interrupt_handler
                0x000231b8                IVOR1_Handler
                0x00023244                IVOR2_Handler
 .text          0x000232d0        0x0 C:/Program Files (x86)/NewEagle/Raptor/2021b_1.0.14409/GCM-5605B-048/lib/\GCM-5605B-048-2104.a(pwm_input.o)
 .text          0x000232d0        0x0 C:/Program Files (x86)/NewEagle/Raptor/2021b_1.0.14409/GCM-5605B-048/lib/\GCM-5605B-048-2104.a(spidrv.o)
 .text          0x000232d0        0x0 C:/Program Files (x86)/NewEagle/Raptor/2021b_1.0.14409/GCM-5605B-048/lib/\GCM-5605B-048-2104.a(sysclk_init.o)
 .text          0x000232d0        0x0 C:/NXP/S32DS_Power_v2.1/S32DS/build_tools/e200_ewl2/lib\libc99.a(alloc.o)
 .text          0x000232d0        0x0 C:/NXP/S32DS_Power_v2.1/S32DS/build_tools/e200_ewl2/lib\libc99.a(rand.o)
 .text          0x000232d0        0x0 C:/NXP/S32DS_Power_v2.1/S32DS/build_tools/e200_ewl2/lib\libc99.a(memcmp.o)
 .text          0x000232d0        0x0 C:/NXP/S32DS_Power_v2.1/S32DS/build_tools/e200_ewl2/lib\libc99.a(memcpy.o)
 .text          0x000232d0        0x0 C:/NXP/S32DS_Power_v2.1/S32DS/build_tools/e200_ewl2/lib\libc99.a(memset.o)
 .text          0x000232d0        0x0 C:/NXP/S32DS_Power_v2.1/S32DS/build_tools/e200_ewl2/lib\libc99.a(__filll_mem.o)
 .text          0x000232d0        0x0 C:/NXP/S32DS_Power_v2.1/S32DS/build_tools/e200_ewl2/lib\libm.a(float.o)
 .text          0x000232d0        0x0 C:/NXP/S32DS_Power_v2.1/S32DS/build_tools/e200_ewl2/lib\libm.a(math_api.o)
 .text          0x000232d0       0x30 c:/nxp/s32ds_power_v2.1/s32ds/build_tools/powerpc-eabivle-4_9/bin/../lib/gcc/powerpc-eabivle/4.9.4\libgcc.a(_lshrdi3.o)
                0x000232d0                __lshrdi3
 .text          0x00023300       0x30 c:/nxp/s32ds_power_v2.1/s32ds/build_tools/powerpc-eabivle-4_9/bin/../lib/gcc/powerpc-eabivle/4.9.4\libgcc.a(_ashldi3.o)
                0x00023300                __ashldi3
 .text          0x00023330       0x44 c:/nxp/s32ds_power_v2.1/s32ds/build_tools/powerpc-eabivle-4_9/bin/../lib/gcc/powerpc-eabivle/4.9.4\libgcc.a(_fixunssfsi.o)
                0x00023330                __fixunssfsi
 .text          0x00023374       0x58 c:/nxp/s32ds_power_v2.1/s32ds/build_tools/powerpc-eabivle-4_9/bin/../lib/gcc/powerpc-eabivle/4.9.4\libgcc.a(_fixunsdfsi.o)
                0x00023374                __fixunsdfsi
 *fill*         0x000233cc        0x0 
 .text          0x000233cc      0x328 c:/nxp/s32ds_power_v2.1/s32ds/build_tools/powerpc-eabivle-4_9/bin/../lib/gcc/powerpc-eabivle/4.9.4\libgcc.a(_udivdi3.o)
                0x000233cc                __udivdi3
 .text          0x000236f4      0x2e4 c:/nxp/s32ds_power_v2.1/s32ds/build_tools/powerpc-eabivle-4_9/bin/../lib/gcc/powerpc-eabivle/4.9.4\libgcc.a(_umoddi3.o)
                0x000236f4                __umoddi3
 *fill*         0x000239d8        0x0 
 .text          0x000239d8      0x244 c:/nxp/s32ds_power_v2.1/s32ds/build_tools/powerpc-eabivle-4_9/bin/../lib/gcc/powerpc-eabivle/4.9.4\libgcc.a(_addsub_sf.o)
                0x00023b7c                __addsf3
                0x00023bc8                __subsf3
 *fill*         0x00023c1c        0x0 
 .text          0x00023c1c      0x184 c:/nxp/s32ds_power_v2.1/s32ds/build_tools/powerpc-eabivle-4_9/bin/../lib/gcc/powerpc-eabivle/4.9.4\libgcc.a(_mul_sf.o)
                0x00023c1c                __mulsf3
 .text          0x00023da0       0xfc c:/nxp/s32ds_power_v2.1/s32ds/build_tools/powerpc-eabivle-4_9/bin/../lib/gcc/powerpc-eabivle/4.9.4\libgcc.a(_div_sf.o)
                0x00023da0                __divsf3
 .text          0x00023e9c       0x5c c:/nxp/s32ds_power_v2.1/s32ds/build_tools/powerpc-eabivle-4_9/bin/../lib/gcc/powerpc-eabivle/4.9.4\libgcc.a(_eq_sf.o)
                0x00023e9c                __eqsf2
 *fill*         0x00023ef8        0x0 
 .text          0x00023ef8       0x5c c:/nxp/s32ds_power_v2.1/s32ds/build_tools/powerpc-eabivle-4_9/bin/../lib/gcc/powerpc-eabivle/4.9.4\libgcc.a(_gt_sf.o)
                0x00023ef8                __gtsf2
 *fill*         0x00023f54        0x0 
 .text          0x00023f54       0x5c c:/nxp/s32ds_power_v2.1/s32ds/build_tools/powerpc-eabivle-4_9/bin/../lib/gcc/powerpc-eabivle/4.9.4\libgcc.a(_ge_sf.o)
                0x00023f54                __gesf2
 *fill*         0x00023fb0        0x0 
 .text          0x00023fb0       0x5c c:/nxp/s32ds_power_v2.1/s32ds/build_tools/powerpc-eabivle-4_9/bin/../lib/gcc/powerpc-eabivle/4.9.4\libgcc.a(_lt_sf.o)
                0x00023fb0                __ltsf2
 *fill*         0x0002400c        0x0 
 .text          0x0002400c       0x5c c:/nxp/s32ds_power_v2.1/s32ds/build_tools/powerpc-eabivle-4_9/bin/../lib/gcc/powerpc-eabivle/4.9.4\libgcc.a(_le_sf.o)
                0x0002400c                __lesf2
 *fill*         0x00024068        0x0 
 .text          0x00024068       0x6c c:/nxp/s32ds_power_v2.1/s32ds/build_tools/powerpc-eabivle-4_9/bin/../lib/gcc/powerpc-eabivle/4.9.4\libgcc.a(_si_to_sf.o)
                0x00024068                __floatsisf
 *fill*         0x000240d4        0x0 
 .text          0x000240d4       0x88 c:/nxp/s32ds_power_v2.1/s32ds/build_tools/powerpc-eabivle-4_9/bin/../lib/gcc/powerpc-eabivle/4.9.4\libgcc.a(_sf_to_si.o)
                0x000240d4                __fixsfsi
 .text          0x0002415c       0x38 c:/nxp/s32ds_power_v2.1/s32ds/build_tools/powerpc-eabivle-4_9/bin/../lib/gcc/powerpc-eabivle/4.9.4\libgcc.a(_sf_to_df.o)
                0x0002415c                __extendsfdf2
 .text          0x00024194        0x0 c:/nxp/s32ds_power_v2.1/s32ds/build_tools/powerpc-eabivle-4_9/bin/../lib/gcc/powerpc-eabivle/4.9.4\libgcc.a(_thenan_sf.o)
 .text          0x00024194       0x84 c:/nxp/s32ds_power_v2.1/s32ds/build_tools/powerpc-eabivle-4_9/bin/../lib/gcc/powerpc-eabivle/4.9.4\libgcc.a(_usi_to_sf.o)
                0x00024194                __floatunsisf
 .text          0x00024218      0x380 c:/nxp/s32ds_power_v2.1/s32ds/build_tools/powerpc-eabivle-4_9/bin/../lib/gcc/powerpc-eabivle/4.9.4\libgcc.a(_addsub_df.o)
                0x000244d8                __adddf3
                0x00024534                __subdf3
 *fill*         0x00024598        0x0 
 .text          0x00024598      0x26c c:/nxp/s32ds_power_v2.1/s32ds/build_tools/powerpc-eabivle-4_9/bin/../lib/gcc/powerpc-eabivle/4.9.4\libgcc.a(_mul_df.o)
                0x00024598                __muldf3
 .text          0x00024804      0x180 c:/nxp/s32ds_power_v2.1/s32ds/build_tools/powerpc-eabivle-4_9/bin/../lib/gcc/powerpc-eabivle/4.9.4\libgcc.a(_div_df.o)
                0x00024804                __divdf3
 *fill*         0x00024984        0x0 
 .text          0x00024984       0x64 c:/nxp/s32ds_power_v2.1/s32ds/build_tools/powerpc-eabivle-4_9/bin/../lib/gcc/powerpc-eabivle/4.9.4\libgcc.a(_ne_df.o)
                0x00024984                __nedf2
 .text          0x000249e8       0x64 c:/nxp/s32ds_power_v2.1/s32ds/build_tools/powerpc-eabivle-4_9/bin/../lib/gcc/powerpc-eabivle/4.9.4\libgcc.a(_gt_df.o)
                0x000249e8                __gtdf2
 .text          0x00024a4c       0x64 c:/nxp/s32ds_power_v2.1/s32ds/build_tools/powerpc-eabivle-4_9/bin/../lib/gcc/powerpc-eabivle/4.9.4\libgcc.a(_ge_df.o)
                0x00024a4c                __gedf2
 .text          0x00024ab0       0x64 c:/nxp/s32ds_power_v2.1/s32ds/build_tools/powerpc-eabivle-4_9/bin/../lib/gcc/powerpc-eabivle/4.9.4\libgcc.a(_lt_df.o)
                0x00024ab0                __ltdf2
 .text          0x00024b14       0x64 c:/nxp/s32ds_power_v2.1/s32ds/build_tools/powerpc-eabivle-4_9/bin/../lib/gcc/powerpc-eabivle/4.9.4\libgcc.a(_le_df.o)
                0x00024b14                __ledf2
 .text          0x00024b78       0x84 c:/nxp/s32ds_power_v2.1/s32ds/build_tools/powerpc-eabivle-4_9/bin/../lib/gcc/powerpc-eabivle/4.9.4\libgcc.a(_si_to_df.o)
                0x00024b78                __floatsidf
 .text          0x00024bfc       0xac c:/nxp/s32ds_power_v2.1/s32ds/build_tools/powerpc-eabivle-4_9/bin/../lib/gcc/powerpc-eabivle/4.9.4\libgcc.a(_df_to_si.o)
                0x00024bfc                __fixdfsi
 .text          0x00024ca8       0x28 c:/nxp/s32ds_power_v2.1/s32ds/build_tools/powerpc-eabivle-4_9/bin/../lib/gcc/powerpc-eabivle/4.9.4\libgcc.a(_make_df.o)
                0x00024ca8                __make_dp
 .text          0x00024cd0        0x0 c:/nxp/s32ds_power_v2.1/s32ds/build_tools/powerpc-eabivle-4_9/bin/../lib/gcc/powerpc-eabivle/4.9.4\libgcc.a(_thenan_df.o)
 *fill*         0x00024cd0        0x0 
 .text          0x00024cd0       0x70 c:/nxp/s32ds_power_v2.1/s32ds/build_tools/powerpc-eabivle-4_9/bin/../lib/gcc/powerpc-eabivle/4.9.4\libgcc.a(_usi_to_df.o)
                0x00024cd0                __floatunsidf
 .text          0x00024d40       0x54 c:/nxp/s32ds_power_v2.1/s32ds/build_tools/powerpc-eabivle-4_9/bin/../lib/gcc/powerpc-eabivle/4.9.4\libgcc.a(e200crtresxgpr.o)
                0x00024d40                _restgpr_14_x
                0x00024d44                _restgpr_15_x
                0x00024d48                _restgpr_16_x
                0x00024d4c                _restgpr_17_x
                0x00024d50                _restgpr_18_x
                0x00024d54                _restgpr_19_x
                0x00024d58                _restgpr_20_x
                0x00024d5c                _restgpr_21_x
                0x00024d60                _restgpr_22_x
                0x00024d64                _restgpr_23_x
                0x00024d68                _restgpr_24_x
                0x00024d6c                _restgpr_25_x
                0x00024d70                _restgpr_26_x
                0x00024d74                _restgpr_27_x
                0x00024d78                _restgpr_28_x
                0x00024d7c                _restgpr_29_x
                0x00024d80                _restgpr_30_x
                0x00024d84                _restgpr_31_x
 *fill*         0x00024d94        0x0 
 .text          0x00024d94      0x118 c:/nxp/s32ds_power_v2.1/s32ds/build_tools/powerpc-eabivle-4_9/bin/../lib/gcc/powerpc-eabivle/4.9.4\libgcc.a(_pack_sf.o)
                0x00024d94                __pack_f
 .text          0x00024eac       0x80 c:/nxp/s32ds_power_v2.1/s32ds/build_tools/powerpc-eabivle-4_9/bin/../lib/gcc/powerpc-eabivle/4.9.4\libgcc.a(_unpack_sf.o)
                0x00024eac                __unpack_f
 .text          0x00024f2c       0xb0 c:/nxp/s32ds_power_v2.1/s32ds/build_tools/powerpc-eabivle-4_9/bin/../lib/gcc/powerpc-eabivle/4.9.4\libgcc.a(_fpcmp_parts_sf.o)
                0x00024f2c                __fpcmp_parts_f
 *fill*         0x00024fdc        0x0 
 .text          0x00024fdc      0x1e8 c:/nxp/s32ds_power_v2.1/s32ds/build_tools/powerpc-eabivle-4_9/bin/../lib/gcc/powerpc-eabivle/4.9.4\libgcc.a(_pack_df.o)
                0x00024fdc                __pack_d
 *fill*         0x000251c4        0x0 
 .text          0x000251c4       0xb0 c:/nxp/s32ds_power_v2.1/s32ds/build_tools/powerpc-eabivle-4_9/bin/../lib/gcc/powerpc-eabivle/4.9.4\libgcc.a(_unpack_df.o)
                0x000251c4                __unpack_d
 .text          0x00025274       0xc8 c:/nxp/s32ds_power_v2.1/s32ds/build_tools/powerpc-eabivle-4_9/bin/../lib/gcc/powerpc-eabivle/4.9.4\libgcc.a(_fpcmp_parts_df.o)
                0x00025274                __fpcmp_parts_d
 *fill*         0x0002533c        0x0 
 .text          0x0002533c       0x48 c:/nxp/s32ds_power_v2.1/s32ds/build_tools/powerpc-eabivle-4_9/bin/../lib/gcc/powerpc-eabivle/4.9.4/crtend.o
 .text          0x00025384        0x0 c:/nxp/s32ds_power_v2.1/s32ds/build_tools/powerpc-eabivle-4_9/bin/../lib/gcc/powerpc-eabivle/4.9.4/ecrtn.o
 *(.text.*)
 .text.LIN2_SetSchedule
                0x00025384       0x20 ./objs/LIN2.o
                0x00025384                LIN2_SetSchedule
 *fill*         0x000253a4        0x0 
 .text.LIN2_GetSchedule
                0x000253a4       0x1c ./objs/LIN2.o
                0x000253a4                LIN2_GetSchedule
 .text.LIN2_GetStatus
                0x000253c0       0x28 ./objs/LIN2.o
                0x000253c0                LIN2_GetStatus
 *fill*         0x000253e8        0x0 
 .text.Lightning_McSeas_VCU_Current_Mode_Background_Init
                0x000253e8       0x34 ./objs/Lightning_McSeas_VCU_Current_Mode.o
                0x000253e8                Lightning_McSeas_VCU_Current_Mode_Background_Init
 .text.Lightning_McSeas_VCU_Current_Mode_Background_Reset
                0x0002541c       0x34 ./objs/Lightning_McSeas_VCU_Current_Mode.o
                0x0002541c                Lightning_McSeas_VCU_Current_Mode_Background_Reset
 .text.Lightning_McSeas_VCU_Current_Mode_Background
                0x00025450      0x414 ./objs/Lightning_McSeas_VCU_Current_Mode.o
                0x00025450                Lightning_McSeas_VCU_Current_Mode_Background
 .text.Lightning_McSeas_VCU_Current_Mode_Foreground_Init
                0x00025864       0x1c ./objs/Lightning_McSeas_VCU_Current_Mode.o
                0x00025864                Lightning_McSeas_VCU_Current_Mode_Foreground_Init
 .text.Lightning_McSeas_VCU_Current_Mode_Foreground_Enable
                0x00025880       0x40 ./objs/Lightning_McSeas_VCU_Current_Mode.o
                0x00025880                Lightning_McSeas_VCU_Current_Mode_Foreground_Enable
 .text.Lightning_McSeas_VCU_Current_Mode_Foreground_Disable
                0x000258c0       0x40 ./objs/Lightning_McSeas_VCU_Current_Mode.o
                0x000258c0                Lightning_McSeas_VCU_Current_Mode_Foreground_Disable
 .text.Lightning_McSeas_VCU_Current_Mode_Foreground
                0x00025900      0x52c ./objs/Lightning_McSeas_VCU_Current_Mode.o
                0x00025900                Lightning_McSeas_VCU_Current_Mode_Foreground
 .text.Lightning_McSeas_VCU_Current_Mode_step
                0x00025e2c        0x2 ./objs/Lightning_McSeas_VCU_Current_Mode.o
                0x00025e2c                Lightning_McSeas_VCU_Current_Mode_step
 *fill*         0x00025e2e        0x2 
 .text.Lightning_McSeas_VCU_Current_Mode_initialize
                0x00025e30       0x60 ./objs/Lightning_McSeas_VCU_Current_Mode.o
                0x00025e30                Lightning_McSeas_VCU_Current_Mode_initialize
 .text.Lightning_McSeas_VCU_Current_Mode_terminate
                0x00025e90        0x2 ./objs/Lightning_McSeas_VCU_Current_Mode.o
                0x00025e90                Lightning_McSeas_VCU_Current_Mode_terminate
 *fill*         0x00025e92        0x2 
 .text.Timer_BGND_9AY_V
                0x00025e94       0x14 ./objs/Timer_BGND_9AY_V.o
                0x00025e94                Timer_BGND_9AY_V
 .text.Timer_ooqlV
                0x00025ea8       0x14 ./objs/Timer_ooqlV.o
                0x00025ea8                Timer_ooqlV
 .text.XCP_TX_CALLBACK_HANDLER
                0x00025ebc       0x24 ./objs/XCP_App.o
                0x00025ebc                XCP_TX_CALLBACK_HANDLER
 .text.RxTrig_XCP_BC_CAN1
                0x00025ee0       0x4c ./objs/XCP_App.o
                0x00025ee0                RxTrig_XCP_BC_CAN1
 *fill*         0x00025f2c        0x0 
 .text.RxTrig_XCP_CMD_CAN1
                0x00025f2c       0x4c ./objs/XCP_App.o
                0x00025f2c                RxTrig_XCP_CMD_CAN1
 *fill*         0x00025f78        0x0 
 .text.XcpApp_CanTransmit
                0x00025f78       0x4c ./objs/XCP_App.o
                0x00025f78                XcpApp_CanTransmit
 *fill*         0x00025fc4        0x0 
 .text.CAN1_XCP_CAN_PreStart
                0x00025fc4       0x44 ./objs/XCP_App.o
                0x00025fc4                CAN1_XCP_CAN_PreStart
 *fill*         0x00026008        0x0 
 .text.Timed_Trigger_XCP
                0x00026008       0xd8 ./objs/XCP_App.o
                0x00026008                Timed_Trigger_XCP
 .text.CAN_CAN1_get_baud_rate
                0x000260e0        0x8 ./objs/can_1117__0071.o
                0x000260e0                CAN_CAN1_get_baud_rate
 *fill*         0x000260e8        0x0 
 .text.pre_start_CAN_1117__0071
                0x000260e8        0x2 ./objs/can_1117__0071.o
                0x000260e8                pre_start_CAN_1117__0071
 *fill*         0x000260ea        0x2 
 .text.rxFn_RxTrig_XCP_BC_CAN1
                0x000260ec       0xd8 ./objs/can_1117__0071.o
                0x000260ec                rxFn_RxTrig_XCP_BC_CAN1
 .text.can_init_rxIdRxTrig_XCP_BC_CAN1
                0x000261c4       0x14 ./objs/can_1117__0071.o
                0x000261c4                can_init_rxIdRxTrig_XCP_BC_CAN1
 *fill*         0x000261d8        0x0 
 .text.can_get_RxTrig_XCP_BC_CAN1
                0x000261d8       0xe8 ./objs/can_1117__0071.o
                0x000261d8                can_get_RxTrig_XCP_BC_CAN1
 *fill*         0x000262c0        0x0 
 .text.rxFn_RxTrig_XCP_CMD_CAN1
                0x000262c0       0xd8 ./objs/can_1117__0071.o
                0x000262c0                rxFn_RxTrig_XCP_CMD_CAN1
 .text.can_init_rxIdRxTrig_XCP_CMD_CAN1
                0x00026398       0x14 ./objs/can_1117__0071.o
                0x00026398                can_init_rxIdRxTrig_XCP_CMD_CAN1
 *fill*         0x000263ac        0x0 
 .text.can_get_RxTrig_XCP_CMD_CAN1
                0x000263ac       0xe8 ./objs/can_1117__0071.o
                0x000263ac                can_get_RxTrig_XCP_CMD_CAN1
 *fill*         0x00026494        0x0 
 .text.can_get_uds_receive
                0x00026494       0xe8 ./objs/can_1117__0071.o
                0x00026494                can_get_uds_receive
 *fill*         0x0002657c        0x0 
 .text.can_send_8__0013
                0x0002657c       0x1c ./objs/can_1117__0071.o
                0x0002657c                can_send_8__0013
 .text.can_update_8__0013
                0x00026598        0x2 ./objs/can_1117__0071.o
                0x00026598                can_update_8__0013
 *fill*         0x0002659a        0x2 
 .text.can_set_period_8__0013
                0x0002659c        0xc ./objs/can_1117__0071.o
                0x0002659c                can_set_period_8__0013
 .text.can_send_68__0013
                0x000265a8       0x1c ./objs/can_1117__0071.o
                0x000265a8                can_send_68__0013
 .text.can_update_68__0013
                0x000265c4        0x2 ./objs/can_1117__0071.o
                0x000265c4                can_update_68__0013
 *fill*         0x000265c6        0x2 
 .text.can_set_period_68__0013
                0x000265c8        0xc ./objs/can_1117__0071.o
                0x000265c8                can_set_period_68__0013
 .text.can_send_67__0016
                0x000265d4       0x1c ./objs/can_1117__0071.o
                0x000265d4                can_send_67__0016
 .text.can_update_67__0016
                0x000265f0        0x2 ./objs/can_1117__0071.o
                0x000265f0                can_update_67__0016
 *fill*         0x000265f2        0x2 
 .text.can_set_period_67__0016
                0x000265f4        0xc ./objs/can_1117__0071.o
                0x000265f4                can_set_period_67__0016
 .text.can_send_637__004
                0x00026600       0x1c ./objs/can_1117__0071.o
                0x00026600                can_send_637__004
 .text.can_update_637__004
                0x0002661c        0x2 ./objs/can_1117__0071.o
                0x0002661c                can_update_637__004
 *fill*         0x0002661e        0x2 
 .text.can_set_period_637__004
                0x00026620        0xc ./objs/can_1117__0071.o
                0x00026620                can_set_period_637__004
 .text.can_send_638__004
                0x0002662c       0x1c ./objs/can_1117__0071.o
                0x0002662c                can_send_638__004
 .text.can_update_638__004
                0x00026648        0x2 ./objs/can_1117__0071.o
                0x00026648                can_update_638__004
 *fill*         0x0002664a        0x2 
 .text.can_set_period_638__004
                0x0002664c        0xc ./objs/can_1117__0071.o
                0x0002664c                can_set_period_638__004
 .text.can_send_635__004
                0x00026658       0x1c ./objs/can_1117__0071.o
                0x00026658                can_send_635__004
 .text.can_update_635__004
                0x00026674        0x2 ./objs/can_1117__0071.o
                0x00026674                can_update_635__004
 *fill*         0x00026676        0x2 
 .text.can_set_period_635__004
                0x00026678        0xc ./objs/can_1117__0071.o
                0x00026678                can_set_period_635__004
 .text.can_send_345__0013
                0x00026684       0x1c ./objs/can_1117__0071.o
                0x00026684                can_send_345__0013
 .text.can_update_345__0013
                0x000266a0        0x2 ./objs/can_1117__0071.o
                0x000266a0                can_update_345__0013
 *fill*         0x000266a2        0x2 
 .text.can_set_period_345__0013
                0x000266a4        0xc ./objs/can_1117__0071.o
                0x000266a4                can_set_period_345__0013
 .text.can_send_667__004
                0x000266b0       0x1c ./objs/can_1117__0071.o
                0x000266b0                can_send_667__004
 .text.can_update_667__004
                0x000266cc        0x2 ./objs/can_1117__0071.o
                0x000266cc                can_update_667__004
 *fill*         0x000266ce        0x2 
 .text.can_set_period_667__004
                0x000266d0        0xc ./objs/can_1117__0071.o
                0x000266d0                can_set_period_667__004
 .text.can_send_Tx_XCP_CAN1
                0x000266dc       0x20 ./objs/can_1117__0071.o
                0x000266dc                can_send_Tx_XCP_CAN1
 .text.can_update_Tx_XCP_CAN1
                0x000266fc        0x2 ./objs/can_1117__0071.o
                0x000266fc                can_update_Tx_XCP_CAN1
 *fill*         0x000266fe        0x2 
 .text.can_set_period_Tx_XCP_CAN1
                0x00026700        0xc ./objs/can_1117__0071.o
                0x00026700                can_set_period_Tx_XCP_CAN1
 .text.can_send_uds_send
                0x0002670c       0x1c ./objs/can_1117__0071.o
                0x0002670c                can_send_uds_send
 .text.uds_request_trigger
                0x00026728       0xa0 ./objs/can_1117__0071.o
                0x00026728                uds_request_trigger
 .text.rxFn_uds_receive
                0x000267c8       0xd8 ./objs/can_1117__0071.o
                0x000267c8                rxFn_uds_receive
 .text.CAN_ReceiveDispatch_1117__0071
                0x000268a0       0x84 ./objs/can_1117__0071.o
                0x000268a0                CAN_ReceiveDispatch_1117__0071
 .text.can_update_uds_send
                0x00026924        0x2 ./objs/can_1117__0071.o
                0x00026924                can_update_uds_send
 *fill*         0x00026926        0x2 
 .text.can_set_period_uds_send
                0x00026928        0xc ./objs/can_1117__0071.o
                0x00026928                can_set_period_uds_send
 .text.post_start_CAN_1117__0071
                0x00026934       0x40 ./objs/can_1117__0071.o
                0x00026934                post_start_CAN_1117__0071
 .text.CAN_CAN2_get_baud_rate
                0x00026974        0x8 ./objs/can_1118__0071.o
                0x00026974                CAN_CAN2_get_baud_rate
 *fill*         0x0002697c        0x0 
 .text.pre_start_CAN_1118__0071
                0x0002697c        0x2 ./objs/can_1118__0071.o
                0x0002697c                pre_start_CAN_1118__0071
 *fill*         0x0002697e        0x2 
 .text.rxFn_655__004
                0x00026980       0xc0 ./objs/can_1118__0071.o
                0x00026980                rxFn_655__004
 .text.can_get_655__004
                0x00026a40       0xe8 ./objs/can_1118__0071.o
                0x00026a40                can_get_655__004
 *fill*         0x00026b28        0x0 
 .text.rxFn_656__004
                0x00026b28       0xc0 ./objs/can_1118__0071.o
                0x00026b28                rxFn_656__004
 .text.can_get_656__004
                0x00026be8       0xe8 ./objs/can_1118__0071.o
                0x00026be8                can_get_656__004
 *fill*         0x00026cd0        0x0 
 .text.rxFn_634__0043
                0x00026cd0       0xc0 ./objs/can_1118__0071.o
                0x00026cd0                rxFn_634__0043
 .text.can_get_634__0043
                0x00026d90       0xe8 ./objs/can_1118__0071.o
                0x00026d90                can_get_634__0043
 *fill*         0x00026e78        0x0 
 .text.rxFn_657__004
                0x00026e78       0xc0 ./objs/can_1118__0071.o
                0x00026e78                rxFn_657__004
 .text.CAN_ReceiveDispatch_1118__0071
                0x00026f38       0xe4 ./objs/can_1118__0071.o
                0x00026f38                CAN_ReceiveDispatch_1118__0071
 *fill*         0x0002701c        0x0 
 .text.can_get_657__004
                0x0002701c       0xe8 ./objs/can_1118__0071.o
                0x0002701c                can_get_657__004
 *fill*         0x00027104        0x0 
 .text.post_start_CAN_1118__0071
                0x00027104       0x40 ./objs/can_1118__0071.o
                0x00027104                post_start_CAN_1118__0071
 .text.initRAMVariables
                0x00027144       0x20 ./objs/data.o
                0x00027144                initRAMVariables
 *fill*         0x00027164        0x0 
 .text.initCONSTVariables
                0x00027164        0x2 ./objs/data.o
                0x00027164                initCONSTVariables
 *fill*         0x00027166        0x2 
 .text.App_EE_Defaults
                0x00027168       0x30 ./objs/data.o
                0x00027168                App_EE_Defaults
 .text.read_eeprom
                0x00027198       0x70 ./objs/data.o
                0x00027198                read_eeprom
 *fill*         0x00027208        0x0 
 .text.App_EE_Init
                0x00027208       0xe8 ./objs/data.o
                0x00027208                App_EE_Init
 *fill*         0x000272f0        0x0 
 .text.App_EE_Write
                0x000272f0       0xec ./objs/data.o
                0x000272f0                App_EE_Write
 *fill*         0x000273dc        0x0 
 .text.App_EE_Store
                0x000273dc       0x2c ./objs/data.o
                0x000273dc                App_EE_Store
 .text.Thread_Background
                0x00027408       0x14 ./objs/hw_user.o
                0x00027408                Thread_Background
 .text.Thread_ModelStep
                0x0002741c       0x24 ./objs/hw_user.o
                0x0002741c                Thread_ModelStep
 *fill*         0x00027440        0x0 
 .text.Thread_Foreground
                0x00027440       0x2c ./objs/hw_user.o
                0x00027440                Thread_Foreground
 *fill*         0x0002746c        0x0 
 .text.ClearLongestRunTimers
                0x0002746c       0x28 ./objs/hw_user.o
                0x0002746c                ClearLongestRunTimers
 .text.App_Startup
                0x00027494        0xc ./objs/hw_user.o
                0x00027494                App_Startup
 .text.App_Shutdown
                0x000274a0        0xc ./objs/hw_user.o
                0x000274a0                App_Shutdown
 .text.application_int
                0x000274ac       0xf4 ./objs/hw_user.o
                0x000274ac                application_int
 .text.Raptor_LIN_Init
                0x000275a0       0x20 ./objs/lin_general.o
                0x000275a0                Raptor_LIN_Init
 .text._out_buffer
                0x000275c0        0xc ./objs/raptor_printf.o
 .text._out_null
                0x000275cc        0x2 ./objs/raptor_printf.o
 *fill*         0x000275ce        0x2 
 .text._out_char
                0x000275d0        0x2 ./objs/raptor_printf.o
 *fill*         0x000275d2        0x2 
 .text._out_fct
                0x000275d4       0x20 ./objs/raptor_printf.o
 *fill*         0x000275f4        0x0 
 .text._out_rev
                0x000275f4       0xe0 ./objs/raptor_printf.o
 .text._ntoa_format
                0x000276d4      0x228 ./objs/raptor_printf.o
 *fill*         0x000278fc        0x0 
 .text._ntoa_long
                0x000278fc       0xc0 ./objs/raptor_printf.o
 .text._ntoa_long_long
                0x000279bc       0xfc ./objs/raptor_printf.o
 *fill*         0x00027ab8        0x0 
 .text._etoa    0x00027ab8      0x3b8 ./objs/raptor_printf.o
 .text._ftoa    0x00027e70      0x540 ./objs/raptor_printf.o
 .text._vsnprintf
                0x000283b0      0xa94 ./objs/raptor_printf.o
 .text._putchar
                0x00028e44        0x2 ./objs/raptor_printf.o
                0x00028e44                _putchar
 *fill*         0x00028e46        0x2 
 .text.printf_  0x00028e48       0x54 ./objs/raptor_printf.o
                0x00028e48                printf_
 *fill*         0x00028e9c        0x0 
 .text.sprintf_
                0x00028e9c       0x50 ./objs/raptor_printf.o
                0x00028e9c                sprintf_
 .text.snprintf_
                0x00028eec       0x50 ./objs/raptor_printf.o
                0x00028eec                snprintf_
 .text.vprintf_
                0x00028f3c       0x28 ./objs/raptor_printf.o
                0x00028f3c                vprintf_
 *fill*         0x00028f64        0x0 
 .text.vsnprintf_
                0x00028f64       0x2c ./objs/raptor_printf.o
                0x00028f64                vsnprintf_
 *fill*         0x00028f90        0x0 
 .text.fctprintf
                0x00028f90       0x58 ./objs/raptor_printf.o
                0x00028f90                fctprintf
 *fill*         0x00028fe8        0x0 
 .text.Xcp_Initialize
                0x00028fe8       0x8c C:/Program Files (x86)/NewEagle/Raptor/2021b_1.0.14409/GCM-5605B-048/lib/\xcp.a(xcp.o)
                0x00028fe8                Xcp_Initialize
 *fill*         0x00029074        0x0 
 .text.Xcp_CmdProcessor
                0x00029074      0x220 C:/Program Files (x86)/NewEagle/Raptor/2021b_1.0.14409/GCM-5605B-048/lib/\xcp.a(xcp.o)
                0x00029074                Xcp_CmdProcessor
 *fill*         0x00029294        0x0 
 .text.XcpCan_CmdGetSlaveId
                0x00029294       0xe4 C:/Program Files (x86)/NewEagle/Raptor/2021b_1.0.14409/GCM-5605B-048/lib/\xcp.a(xcpcan_cmd.o)
                0x00029294                XcpCan_CmdGetSlaveId
 .text.XcpCan_CmdGetDaqId
                0x00029378       0xa4 C:/Program Files (x86)/NewEagle/Raptor/2021b_1.0.14409/GCM-5605B-048/lib/\xcp.a(xcpcan_cmd.o)
                0x00029378                XcpCan_CmdGetDaqId
 .text.XcpCan_CmdSetDaqId
                0x0002941c       0x94 C:/Program Files (x86)/NewEagle/Raptor/2021b_1.0.14409/GCM-5605B-048/lib/\xcp.a(xcpcan_cmd.o)
                0x0002941c                XcpCan_CmdSetDaqId
 .text.XcpCan_CmdProc
                0x000294b0       0x50 C:/Program Files (x86)/NewEagle/Raptor/2021b_1.0.14409/GCM-5605B-048/lib/\xcp.a(xcpcan_cmd.o)
                0x000294b0                XcpCan_CmdProc
 .text.XcpCan_GetRxBuf
                0x00029500       0x34 C:/Program Files (x86)/NewEagle/Raptor/2021b_1.0.14409/GCM-5605B-048/lib/\xcp.a(xcpcan_getrxbuf.o)
                0x00029500                XcpCan_GetRxBuf
 *fill*         0x00029534        0x0 
 .text.XcpCan_GetTxBuf
                0x00029534       0x34 C:/Program Files (x86)/NewEagle/Raptor/2021b_1.0.14409/GCM-5605B-048/lib/\xcp.a(xcpcan_gettxbuf.o)
                0x00029534                XcpCan_GetTxBuf
 .text.XcpCan_ResetDaqList
                0x00029568       0x80 C:/Program Files (x86)/NewEagle/Raptor/2021b_1.0.14409/GCM-5605B-048/lib/\xcp.a(xcpcan_init.o)
                0x00029568                XcpCan_ResetDaqList
 .text.XcpCan_Initialize
                0x000295e8       0x74 C:/Program Files (x86)/NewEagle/Raptor/2021b_1.0.14409/GCM-5605B-048/lib/\xcp.a(xcpcan_init.o)
                0x000295e8                XcpCan_Initialize
 *fill*         0x0002965c        0x0 
 .text.XcpCan_PeekRxBuf
                0x0002965c       0x54 C:/Program Files (x86)/NewEagle/Raptor/2021b_1.0.14409/GCM-5605B-048/lib/\xcp.a(xcpcan_peekrxbuf.o)
                0x0002965c                XcpCan_PeekRxBuf
 *fill*         0x000296b0        0x0 
 .text.XcpCan_RxCallback
                0x000296b0      0x19c C:/Program Files (x86)/NewEagle/Raptor/2021b_1.0.14409/GCM-5605B-048/lib/\xcp.a(xcpcan_rxcallback.o)
                0x000296b0                XcpCan_RxCallback
 .text.XcpCan_RxNext
                0x0002984c       0x54 C:/Program Files (x86)/NewEagle/Raptor/2021b_1.0.14409/GCM-5605B-048/lib/\xcp.a(xcpcan_rxnext.o)
                0x0002984c                XcpCan_RxNext
 .text.XcpCan_TxCallback
                0x000298a0      0x154 C:/Program Files (x86)/NewEagle/Raptor/2021b_1.0.14409/GCM-5605B-048/lib/\xcp.a(xcpcan_txcallback.o)
                0x000298a0                XcpCan_TxCallback
 .text.XcpCan_DoTransmit
                0x000299f4       0xc8 C:/Program Files (x86)/NewEagle/Raptor/2021b_1.0.14409/GCM-5605B-048/lib/\xcp.a(xcpcan_txnext.o)
                0x000299f4                XcpCan_DoTransmit
 *fill*         0x00029abc        0x0 
 .text.XcpCan_TxNext
                0x00029abc       0xe0 C:/Program Files (x86)/NewEagle/Raptor/2021b_1.0.14409/GCM-5605B-048/lib/\xcp.a(xcpcan_txnext.o)
                0x00029abc                XcpCan_TxNext
 *fill*         0x00029b9c        0x0 
 .text.Xcp_CmdUnknown
                0x00029b9c       0x14 C:/Program Files (x86)/NewEagle/Raptor/2021b_1.0.14409/GCM-5605B-048/lib/\xcp.a(xcp_cmd.o)
                0x00029b9c                Xcp_CmdUnknown
 *fill*         0x00029bb0        0x0 
 .text.Xcp_CmdGetStatus
                0x00029bb0       0xa4 C:/Program Files (x86)/NewEagle/Raptor/2021b_1.0.14409/GCM-5605B-048/lib/\xcp.a(xcp_cmd.o)
                0x00029bb0                Xcp_CmdGetStatus
 .text.Xcp_CmdSynch
                0x00029c54       0x14 C:/Program Files (x86)/NewEagle/Raptor/2021b_1.0.14409/GCM-5605B-048/lib/\xcp.a(xcp_cmd.o)
                0x00029c54                Xcp_CmdSynch
 *fill*         0x00029c68        0x0 
 .text.Xcp_CmdSetMta
                0x00029c68       0x5c C:/Program Files (x86)/NewEagle/Raptor/2021b_1.0.14409/GCM-5605B-048/lib/\xcp.a(xcp_cmd.o)
                0x00029c68                Xcp_CmdSetMta
 .text.Xcp_CmdGetId
                0x00029cc4      0x2b0 C:/Program Files (x86)/NewEagle/Raptor/2021b_1.0.14409/GCM-5605B-048/lib/\xcp.a(xcp_cmd.o)
                0x00029cc4                Xcp_CmdGetId
 .text.Xcp_CmdGetCommModeInfo
                0x00029f74       0x1c C:/Program Files (x86)/NewEagle/Raptor/2021b_1.0.14409/GCM-5605B-048/lib/\xcp.a(xcp_cmd.o)
                0x00029f74                Xcp_CmdGetCommModeInfo
 *fill*         0x00029f90        0x0 
 .text.Xcp_CmdTransportLayer
                0x00029f90       0x44 C:/Program Files (x86)/NewEagle/Raptor/2021b_1.0.14409/GCM-5605B-048/lib/\xcp.a(xcp_cmd.o)
                0x00029f90                Xcp_CmdTransportLayer
 *fill*         0x00029fd4        0x0 
 .text.Xcp_StoreCalReq
                0x00029fd4      0x190 C:/Program Files (x86)/NewEagle/Raptor/2021b_1.0.14409/GCM-5605B-048/lib/\xcp.a(xcp_cmd.o)
                0x00029fd4                Xcp_StoreCalReq
 *fill*         0x0002a164        0x0 
 .text.Xcp_CmdSetRequest
                0x0002a164       0x38 C:/Program Files (x86)/NewEagle/Raptor/2021b_1.0.14409/GCM-5605B-048/lib/\xcp.a(xcp_cmd.o)
                0x0002a164                Xcp_CmdSetRequest
 .text.Xcp_CmdSetCalPage
                0x0002a19c      0x120 C:/Program Files (x86)/NewEagle/Raptor/2021b_1.0.14409/GCM-5605B-048/lib/\xcp.a(xcp_cmdcalpage.o)
                0x0002a19c                Xcp_CmdSetCalPage
 *fill*         0x0002a2bc        0x0 
 .text.Xcp_CmdGetCalPage
                0x0002a2bc       0x8c C:/Program Files (x86)/NewEagle/Raptor/2021b_1.0.14409/GCM-5605B-048/lib/\xcp.a(xcp_cmdcalpage.o)
                0x0002a2bc                Xcp_CmdGetCalPage
 *fill*         0x0002a348        0x0 
 .text.Xcp_CmdGetPagProcInfo
                0x0002a348       0x28 C:/Program Files (x86)/NewEagle/Raptor/2021b_1.0.14409/GCM-5605B-048/lib/\xcp.a(xcp_cmdcalpage.o)
                0x0002a348                Xcp_CmdGetPagProcInfo
 *fill*         0x0002a370        0x0 
 .text.Xcp_CmdCopyCalPage
                0x0002a370       0xa0 C:/Program Files (x86)/NewEagle/Raptor/2021b_1.0.14409/GCM-5605B-048/lib/\xcp.a(xcp_cmdcalpage.o)
                0x0002a370                Xcp_CmdCopyCalPage
 *fill*         0x0002a410        0x0 
 .text.Xcp_CmdSetSegmentMode
                0x0002a410       0x48 C:/Program Files (x86)/NewEagle/Raptor/2021b_1.0.14409/GCM-5605B-048/lib/\xcp.a(xcp_cmdcalpage.o)
                0x0002a410                Xcp_CmdSetSegmentMode
 *fill*         0x0002a458        0x0 
 .text.Xcp_CmdGetSegmentMode
                0x0002a458       0x48 C:/Program Files (x86)/NewEagle/Raptor/2021b_1.0.14409/GCM-5605B-048/lib/\xcp.a(xcp_cmdcalpage.o)
                0x0002a458                Xcp_CmdGetSegmentMode
 .text.Xcp_CmdBuildChecksum
                0x0002a4a0       0xe0 C:/Program Files (x86)/NewEagle/Raptor/2021b_1.0.14409/GCM-5605B-048/lib/\xcp.a(xcp_cmdchecksum.o)
                0x0002a4a0                Xcp_CmdBuildChecksum
 *fill*         0x0002a580        0x0 
 .text.Xcp_CmdConnect
                0x0002a580       0x80 C:/Program Files (x86)/NewEagle/Raptor/2021b_1.0.14409/GCM-5605B-048/lib/\xcp.a(xcp_cmdconnect.o)
                0x0002a580                Xcp_CmdConnect
 .text.Xcp_ResetDaqList
                0x0002a600       0x58 C:/Program Files (x86)/NewEagle/Raptor/2021b_1.0.14409/GCM-5605B-048/lib/\xcp.a(xcp_cmdconnect.o)
                0x0002a600                Xcp_ResetDaqList
 .text.Xcp_DoDisconnect
                0x0002a658       0xe4 C:/Program Files (x86)/NewEagle/Raptor/2021b_1.0.14409/GCM-5605B-048/lib/\xcp.a(xcp_cmdconnect.o)
                0x0002a658                Xcp_DoDisconnect
 .text.Xcp_CmdDisconnect
                0x0002a73c       0x60 C:/Program Files (x86)/NewEagle/Raptor/2021b_1.0.14409/GCM-5605B-048/lib/\xcp.a(xcp_cmdconnect.o)
                0x0002a73c                Xcp_CmdDisconnect
 *fill*         0x0002a79c        0x0 
 .text.Xcp_CmdClearDaqList
                0x0002a79c       0xac C:/Program Files (x86)/NewEagle/Raptor/2021b_1.0.14409/GCM-5605B-048/lib/\xcp.a(xcp_cmddaq.o)
                0x0002a79c                Xcp_CmdClearDaqList
 .text.Xcp_CmdSetDaqPtr
                0x0002a848       0xe8 C:/Program Files (x86)/NewEagle/Raptor/2021b_1.0.14409/GCM-5605B-048/lib/\xcp.a(xcp_cmddaq.o)
                0x0002a848                Xcp_CmdSetDaqPtr
 *fill*         0x0002a930        0x0 
 .text.Xcp_CmdWriteDaq
                0x0002a930      0x194 C:/Program Files (x86)/NewEagle/Raptor/2021b_1.0.14409/GCM-5605B-048/lib/\xcp.a(xcp_cmddaq.o)
                0x0002a930                Xcp_CmdWriteDaq
 *fill*         0x0002aac4        0x0 
 .text.Xcp_CmdSetDaqListMode
                0x0002aac4      0x104 C:/Program Files (x86)/NewEagle/Raptor/2021b_1.0.14409/GCM-5605B-048/lib/\xcp.a(xcp_cmddaq.o)
                0x0002aac4                Xcp_CmdSetDaqListMode
 .text.Xcp_CmdGetDaqListMode
                0x0002abc8       0x78 C:/Program Files (x86)/NewEagle/Raptor/2021b_1.0.14409/GCM-5605B-048/lib/\xcp.a(xcp_cmddaq.o)
                0x0002abc8                Xcp_CmdGetDaqListMode
 *fill*         0x0002ac40        0x0 
 .text.Xcp_CmdStartStopDaqList
                0x0002ac40       0xb0 C:/Program Files (x86)/NewEagle/Raptor/2021b_1.0.14409/GCM-5605B-048/lib/\xcp.a(xcp_cmddaq.o)
                0x0002ac40                Xcp_CmdStartStopDaqList
 *fill*         0x0002acf0        0x0 
 .text.Xcp_CmdStartStopSync
                0x0002acf0       0xf8 C:/Program Files (x86)/NewEagle/Raptor/2021b_1.0.14409/GCM-5605B-048/lib/\xcp.a(xcp_cmddaq.o)
                0x0002acf0                Xcp_CmdStartStopSync
 *fill*         0x0002ade8        0x0 
 .text.Xcp_GetTimestamp
                0x0002ade8       0x48 C:/Program Files (x86)/NewEagle/Raptor/2021b_1.0.14409/GCM-5605B-048/lib/\xcp.a(xcp_cmddaq.o)
                0x0002ade8                Xcp_GetTimestamp
 .text.Xcp_CmdGetDaqClock
                0x0002ae30       0x50 C:/Program Files (x86)/NewEagle/Raptor/2021b_1.0.14409/GCM-5605B-048/lib/\xcp.a(xcp_cmddaq.o)
                0x0002ae30                Xcp_CmdGetDaqClock
 *fill*         0x0002ae80        0x0 
 .text.Xcp_CmdGetDaqProcInfo
                0x0002ae80       0x5c C:/Program Files (x86)/NewEagle/Raptor/2021b_1.0.14409/GCM-5605B-048/lib/\xcp.a(xcp_cmddaq.o)
                0x0002ae80                Xcp_CmdGetDaqProcInfo
 *fill*         0x0002aedc        0x0 
 .text.Xcp_CmdGetDaqResInfo
                0x0002aedc       0x38 C:/Program Files (x86)/NewEagle/Raptor/2021b_1.0.14409/GCM-5605B-048/lib/\xcp.a(xcp_cmddaq.o)
                0x0002aedc                Xcp_CmdGetDaqResInfo
 .text.Xcp_CmdGetDaqListInfo
                0x0002af14       0xc8 C:/Program Files (x86)/NewEagle/Raptor/2021b_1.0.14409/GCM-5605B-048/lib/\xcp.a(xcp_cmddaq.o)
                0x0002af14                Xcp_CmdGetDaqListInfo
 .text.Xcp_WriteDownloadData
                0x0002afdc       0xb0 C:/Program Files (x86)/NewEagle/Raptor/2021b_1.0.14409/GCM-5605B-048/lib/\xcp.a(xcp_cmddownload.o)
                0x0002afdc                Xcp_WriteDownloadData
 .text.Xcp_CmdDownload
                0x0002b08c       0x70 C:/Program Files (x86)/NewEagle/Raptor/2021b_1.0.14409/GCM-5605B-048/lib/\xcp.a(xcp_cmddownload.o)
                0x0002b08c                Xcp_CmdDownload
 .text.Xcp_CmdDownloadNext
                0x0002b0fc       0x58 C:/Program Files (x86)/NewEagle/Raptor/2021b_1.0.14409/GCM-5605B-048/lib/\xcp.a(xcp_cmddownload.o)
                0x0002b0fc                Xcp_CmdDownloadNext
 .text.Xcp_CmdDownloadMax
                0x0002b154       0x50 C:/Program Files (x86)/NewEagle/Raptor/2021b_1.0.14409/GCM-5605B-048/lib/\xcp.a(xcp_cmddownload.o)
                0x0002b154                Xcp_CmdDownloadMax
 *fill*         0x0002b1a4        0x0 
 .text.Xcp_CmdModifyBits
                0x0002b1a4       0xb4 C:/Program Files (x86)/NewEagle/Raptor/2021b_1.0.14409/GCM-5605B-048/lib/\xcp.a(xcp_cmddownload.o)
                0x0002b1a4                Xcp_CmdModifyBits
 *fill*         0x0002b258        0x0 
 .text.Xcp_CmdFreeDaq
                0x0002b258      0x11c C:/Program Files (x86)/NewEagle/Raptor/2021b_1.0.14409/GCM-5605B-048/lib/\xcp.a(xcp_cmddyndaq.o)
                0x0002b258                Xcp_CmdFreeDaq
 *fill*         0x0002b374        0x0 
 .text.Xcp_CmdAllocDaq
                0x0002b374       0xa0 C:/Program Files (x86)/NewEagle/Raptor/2021b_1.0.14409/GCM-5605B-048/lib/\xcp.a(xcp_cmddyndaq.o)
                0x0002b374                Xcp_CmdAllocDaq
 *fill*         0x0002b414        0x0 
 .text.Xcp_CmdAllocOdt
                0x0002b414       0xd8 C:/Program Files (x86)/NewEagle/Raptor/2021b_1.0.14409/GCM-5605B-048/lib/\xcp.a(xcp_cmddyndaq.o)
                0x0002b414                Xcp_CmdAllocOdt
 .text.Xcp_CmdAllocOdtEntry
                0x0002b4ec       0xac C:/Program Files (x86)/NewEagle/Raptor/2021b_1.0.14409/GCM-5605B-048/lib/\xcp.a(xcp_cmddyndaq.o)
                0x0002b4ec                Xcp_CmdAllocOdtEntry
 *fill*         0x0002b598        0x0 
 .text.Xcp_WriteFlashData
                0x0002b598       0xb4 C:/Program Files (x86)/NewEagle/Raptor/2021b_1.0.14409/GCM-5605B-048/lib/\xcp.a(xcp_cmdflash.o)
                0x0002b598                Xcp_WriteFlashData
 *fill*         0x0002b64c        0x0 
 .text.Xcp_CmdProgramStart
                0x0002b64c       0xf0 C:/Program Files (x86)/NewEagle/Raptor/2021b_1.0.14409/GCM-5605B-048/lib/\xcp.a(xcp_cmdflash.o)
                0x0002b64c                Xcp_CmdProgramStart
 .text.Xcp_CmdProgramClear
                0x0002b73c       0xc4 C:/Program Files (x86)/NewEagle/Raptor/2021b_1.0.14409/GCM-5605B-048/lib/\xcp.a(xcp_cmdflash.o)
                0x0002b73c                Xcp_CmdProgramClear
 .text.Xcp_CmdProgram
                0x0002b800       0x70 C:/Program Files (x86)/NewEagle/Raptor/2021b_1.0.14409/GCM-5605B-048/lib/\xcp.a(xcp_cmdflash.o)
                0x0002b800                Xcp_CmdProgram
 .text.Xcp_CmdProgramNext
                0x0002b870       0x64 C:/Program Files (x86)/NewEagle/Raptor/2021b_1.0.14409/GCM-5605B-048/lib/\xcp.a(xcp_cmdflash.o)
                0x0002b870                Xcp_CmdProgramNext
 *fill*         0x0002b8d4        0x0 
 .text.Xcp_CmdProgramMax
                0x0002b8d4       0x50 C:/Program Files (x86)/NewEagle/Raptor/2021b_1.0.14409/GCM-5605B-048/lib/\xcp.a(xcp_cmdflash.o)
                0x0002b8d4                Xcp_CmdProgramMax
 *fill*         0x0002b924        0x0 
 .text.Xcp_CmdProgramReset
                0x0002b924       0xac C:/Program Files (x86)/NewEagle/Raptor/2021b_1.0.14409/GCM-5605B-048/lib/\xcp.a(xcp_cmdflash.o)
                0x0002b924                Xcp_CmdProgramReset
 .text.Xcp_CmdProgramPrepare
                0x0002b9d0       0x98 C:/Program Files (x86)/NewEagle/Raptor/2021b_1.0.14409/GCM-5605B-048/lib/\xcp.a(xcp_cmdflash.o)
                0x0002b9d0                Xcp_CmdProgramPrepare
 *fill*         0x0002ba68        0x0 
 .text.Xcp_CmdProgramFormat
                0x0002ba68       0x40 C:/Program Files (x86)/NewEagle/Raptor/2021b_1.0.14409/GCM-5605B-048/lib/\xcp.a(xcp_cmdflash.o)
                0x0002ba68                Xcp_CmdProgramFormat
 *fill*         0x0002baa8        0x0 
 .text.Xcp_CmdGetSeed
                0x0002baa8      0x114 C:/Program Files (x86)/NewEagle/Raptor/2021b_1.0.14409/GCM-5605B-048/lib/\xcp.a(xcp_cmdseednkey.o)
                0x0002baa8                Xcp_CmdGetSeed
 .text.Xcp_CmdUnlock
                0x0002bbbc      0x104 C:/Program Files (x86)/NewEagle/Raptor/2021b_1.0.14409/GCM-5605B-048/lib/\xcp.a(xcp_cmdseednkey.o)
                0x0002bbbc                Xcp_CmdUnlock
 *fill*         0x0002bcc0        0x0 
 .text.Xcp_ReadUploadData
                0x0002bcc0       0xa0 C:/Program Files (x86)/NewEagle/Raptor/2021b_1.0.14409/GCM-5605B-048/lib/\xcp.a(xcp_cmdupload.o)
                0x0002bcc0                Xcp_ReadUploadData
 *fill*         0x0002bd60        0x0 
 .text.Xcp_CmdUpload
                0x0002bd60       0x64 C:/Program Files (x86)/NewEagle/Raptor/2021b_1.0.14409/GCM-5605B-048/lib/\xcp.a(xcp_cmdupload.o)
                0x0002bd60                Xcp_CmdUpload
 *fill*         0x0002bdc4        0x0 
 .text.Xcp_CmdShortUpload
                0x0002bdc4       0xa0 C:/Program Files (x86)/NewEagle/Raptor/2021b_1.0.14409/GCM-5605B-048/lib/\xcp.a(xcp_cmdupload.o)
                0x0002bdc4                Xcp_CmdShortUpload
 *fill*         0x0002be64        0x0 
 .text.Xcp_Event
                0x0002be64       0xb0 C:/Program Files (x86)/NewEagle/Raptor/2021b_1.0.14409/GCM-5605B-048/lib/\xcp.a(xcp_event.o)
                0x0002be64                Xcp_Event
 .text.Xcp_StimProcessor
                0x0002bf14      0x2c0 C:/Program Files (x86)/NewEagle/Raptor/2021b_1.0.14409/GCM-5605B-048/lib/\xcp.a(xcp_stim.o)
                0x0002bf14                Xcp_StimProcessor
 .text.Xcp_MemCopy
                0x0002c1d4       0x14 C:/Program Files (x86)/NewEagle/Raptor/2021b_1.0.14409/GCM-5605B-048/lib/\xcp.a(xcp_target.o)
                0x0002c1d4                Xcp_MemCopy
 .text.Xcp_MemZero
                0x0002c1e8       0x18 C:/Program Files (x86)/NewEagle/Raptor/2021b_1.0.14409/GCM-5605B-048/lib/\xcp.a(xcp_target.o)
                0x0002c1e8                Xcp_MemZero
 .text.Xcp_CheckCanId
                0x0002c200       0x20 C:/Program Files (x86)/NewEagle/Raptor/2021b_1.0.14409/GCM-5605B-048/lib/\xcp.a(xcp_target.o)
                0x0002c200                Xcp_CheckCanId
 .text.XcpRaptorSecurity
                0x0002c220      0x1d4 C:/Program Files (x86)/NewEagle/Raptor/2021b_1.0.14409/GCM-5605B-048/lib/\xcp.a(SeednKey.o)
                0x0002c220                XcpRaptorSecurity
 *fill*         0x0002c3f4        0x0 
 .text.flipEndian
                0x0002c3f4       0x18 C:/Program Files (x86)/NewEagle/Raptor/2021b_1.0.14409/GCM-5605B-048/lib/\xcp.a(SeednKey.o)
                0x0002c3f4                flipEndian
 .text.XcpGetSession
                0x0002c40c       0xbc C:/Program Files (x86)/NewEagle/Raptor/2021b_1.0.14409/GCM-5605B-048/lib/\xcp.a(SeednKey.o)
                0x0002c40c                XcpGetSession
 .text.XcpClearSession
                0x0002c4c8       0xa4 C:/Program Files (x86)/NewEagle/Raptor/2021b_1.0.14409/GCM-5605B-048/lib/\xcp.a(SeednKey.o)
                0x0002c4c8                XcpClearSession
 *fill*         0x0002c56c        0x0 
 .text.XcpApp_InitSeedKey
                0x0002c56c       0x58 C:/Program Files (x86)/NewEagle/Raptor/2021b_1.0.14409/GCM-5605B-048/lib/\xcp.a(SeednKey.o)
                0x0002c56c                XcpApp_InitSeedKey
 .text.XcpApp_GetSeed
                0x0002c5c4       0x60 C:/Program Files (x86)/NewEagle/Raptor/2021b_1.0.14409/GCM-5605B-048/lib/\xcp.a(SeednKey.o)
                0x0002c5c4                XcpApp_GetSeed
 *fill*         0x0002c624        0x0 
 .text.XcpApp_GetKeyBuffer
                0x0002c624       0x78 C:/Program Files (x86)/NewEagle/Raptor/2021b_1.0.14409/GCM-5605B-048/lib/\xcp.a(SeednKey.o)
                0x0002c624                XcpApp_GetKeyBuffer
 *fill*         0x0002c69c        0x0 
 .text.XcpApp_UnlockResource
                0x0002c69c       0x74 C:/Program Files (x86)/NewEagle/Raptor/2021b_1.0.14409/GCM-5605B-048/lib/\xcp.a(SeednKey.o)
                0x0002c69c                XcpApp_UnlockResource
 .text.XcpApp_OnUserDefinedCxn
                0x0002c710        0x2 C:/Program Files (x86)/NewEagle/Raptor/2021b_1.0.14409/GCM-5605B-048/lib/\xcp.a(xcp_callbacks.o)
                0x0002c710                XcpApp_OnUserDefinedCxn
 *fill*         0x0002c712        0x2 
 .text.XcpApp_OnNormalCxn
                0x0002c714        0x2 C:/Program Files (x86)/NewEagle/Raptor/2021b_1.0.14409/GCM-5605B-048/lib/\xcp.a(xcp_callbacks.o)
                0x0002c714                XcpApp_OnNormalCxn
 *fill*         0x0002c716        0x2 
 .text.XcpApp_OnDisconnect
                0x0002c718        0x2 C:/Program Files (x86)/NewEagle/Raptor/2021b_1.0.14409/GCM-5605B-048/lib/\xcp.a(xcp_callbacks.o)
                0x0002c718                XcpApp_OnDisconnect
 *fill*         0x0002c71a        0x2 
 .text.XcpApp_SetEcuCalPage
                0x0002c71c        0x4 C:/Program Files (x86)/NewEagle/Raptor/2021b_1.0.14409/GCM-5605B-048/lib/\xcp.a(xcp_callbacks.o)
                0x0002c71c                XcpApp_SetEcuCalPage
 .text.XcpApp_SetEcuCalPageAllSegs
                0x0002c720        0x4 C:/Program Files (x86)/NewEagle/Raptor/2021b_1.0.14409/GCM-5605B-048/lib/\xcp.a(xcp_callbacks.o)
                0x0002c720                XcpApp_SetEcuCalPageAllSegs
 .text.XcpApp_SetToolCalPage
                0x0002c724        0x4 C:/Program Files (x86)/NewEagle/Raptor/2021b_1.0.14409/GCM-5605B-048/lib/\xcp.a(xcp_callbacks.o)
                0x0002c724                XcpApp_SetToolCalPage
 .text.XcpApp_SetToolCalPageAllSegs
                0x0002c728        0x4 C:/Program Files (x86)/NewEagle/Raptor/2021b_1.0.14409/GCM-5605B-048/lib/\xcp.a(xcp_callbacks.o)
                0x0002c728                XcpApp_SetToolCalPageAllSegs
 .text.XcpApp_GetEcuCalPage
                0x0002c72c        0x4 C:/Program Files (x86)/NewEagle/Raptor/2021b_1.0.14409/GCM-5605B-048/lib/\xcp.a(xcp_callbacks.o)
                0x0002c72c                XcpApp_GetEcuCalPage
 .text.XcpApp_CalMemWrite
                0x0002c730       0x30 C:/Program Files (x86)/NewEagle/Raptor/2021b_1.0.14409/GCM-5605B-048/lib/\xcp.a(xcp_callbacks.o)
                0x0002c730                XcpApp_CalMemWrite
 *fill*         0x0002c760        0x0 
 .text.XcpApp_CalMemRead
                0x0002c760       0x20 C:/Program Files (x86)/NewEagle/Raptor/2021b_1.0.14409/GCM-5605B-048/lib/\xcp.a(xcp_callbacks.o)
                0x0002c760                XcpApp_CalMemRead
 .text.XcpApp_CalMemGetChecksum
                0x0002c780       0x2c C:/Program Files (x86)/NewEagle/Raptor/2021b_1.0.14409/GCM-5605B-048/lib/\xcp.a(xcp_callbacks.o)
                0x0002c780                XcpApp_CalMemGetChecksum
 *fill*         0x0002c7ac        0x0 
 .text.XcpApp_CalMemGetRequestState
                0x0002c7ac        0x4 C:/Program Files (x86)/NewEagle/Raptor/2021b_1.0.14409/GCM-5605B-048/lib/\xcp.a(xcp_callbacks.o)
                0x0002c7ac                XcpApp_CalMemGetRequestState
 .text.XcpApp_CalMemModifyBits
                0x0002c7b0        0x4 C:/Program Files (x86)/NewEagle/Raptor/2021b_1.0.14409/GCM-5605B-048/lib/\xcp.a(xcp_callbacks.o)
                0x0002c7b0                XcpApp_CalMemModifyBits
 .text.XcpApp_CalPageCopy
                0x0002c7b4        0x4 C:/Program Files (x86)/NewEagle/Raptor/2021b_1.0.14409/GCM-5605B-048/lib/\xcp.a(xcp_callbacks.o)
                0x0002c7b4                XcpApp_CalPageCopy
 .text.XcpApp_CalSegFreeze
                0x0002c7b8        0x4 C:/Program Files (x86)/NewEagle/Raptor/2021b_1.0.14409/GCM-5605B-048/lib/\xcp.a(xcp_callbacks.o)
                0x0002c7b8                XcpApp_CalSegFreeze
 .text.XcpApp_GetTimestamp
                0x0002c7bc       0x14 C:/Program Files (x86)/NewEagle/Raptor/2021b_1.0.14409/GCM-5605B-048/lib/\xcp.a(xcp_callbacks.o)
                0x0002c7bc                XcpApp_GetTimestamp
 .text.XcpApp_ConvertAddress
                0x0002c7d0        0x2 C:/Program Files (x86)/NewEagle/Raptor/2021b_1.0.14409/GCM-5605B-048/lib/\xcp.a(xcp_callbacks.o)
                0x0002c7d0                XcpApp_ConvertAddress
 *fill*         0x0002c7d2        0x2 
 .text.XcpApp_IsRegionMeasurable
                0x0002c7d4        0x4 C:/Program Files (x86)/NewEagle/Raptor/2021b_1.0.14409/GCM-5605B-048/lib/\xcp.a(xcp_callbacks.o)
                0x0002c7d4                XcpApp_IsRegionMeasurable
 .text.XcpApp_ProgramStart
                0x0002c7d8        0x4 C:/Program Files (x86)/NewEagle/Raptor/2021b_1.0.14409/GCM-5605B-048/lib/\xcp.a(xcp_callbacks.o)
                0x0002c7d8                XcpApp_ProgramStart
 .text.XcpApp_ProgramClear
                0x0002c7dc        0x4 C:/Program Files (x86)/NewEagle/Raptor/2021b_1.0.14409/GCM-5605B-048/lib/\xcp.a(xcp_callbacks.o)
                0x0002c7dc                XcpApp_ProgramClear
 .text.XcpApp_Program
                0x0002c7e0        0x4 C:/Program Files (x86)/NewEagle/Raptor/2021b_1.0.14409/GCM-5605B-048/lib/\xcp.a(xcp_callbacks.o)
                0x0002c7e0                XcpApp_Program
 .text.XcpApp_ProgramReset
                0x0002c7e4        0x4 C:/Program Files (x86)/NewEagle/Raptor/2021b_1.0.14409/GCM-5605B-048/lib/\xcp.a(xcp_callbacks.o)
                0x0002c7e4                XcpApp_ProgramReset
 .text.XcpApp_ProgramGetRequestState
                0x0002c7e8        0x4 C:/Program Files (x86)/NewEagle/Raptor/2021b_1.0.14409/GCM-5605B-048/lib/\xcp.a(xcp_callbacks.o)
                0x0002c7e8                XcpApp_ProgramGetRequestState
 .text.XcpApp_ProgramPrepare
                0x0002c7ec        0x4 C:/Program Files (x86)/NewEagle/Raptor/2021b_1.0.14409/GCM-5605B-048/lib/\xcp.a(xcp_callbacks.o)
                0x0002c7ec                XcpApp_ProgramPrepare
 .text.Xcp_DaqProcessor
                0x0002c7f0      0x220 C:/Program Files (x86)/NewEagle/Raptor/2021b_1.0.14409/GCM-5605B-048/lib/\xcp.a(xcp_daq.o)
                0x0002c7f0                Xcp_DaqProcessor
 *fill*         0x0002ca10        0x0 
 .text.ADC_Calibration
                0x0002ca10       0x14 C:/Program Files (x86)/NewEagle/Raptor/2021b_1.0.14409/GCM-5605B-048/lib/\GCM-5605B-048-2104.a(adc.o)
                0x0002ca10                ADC_Calibration
 .text.ADC_Init
                0x0002ca24      0x14c C:/Program Files (x86)/NewEagle/Raptor/2021b_1.0.14409/GCM-5605B-048/lib/\GCM-5605B-048-2104.a(adc.o)
                0x0002ca24                ADC_Init
 *fill*         0x0002cb70        0x0 
 .text.ADC_Read_Raw
                0x0002cb70       0xf0 C:/Program Files (x86)/NewEagle/Raptor/2021b_1.0.14409/GCM-5605B-048/lib/\GCM-5605B-048-2104.a(adc.o)
                0x0002cb70                ADC_Read_Raw
 .text.ADC_Read_Chan
                0x0002cc60      0x104 C:/Program Files (x86)/NewEagle/Raptor/2021b_1.0.14409/GCM-5605B-048/lib/\GCM-5605B-048-2104.a(adc.o)
                0x0002cc60                ADC_Read_Chan
 .text.adc_pad_init
                0x0002cd64      0x148 C:/Program Files (x86)/NewEagle/Raptor/2021b_1.0.14409/GCM-5605B-048/lib/\GCM-5605B-048-2104.a(adc.o)
 *fill*         0x0002ceac        0x0 
 .text.AnalogInputInit
                0x0002ceac       0x68 C:/Program Files (x86)/NewEagle/Raptor/2021b_1.0.14409/GCM-5605B-048/lib/\GCM-5605B-048-2104.a(adc.o)
                0x0002ceac                AnalogInputInit
 .text.CreateCAN
                0x0002cf14       0x18 C:/Program Files (x86)/NewEagle/Raptor/2021b_1.0.14409/GCM-5605B-048/lib/\GCM-5605B-048-2104.a(can.o)
                0x0002cf14                CreateCAN
 .text.start_CAN
                0x0002cf2c      0x22c C:/Program Files (x86)/NewEagle/Raptor/2021b_1.0.14409/GCM-5605B-048/lib/\GCM-5605B-048-2104.a(can.o)
                0x0002cf2c                start_CAN
 *fill*         0x0002d158        0x0 
 .text.start_CAN_private
                0x0002d158       0x98 C:/Program Files (x86)/NewEagle/Raptor/2021b_1.0.14409/GCM-5605B-048/lib/\GCM-5605B-048-2104.a(can.o)
                0x0002d158                start_CAN_private
 *fill*         0x0002d1f0        0x0 
 .text.change_CAN_bit_rate
                0x0002d1f0      0x220 C:/Program Files (x86)/NewEagle/Raptor/2021b_1.0.14409/GCM-5605B-048/lib/\GCM-5605B-048-2104.a(can.o)
                0x0002d1f0                change_CAN_bit_rate
 .text.set_CAN_offline_mode
                0x0002d410       0x58 C:/Program Files (x86)/NewEagle/Raptor/2021b_1.0.14409/GCM-5605B-048/lib/\GCM-5605B-048-2104.a(can.o)
                0x0002d410                set_CAN_offline_mode
 .text.get_CAN_bus_state
                0x0002d468      0x168 C:/Program Files (x86)/NewEagle/Raptor/2021b_1.0.14409/GCM-5605B-048/lib/\GCM-5605B-048-2104.a(can.o)
                0x0002d468                get_CAN_bus_state
 .text.register_xcp_tx_callback_object
                0x0002d5d0       0x80 C:/Program Files (x86)/NewEagle/Raptor/2021b_1.0.14409/GCM-5605B-048/lib/\GCM-5605B-048-2104.a(can.o)
                0x0002d5d0                register_xcp_tx_callback_object
 *fill*         0x0002d650        0x0 
 .text.CAN_XCPTransmit
                0x0002d650      0x298 C:/Program Files (x86)/NewEagle/Raptor/2021b_1.0.14409/GCM-5605B-048/lib/\GCM-5605B-048-2104.a(can.o)
                0x0002d650                CAN_XCPTransmit
 *fill*         0x0002d8e8        0x0 
 .text.send_can_message
                0x0002d8e8      0x108 C:/Program Files (x86)/NewEagle/Raptor/2021b_1.0.14409/GCM-5605B-048/lib/\GCM-5605B-048-2104.a(can.o)
                0x0002d8e8                send_can_message
 *fill*         0x0002d9f0        0x0 
 .text.CAN_Queued_Transmit
                0x0002d9f0      0x110 C:/Program Files (x86)/NewEagle/Raptor/2021b_1.0.14409/GCM-5605B-048/lib/\GCM-5605B-048-2104.a(can.o)
                0x0002d9f0                CAN_Queued_Transmit
 .text.CAN_QueuedTx_PeriodicKick
                0x0002db00       0xc8 C:/Program Files (x86)/NewEagle/Raptor/2021b_1.0.14409/GCM-5605B-048/lib/\GCM-5605B-048-2104.a(can.o)
                0x0002db00                CAN_QueuedTx_PeriodicKick
 .text.CAN_QueuedTx_Complete
                0x0002dbc8       0x74 C:/Program Files (x86)/NewEagle/Raptor/2021b_1.0.14409/GCM-5605B-048/lib/\GCM-5605B-048-2104.a(can.o)
                0x0002dbc8                CAN_QueuedTx_Complete
 *fill*         0x0002dc3c        0x0 
 .text.can_register_rx_callback
                0x0002dc3c       0x7c C:/Program Files (x86)/NewEagle/Raptor/2021b_1.0.14409/GCM-5605B-048/lib/\GCM-5605B-048-2104.a(can.o)
                0x0002dc3c                can_register_rx_callback
 .text.CAN1_TX_Callback
                0x0002dcb8       0x24 C:/Program Files (x86)/NewEagle/Raptor/2021b_1.0.14409/GCM-5605B-048/lib/\GCM-5605B-048-2104.a(can.o)
                0x0002dcb8                CAN1_TX_Callback
 .text.CAN2_TX_Callback
                0x0002dcdc       0x24 C:/Program Files (x86)/NewEagle/Raptor/2021b_1.0.14409/GCM-5605B-048/lib/\GCM-5605B-048-2104.a(can.o)
                0x0002dcdc                CAN2_TX_Callback
 .text.CAN3_TX_Callback
                0x0002dd00       0x24 C:/Program Files (x86)/NewEagle/Raptor/2021b_1.0.14409/GCM-5605B-048/lib/\GCM-5605B-048-2104.a(can.o)
                0x0002dd00                CAN3_TX_Callback
 .text.CAN4_TX_Callback
                0x0002dd24       0x24 C:/Program Files (x86)/NewEagle/Raptor/2021b_1.0.14409/GCM-5605B-048/lib/\GCM-5605B-048-2104.a(can.o)
                0x0002dd24                CAN4_TX_Callback
 .text.CAN5_TX_Callback
                0x0002dd48       0x24 C:/Program Files (x86)/NewEagle/Raptor/2021b_1.0.14409/GCM-5605B-048/lib/\GCM-5605B-048-2104.a(can.o)
                0x0002dd48                CAN5_TX_Callback
 .text.CAN6_TX_Callback
                0x0002dd6c       0x24 C:/Program Files (x86)/NewEagle/Raptor/2021b_1.0.14409/GCM-5605B-048/lib/\GCM-5605B-048-2104.a(can.o)
                0x0002dd6c                CAN6_TX_Callback
 .text.CANFrame_Queue_Create
                0x0002dd90       0x4c C:/Program Files (x86)/NewEagle/Raptor/2021b_1.0.14409/GCM-5605B-048/lib/\GCM-5605B-048-2104.a(can.o)
                0x0002dd90                CANFrame_Queue_Create
 *fill*         0x0002dddc        0x0 
 .text.CAN_TXBuffer_IsFree
                0x0002dddc       0x74 C:/Program Files (x86)/NewEagle/Raptor/2021b_1.0.14409/GCM-5605B-048/lib/\GCM-5605B-048-2104.a(can.o)
 .text.CAN_LoadTransmitBuffer
                0x0002de50      0x28c C:/Program Files (x86)/NewEagle/Raptor/2021b_1.0.14409/GCM-5605B-048/lib/\GCM-5605B-048-2104.a(can.o)
 *fill*         0x0002e0dc        0x0 
 .text.CAN_EnqueueFrame
                0x0002e0dc      0x1e4 C:/Program Files (x86)/NewEagle/Raptor/2021b_1.0.14409/GCM-5605B-048/lib/\GCM-5605B-048-2104.a(can.o)
 .text.CAN_Dequeue_Frame
                0x0002e2c0      0x13c C:/Program Files (x86)/NewEagle/Raptor/2021b_1.0.14409/GCM-5605B-048/lib/\GCM-5605B-048-2104.a(can.o)
 .text.CAN_RX_EnqueueFrame
                0x0002e3fc      0x1e0 C:/Program Files (x86)/NewEagle/Raptor/2021b_1.0.14409/GCM-5605B-048/lib/\GCM-5605B-048-2104.a(can.o)
                0x0002e3fc                CAN_RX_EnqueueFrame
 *fill*         0x0002e5dc        0x0 
 .text.CAN_RX_Dequeue_Frame
                0x0002e5dc      0x148 C:/Program Files (x86)/NewEagle/Raptor/2021b_1.0.14409/GCM-5605B-048/lib/\GCM-5605B-048-2104.a(can.o)
 *fill*         0x0002e724        0x0 
 .text.CAN_RX_Idle_Task
                0x0002e724      0x360 C:/Program Files (x86)/NewEagle/Raptor/2021b_1.0.14409/GCM-5605B-048/lib/\GCM-5605B-048-2104.a(can.o)
                0x0002e724                CAN_RX_Idle_Task
 *fill*         0x0002ea84        0x0 
 .text.CAN_TX_Queue_Get_Status
                0x0002ea84       0xcc C:/Program Files (x86)/NewEagle/Raptor/2021b_1.0.14409/GCM-5605B-048/lib/\GCM-5605B-048-2104.a(can.o)
                0x0002ea84                CAN_TX_Queue_Get_Status
 *fill*         0x0002eb50        0x0 
 .text.CAN_RX_Queue_Get_Status
                0x0002eb50       0xcc C:/Program Files (x86)/NewEagle/Raptor/2021b_1.0.14409/GCM-5605B-048/lib/\GCM-5605B-048-2104.a(can.o)
                0x0002eb50                CAN_RX_Queue_Get_Status
 *fill*         0x0002ec1c        0x0 
 .text.CAN_SET_RX_ID_MASK
                0x0002ec1c      0x254 C:/Program Files (x86)/NewEagle/Raptor/2021b_1.0.14409/GCM-5605B-048/lib/\GCM-5605B-048-2104.a(can.o)
                0x0002ec1c                CAN_SET_RX_ID_MASK
 *fill*         0x0002ee70        0x0 
 .text.crc32_calculation
                0x0002ee70       0x20 C:/Program Files (x86)/NewEagle/Raptor/2021b_1.0.14409/GCM-5605B-048/lib/\GCM-5605B-048-2104.a(crc.o)
                0x0002ee70                crc32_calculation
 *fill*         0x0002ee90        0x0 
 .text.crc16_calculation
                0x0002ee90       0x38 C:/Program Files (x86)/NewEagle/Raptor/2021b_1.0.14409/GCM-5605B-048/lib/\GCM-5605B-048-2104.a(crc.o)
                0x0002ee90                crc16_calculation
 .text.insert_crc
                0x0002eec8       0x6c C:/Program Files (x86)/NewEagle/Raptor/2021b_1.0.14409/GCM-5605B-048/lib/\GCM-5605B-048-2104.a(crc.o)
                0x0002eec8                insert_crc
 *fill*         0x0002ef34        0x0 
 .text.crc16_ccitt
                0x0002ef34       0x94 C:/Program Files (x86)/NewEagle/Raptor/2021b_1.0.14409/GCM-5605B-048/lib/\GCM-5605B-048-2104.a(crc.o)
                0x0002ef34                crc16_ccitt
 .text.is_crc_valid
                0x0002efc8       0x6c C:/Program Files (x86)/NewEagle/Raptor/2021b_1.0.14409/GCM-5605B-048/lib/\GCM-5605B-048-2104.a(crc.o)
                0x0002efc8                is_crc_valid
 .text.din_pad_config
                0x0002f034       0xbc C:/Program Files (x86)/NewEagle/Raptor/2021b_1.0.14409/GCM-5605B-048/lib/\GCM-5605B-048-2104.a(digital_input.o)
                0x0002f034                din_pad_config
 *fill*         0x0002f0f0        0x0 
 .text.Digital_Input_Init
                0x0002f0f0       0x14 C:/Program Files (x86)/NewEagle/Raptor/2021b_1.0.14409/GCM-5605B-048/lib/\GCM-5605B-048-2104.a(digital_input.o)
                0x0002f0f0                Digital_Input_Init
 .text.Digital_Input_Read_Chan
                0x0002f104       0x3c C:/Program Files (x86)/NewEagle/Raptor/2021b_1.0.14409/GCM-5605B-048/lib/\GCM-5605B-048-2104.a(digital_input.o)
                0x0002f104                Digital_Input_Read_Chan
 .text.FlexCAN_Init
                0x0002f140       0x38 C:/Program Files (x86)/NewEagle/Raptor/2021b_1.0.14409/GCM-5605B-048/lib/\GCM-5605B-048-2104.a(flexcan_init.o)
                0x0002f140                FlexCAN_Init
 *fill*         0x0002f178        0x0 
 .text.FlexCAN_0_Init
                0x0002f178      0x278 C:/Program Files (x86)/NewEagle/Raptor/2021b_1.0.14409/GCM-5605B-048/lib/\GCM-5605B-048-2104.a(flexcan_init.o)
 .text.FlexCAN_1_Init
                0x0002f3f0      0x264 C:/Program Files (x86)/NewEagle/Raptor/2021b_1.0.14409/GCM-5605B-048/lib/\GCM-5605B-048-2104.a(flexcan_init.o)
 .text.FlexCAN_2_Init
                0x0002f654      0x264 C:/Program Files (x86)/NewEagle/Raptor/2021b_1.0.14409/GCM-5605B-048/lib/\GCM-5605B-048-2104.a(flexcan_init.o)
 .text.FlexCAN_3_Init
                0x0002f8b8      0x264 C:/Program Files (x86)/NewEagle/Raptor/2021b_1.0.14409/GCM-5605B-048/lib/\GCM-5605B-048-2104.a(flexcan_init.o)
 .text.FlexCAN_4_Init
                0x0002fb1c      0x264 C:/Program Files (x86)/NewEagle/Raptor/2021b_1.0.14409/GCM-5605B-048/lib/\GCM-5605B-048-2104.a(flexcan_init.o)
 .text.FlexCAN_5_Init
                0x0002fd80      0x264 C:/Program Files (x86)/NewEagle/Raptor/2021b_1.0.14409/GCM-5605B-048/lib/\GCM-5605B-048-2104.a(flexcan_init.o)
 .text.FLEXCAN_Enable
                0x0002ffe4      0x13c C:/Program Files (x86)/NewEagle/Raptor/2021b_1.0.14409/GCM-5605B-048/lib/\GCM-5605B-048-2104.a(flexcan_init.o)
 .text.FLEXCAN_ExitFreezeMode
                0x00030120       0x74 C:/Program Files (x86)/NewEagle/Raptor/2021b_1.0.14409/GCM-5605B-048/lib/\GCM-5605B-048-2104.a(flexcan_init.o)
                0x00030120                FLEXCAN_ExitFreezeMode
 *fill*         0x00030194        0x0 
 .text.FLEXCAN_EnterFreezeMode
                0x00030194       0x78 C:/Program Files (x86)/NewEagle/Raptor/2021b_1.0.14409/GCM-5605B-048/lib/\GCM-5605B-048-2104.a(flexcan_init.o)
                0x00030194                FLEXCAN_EnterFreezeMode
 *fill*         0x0003020c        0x0 
 .text.FLEXCAN_EnableRx
                0x0003020c       0x38 C:/Program Files (x86)/NewEagle/Raptor/2021b_1.0.14409/GCM-5605B-048/lib/\GCM-5605B-048-2104.a(flexcan_init.o)
                0x0003020c                FLEXCAN_EnableRx
 *fill*         0x00030244        0x0 
 .text.FlexCAN_0_TX_ISR
                0x00030244       0x6c C:/Program Files (x86)/NewEagle/Raptor/2021b_1.0.14409/GCM-5605B-048/lib/\GCM-5605B-048-2104.a(flexcan_init.o)
                0x00030244                FlexCAN_0_TX_ISR
 .text.FlexCAN_1_TX_ISR
                0x000302b0       0x6c C:/Program Files (x86)/NewEagle/Raptor/2021b_1.0.14409/GCM-5605B-048/lib/\GCM-5605B-048-2104.a(flexcan_init.o)
                0x000302b0                FlexCAN_1_TX_ISR
 .text.FlexCAN_2_TX_ISR
                0x0003031c       0x70 C:/Program Files (x86)/NewEagle/Raptor/2021b_1.0.14409/GCM-5605B-048/lib/\GCM-5605B-048-2104.a(flexcan_init.o)
                0x0003031c                FlexCAN_2_TX_ISR
 .text.FlexCAN_3_TX_ISR
                0x0003038c       0x70 C:/Program Files (x86)/NewEagle/Raptor/2021b_1.0.14409/GCM-5605B-048/lib/\GCM-5605B-048-2104.a(flexcan_init.o)
                0x0003038c                FlexCAN_3_TX_ISR
 .text.FlexCAN_4_TX_ISR
                0x000303fc       0x70 C:/Program Files (x86)/NewEagle/Raptor/2021b_1.0.14409/GCM-5605B-048/lib/\GCM-5605B-048-2104.a(flexcan_init.o)
                0x000303fc                FlexCAN_4_TX_ISR
 .text.FlexCAN_5_TX_ISR
                0x0003046c       0x70 C:/Program Files (x86)/NewEagle/Raptor/2021b_1.0.14409/GCM-5605B-048/lib/\GCM-5605B-048-2104.a(flexcan_init.o)
                0x0003046c                FlexCAN_5_TX_ISR
 .text.FlexCAN_0_XCP_TX_ISR
                0x000304dc       0x8c C:/Program Files (x86)/NewEagle/Raptor/2021b_1.0.14409/GCM-5605B-048/lib/\GCM-5605B-048-2104.a(flexcan_init.o)
                0x000304dc                FlexCAN_0_XCP_TX_ISR
 *fill*         0x00030568        0x0 
 .text.FlexCAN_1_XCP_TX_ISR
                0x00030568       0x8c C:/Program Files (x86)/NewEagle/Raptor/2021b_1.0.14409/GCM-5605B-048/lib/\GCM-5605B-048-2104.a(flexcan_init.o)
                0x00030568                FlexCAN_1_XCP_TX_ISR
 *fill*         0x000305f4        0x0 
 .text.FlexCAN_2_XCP_TX_ISR
                0x000305f4       0x90 C:/Program Files (x86)/NewEagle/Raptor/2021b_1.0.14409/GCM-5605B-048/lib/\GCM-5605B-048-2104.a(flexcan_init.o)
                0x000305f4                FlexCAN_2_XCP_TX_ISR
 .text.FlexCAN_3_XCP_TX_ISR
                0x00030684       0x90 C:/Program Files (x86)/NewEagle/Raptor/2021b_1.0.14409/GCM-5605B-048/lib/\GCM-5605B-048-2104.a(flexcan_init.o)
                0x00030684                FlexCAN_3_XCP_TX_ISR
 .text.FlexCAN_4_XCP_TX_ISR
                0x00030714       0x90 C:/Program Files (x86)/NewEagle/Raptor/2021b_1.0.14409/GCM-5605B-048/lib/\GCM-5605B-048-2104.a(flexcan_init.o)
                0x00030714                FlexCAN_4_XCP_TX_ISR
 .text.FlexCAN_5_XCP_TX_ISR
                0x000307a4       0x90 C:/Program Files (x86)/NewEagle/Raptor/2021b_1.0.14409/GCM-5605B-048/lib/\GCM-5605B-048-2104.a(flexcan_init.o)
                0x000307a4                FlexCAN_5_XCP_TX_ISR
 .text.FlexCAN_0_RX_ISR
                0x00030834      0x184 C:/Program Files (x86)/NewEagle/Raptor/2021b_1.0.14409/GCM-5605B-048/lib/\GCM-5605B-048-2104.a(flexcan_init.o)
                0x00030834                FlexCAN_0_RX_ISR
 *fill*         0x000309b8        0x0 
 .text.FlexCAN_1_RX_ISR
                0x000309b8      0x184 C:/Program Files (x86)/NewEagle/Raptor/2021b_1.0.14409/GCM-5605B-048/lib/\GCM-5605B-048-2104.a(flexcan_init.o)
                0x000309b8                FlexCAN_1_RX_ISR
 *fill*         0x00030b3c        0x0 
 .text.FlexCAN_2_RX_ISR
                0x00030b3c      0x1bc C:/Program Files (x86)/NewEagle/Raptor/2021b_1.0.14409/GCM-5605B-048/lib/\GCM-5605B-048-2104.a(flexcan_init.o)
                0x00030b3c                FlexCAN_2_RX_ISR
 *fill*         0x00030cf8        0x0 
 .text.FlexCAN_3_RX_ISR
                0x00030cf8      0x1bc C:/Program Files (x86)/NewEagle/Raptor/2021b_1.0.14409/GCM-5605B-048/lib/\GCM-5605B-048-2104.a(flexcan_init.o)
                0x00030cf8                FlexCAN_3_RX_ISR
 *fill*         0x00030eb4        0x0 
 .text.FlexCAN_4_RX_ISR
                0x00030eb4      0x188 C:/Program Files (x86)/NewEagle/Raptor/2021b_1.0.14409/GCM-5605B-048/lib/\GCM-5605B-048-2104.a(flexcan_init.o)
                0x00030eb4                FlexCAN_4_RX_ISR
 *fill*         0x0003103c        0x0 
 .text.FlexCAN_5_RX_ISR
                0x0003103c      0x188 C:/Program Files (x86)/NewEagle/Raptor/2021b_1.0.14409/GCM-5605B-048/lib/\GCM-5605B-048-2104.a(flexcan_init.o)
                0x0003103c                FlexCAN_5_RX_ISR
 *fill*         0x000311c4        0x0 
 .text.FlexCAN_0_ESR_ISR
                0x000311c4       0x14 C:/Program Files (x86)/NewEagle/Raptor/2021b_1.0.14409/GCM-5605B-048/lib/\GCM-5605B-048-2104.a(flexcan_init.o)
                0x000311c4                FlexCAN_0_ESR_ISR
 .text.FlexCAN_0_BOFF_ISR
                0x000311d8       0x14 C:/Program Files (x86)/NewEagle/Raptor/2021b_1.0.14409/GCM-5605B-048/lib/\GCM-5605B-048-2104.a(flexcan_init.o)
                0x000311d8                FlexCAN_0_BOFF_ISR
 .text.FlexCAN_1_ESR_ISR
                0x000311ec       0x14 C:/Program Files (x86)/NewEagle/Raptor/2021b_1.0.14409/GCM-5605B-048/lib/\GCM-5605B-048-2104.a(flexcan_init.o)
                0x000311ec                FlexCAN_1_ESR_ISR
 .text.FlexCAN_1_BOFF_ISR
                0x00031200       0x14 C:/Program Files (x86)/NewEagle/Raptor/2021b_1.0.14409/GCM-5605B-048/lib/\GCM-5605B-048-2104.a(flexcan_init.o)
                0x00031200                FlexCAN_1_BOFF_ISR
 .text.FlexCAN_2_ESR_ISR
                0x00031214       0x14 C:/Program Files (x86)/NewEagle/Raptor/2021b_1.0.14409/GCM-5605B-048/lib/\GCM-5605B-048-2104.a(flexcan_init.o)
                0x00031214                FlexCAN_2_ESR_ISR
 .text.FlexCAN_2_BOFF_ISR
                0x00031228       0x14 C:/Program Files (x86)/NewEagle/Raptor/2021b_1.0.14409/GCM-5605B-048/lib/\GCM-5605B-048-2104.a(flexcan_init.o)
                0x00031228                FlexCAN_2_BOFF_ISR
 .text.FlexCAN_3_ESR_ISR
                0x0003123c       0x14 C:/Program Files (x86)/NewEagle/Raptor/2021b_1.0.14409/GCM-5605B-048/lib/\GCM-5605B-048-2104.a(flexcan_init.o)
                0x0003123c                FlexCAN_3_ESR_ISR
 .text.FlexCAN_3_BOFF_ISR
                0x00031250       0x14 C:/Program Files (x86)/NewEagle/Raptor/2021b_1.0.14409/GCM-5605B-048/lib/\GCM-5605B-048-2104.a(flexcan_init.o)
                0x00031250                FlexCAN_3_BOFF_ISR
 .text.FlexCAN_4_ESR_ISR
                0x00031264       0x14 C:/Program Files (x86)/NewEagle/Raptor/2021b_1.0.14409/GCM-5605B-048/lib/\GCM-5605B-048-2104.a(flexcan_init.o)
                0x00031264                FlexCAN_4_ESR_ISR
 .text.FlexCAN_4_BOFF_ISR
                0x00031278       0x14 C:/Program Files (x86)/NewEagle/Raptor/2021b_1.0.14409/GCM-5605B-048/lib/\GCM-5605B-048-2104.a(flexcan_init.o)
                0x00031278                FlexCAN_4_BOFF_ISR
 .text.FlexCAN_5_ESR_ISR
                0x0003128c       0x14 C:/Program Files (x86)/NewEagle/Raptor/2021b_1.0.14409/GCM-5605B-048/lib/\GCM-5605B-048-2104.a(flexcan_init.o)
                0x0003128c                FlexCAN_5_ESR_ISR
 .text.FlexCAN_5_BOFF_ISR
                0x000312a0       0x14 C:/Program Files (x86)/NewEagle/Raptor/2021b_1.0.14409/GCM-5605B-048/lib/\GCM-5605B-048-2104.a(flexcan_init.o)
                0x000312a0                FlexCAN_5_BOFF_ISR
 .text.FlexCAN_SET_RX_CALLBACK_RANGE
                0x000312b4      0x120 C:/Program Files (x86)/NewEagle/Raptor/2021b_1.0.14409/GCM-5605B-048/lib/\GCM-5605B-048-2104.a(flexcan_init.o)
                0x000312b4                FlexCAN_SET_RX_CALLBACK_RANGE
 *fill*         0x000313d4        0x0 
 .text.SetIVPR  0x000313d4       0x1c C:/Program Files (x86)/NewEagle/Raptor/2021b_1.0.14409/GCM-5605B-048/lib/\GCM-5605B-048-2104.a(Interrupt_Init.o)
                0x000313d4                SetIVPR
 *fill*         0x000313f0        0x0 
 .text.InitINTC
                0x000313f0       0x30 C:/Program Files (x86)/NewEagle/Raptor/2021b_1.0.14409/GCM-5605B-048/lib/\GCM-5605B-048-2104.a(Interrupt_Init.o)
                0x000313f0                InitINTC
 .text.enableIrq
                0x00031420       0x24 C:/Program Files (x86)/NewEagle/Raptor/2021b_1.0.14409/GCM-5605B-048/lib/\GCM-5605B-048-2104.a(Interrupt_Init.o)
                0x00031420                enableIrq
 *fill*         0x00031444        0x0 
 .text.Interrupt_Init
                0x00031444       0x34 C:/Program Files (x86)/NewEagle/Raptor/2021b_1.0.14409/GCM-5605B-048/lib/\GCM-5605B-048-2104.a(Interrupt_Init.o)
                0x00031444                Interrupt_Init
 .text.Interrupt_Enable
                0x00031478       0x18 C:/Program Files (x86)/NewEagle/Raptor/2021b_1.0.14409/GCM-5605B-048/lib/\GCM-5605B-048-2104.a(Interrupt_Init.o)
                0x00031478                Interrupt_Enable
 .text.Interrupt_Disable
                0x00031490       0x18 C:/Program Files (x86)/NewEagle/Raptor/2021b_1.0.14409/GCM-5605B-048/lib/\GCM-5605B-048-2104.a(Interrupt_Init.o)
                0x00031490                Interrupt_Disable
 .text.LIN_Tx_MasterFrame
                0x000314a8      0x1a8 C:/Program Files (x86)/NewEagle/Raptor/2021b_1.0.14409/GCM-5605B-048/lib/\GCM-5605B-048-2104.a(lin.o)
 *fill*         0x00031650        0x0 
 .text.LIN_Tx_CheckFrameComplete
                0x00031650       0x68 C:/Program Files (x86)/NewEagle/Raptor/2021b_1.0.14409/GCM-5605B-048/lib/\GCM-5605B-048-2104.a(lin.o)
 *fill*         0x000316b8        0x0 
 .text.LIN_Rx_SlaveFrame
                0x000316b8       0xb4 C:/Program Files (x86)/NewEagle/Raptor/2021b_1.0.14409/GCM-5605B-048/lib/\GCM-5605B-048-2104.a(lin.o)
 .text.LIN_Rx_CheckFrameComplete
                0x0003176c      0x13c C:/Program Files (x86)/NewEagle/Raptor/2021b_1.0.14409/GCM-5605B-048/lib/\GCM-5605B-048-2104.a(lin.o)
                0x0003176c                LIN_Rx_CheckFrameComplete
 .text.LIN_SetSchedule
                0x000318a8       0x6c C:/Program Files (x86)/NewEagle/Raptor/2021b_1.0.14409/GCM-5605B-048/lib/\GCM-5605B-048-2104.a(lin.o)
                0x000318a8                LIN_SetSchedule
 *fill*         0x00031914        0x0 
 .text.LIN_GetSchedule
                0x00031914       0x20 C:/Program Files (x86)/NewEagle/Raptor/2021b_1.0.14409/GCM-5605B-048/lib/\GCM-5605B-048-2104.a(lin.o)
                0x00031914                LIN_GetSchedule
 *fill*         0x00031934        0x0 
 .text.LIN_Master_Init
                0x00031934      0x1f0 C:/Program Files (x86)/NewEagle/Raptor/2021b_1.0.14409/GCM-5605B-048/lib/\GCM-5605B-048-2104.a(lin.o)
                0x00031934                LIN_Master_Init
 *fill*         0x00031b24        0x0 
 .text.LIN_Slave_Init
                0x00031b24      0x1d0 C:/Program Files (x86)/NewEagle/Raptor/2021b_1.0.14409/GCM-5605B-048/lib/\GCM-5605B-048-2104.a(lin.o)
                0x00031b24                LIN_Slave_Init
 .text.LIN_Init
                0x00031cf4       0xa8 C:/Program Files (x86)/NewEagle/Raptor/2021b_1.0.14409/GCM-5605B-048/lib/\GCM-5605B-048-2104.a(lin.o)
                0x00031cf4                LIN_Init
 .text.LIN_Com  0x00031d9c      0x3e8 C:/Program Files (x86)/NewEagle/Raptor/2021b_1.0.14409/GCM-5605B-048/lib/\GCM-5605B-048-2104.a(lin.o)
                0x00031d9c                LIN_Com
 *fill*         0x00032184        0x0 
 .text.LIN_GetMasterStatus
                0x00032184       0x94 C:/Program Files (x86)/NewEagle/Raptor/2021b_1.0.14409/GCM-5605B-048/lib/\GCM-5605B-048-2104.a(lin.o)
                0x00032184                LIN_GetMasterStatus
 .text.LIN_GetSlaveStatus
                0x00032218       0x9c C:/Program Files (x86)/NewEagle/Raptor/2021b_1.0.14409/GCM-5605B-048/lib/\GCM-5605B-048-2104.a(lin.o)
                0x00032218                LIN_GetSlaveStatus
 *fill*         0x000322b4        0x0 
 .text.find_first_frame
                0x000322b4      0x118 C:/Program Files (x86)/NewEagle/Raptor/2021b_1.0.14409/GCM-5605B-048/lib/\GCM-5605B-048-2104.a(lin.o)
                0x000322b4                find_first_frame
 *fill*         0x000323cc        0x0 
 .text.find_frame_in_node