Archive member included to satisfy reference by file (symbol)

C:/Program Files (x86)/NewEagle/Raptor/2021b_1.0.14409/GCM-5605B-048/lib/\xcp.a(xcp.o)
                              ./objs/hw_user.o (Xcp_Initialize)
C:/Program Files (x86)/NewEagle/Raptor/2021b_1.0.14409/GCM-5605B-048/lib/\xcp.a(xcpcan_cmd.o)
                              ./objs/xcp_protocol.o (XcpCan_CmdProc)
C:/Program Files (x86)/NewEagle/Raptor/2021b_1.0.14409/GCM-5605B-048/lib/\xcp.a(xcpcan_getrxbuf.o)
                              ./objs/xcp_protocol.o (XcpCan_GetRxBuf)
C:/Program Files (x86)/NewEagle/Raptor/2021b_1.0.14409/GCM-5605B-048/lib/\xcp.a(xcpcan_gettxbuf.o)
                              ./objs/xcp_protocol.o (XcpCan_GetTxBuf)
C:/Program Files (x86)/NewEagle/Raptor/2021b_1.0.14409/GCM-5605B-048/lib/\xcp.a(xcpcan_init.o)
                              ./objs/xcp_protocol.o (XcpCan_ResetDaqList)
C:/Program Files (x86)/NewEagle/Raptor/2021b_1.0.14409/GCM-5605B-048/lib/\xcp.a(xcpcan_peekrxbuf.o)
                              ./objs/xcp_protocol.o (XcpCan_PeekRxBuf)
C:/Program Files (x86)/NewEagle/Raptor/2021b_1.0.14409/GCM-5605B-048/lib/\xcp.a(xcpcan_rxcallback.o)
                              ./objs/XCP_App.o (XcpCan_RxCallback)
C:/Program Files (x86)/NewEagle/Raptor/2021b_1.0.14409/GCM-5605B-048/lib/\xcp.a(xcpcan_rxnext.o)
                              ./objs/xcp_protocol.o (XcpCan_RxNext)
C:/Program Files (x86)/NewEagle/Raptor/2021b_1.0.14409/GCM-5605B-048/lib/\xcp.a(xcpcan_txcallback.o)
                              ./objs/XCP_App.o (XcpCan_TxCallback)
C:/Program Files (x86)/NewEagle/Raptor/2021b_1.0.14409/GCM-5605B-048/lib/\xcp.a(xcpcan_txnext.o)
                              C:/Program Files (x86)/NewEagle/Raptor/2021b_1.0.14409/GCM-5605B-048/lib/\xcp.a(xcpcan_txcallback.o) (XcpCan_DoTransmit)
C:/Program Files (x86)/NewEagle/Raptor/2021b_1.0.14409/GCM-5605B-048/lib/\xcp.a(xcp_cmd.o)
                              C:/Program Files (x86)/NewEagle/Raptor/2021b_1.0.14409/GCM-5605B-048/lib/\xcp.a(xcp.o) (Xcp_CmdUnknown)
C:/Program Files (x86)/NewEagle/Raptor/2021b_1.0.14409/GCM-5605B-048/lib/\xcp.a(xcp_cmdcalpage.o)
                              C:/Program Files (x86)/NewEagle/Raptor/2021b_1.0.14409/GCM-5605B-048/lib/\xcp.a(xcp.o) (Xcp_CmdSetCalPage)
C:/Program Files (x86)/NewEagle/Raptor/2021b_1.0.14409/GCM-5605B-048/lib/\xcp.a(xcp_cmdchecksum.o)
                              C:/Program Files (x86)/NewEagle/Raptor/2021b_1.0.14409/GCM-5605B-048/lib/\xcp.a(xcp.o) (Xcp_CmdBuildChecksum)
C:/Program Files (x86)/NewEagle/Raptor/2021b_1.0.14409/GCM-5605B-048/lib/\xcp.a(xcp_cmdconnect.o)
                              C:/Program Files (x86)/NewEagle/Raptor/2021b_1.0.14409/GCM-5605B-048/lib/\xcp.a(xcp.o) (Xcp_CmdConnect)
C:/Program Files (x86)/NewEagle/Raptor/2021b_1.0.14409/GCM-5605B-048/lib/\xcp.a(xcp_cmddaq.o)
                              C:/Program Files (x86)/NewEagle/Raptor/2021b_1.0.14409/GCM-5605B-048/lib/\xcp.a(xcp.o) (Xcp_CmdClearDaqList)
C:/Program Files (x86)/NewEagle/Raptor/2021b_1.0.14409/GCM-5605B-048/lib/\xcp.a(xcp_cmddownload.o)
                              C:/Program Files (x86)/NewEagle/Raptor/2021b_1.0.14409/GCM-5605B-048/lib/\xcp.a(xcp.o) (Xcp_CmdDownload)
C:/Program Files (x86)/NewEagle/Raptor/2021b_1.0.14409/GCM-5605B-048/lib/\xcp.a(xcp_cmddyndaq.o)
                              C:/Program Files (x86)/NewEagle/Raptor/2021b_1.0.14409/GCM-5605B-048/lib/\xcp.a(xcp.o) (Xcp_CmdFreeDaq)
C:/Program Files (x86)/NewEagle/Raptor/2021b_1.0.14409/GCM-5605B-048/lib/\xcp.a(xcp_cmdflash.o)
                              C:/Program Files (x86)/NewEagle/Raptor/2021b_1.0.14409/GCM-5605B-048/lib/\xcp.a(xcp.o) (Xcp_CmdProgramStart)
C:/Program Files (x86)/NewEagle/Raptor/2021b_1.0.14409/GCM-5605B-048/lib/\xcp.a(xcp_cmdseednkey.o)
                              C:/Program Files (x86)/NewEagle/Raptor/2021b_1.0.14409/GCM-5605B-048/lib/\xcp.a(xcp.o) (Xcp_CmdGetSeed)
C:/Program Files (x86)/NewEagle/Raptor/2021b_1.0.14409/GCM-5605B-048/lib/\xcp.a(xcp_cmdupload.o)
                              C:/Program Files (x86)/NewEagle/Raptor/2021b_1.0.14409/GCM-5605B-048/lib/\xcp.a(xcp.o) (Xcp_CmdUpload)
C:/Program Files (x86)/NewEagle/Raptor/2021b_1.0.14409/GCM-5605B-048/lib/\xcp.a(xcp_event.o)
                              ./objs/XCP_App.o (Xcp_Event)
C:/Program Files (x86)/NewEagle/Raptor/2021b_1.0.14409/GCM-5605B-048/lib/\xcp.a(xcp_stim.o)
                              C:/Program Files (x86)/NewEagle/Raptor/2021b_1.0.14409/GCM-5605B-048/lib/\xcp.a(xcp_event.o) (Xcp_StimProcessor)
C:/Program Files (x86)/NewEagle/Raptor/2021b_1.0.14409/GCM-5605B-048/lib/\xcp.a(xcp_target.o)
                              C:/Program Files (x86)/NewEagle/Raptor/2021b_1.0.14409/GCM-5605B-048/lib/\xcp.a(xcpcan_rxcallback.o) (Xcp_MemCopy)
C:/Program Files (x86)/NewEagle/Raptor/2021b_1.0.14409/GCM-5605B-048/lib/\xcp.a(SeednKey.o)
[...]
Memory Configuration

Name             Origin             Length             Attributes
flash_app_desc   0x00020000         0x00000100
flash_app        0x00020100         0x0009ff00
flash_end        0x000bffff         0x00000000
sram_memory      0x40000000         0x0000ff80
bootmailbox      0x4000ff80         0x00000080
*default*        0x00000000         0xffffffff

Linker script and memory map

LOAD c:/nxp/s32ds_power_v2.1/s32ds/build_tools/powerpc-eabivle-4_9/bin/../lib/gcc/powerpc-eabivle/4.9.4/ecrti.o
LOAD c:/nxp/s32ds_power_v2.1/s32ds/build_tools/powerpc-eabivle-4_9/bin/../lib/gcc/powerpc-eabivle/4.9.4/crtbegin.o
LOAD ./objs/LIN2.o
LOAD ./objs/Lightning_McSeas_VCU_Current_Mode.o
LOAD ./objs/Timer_BGND_9AY_V.o
LOAD ./objs/Timer_ooqlV.o
LOAD ./objs/XCP_App.o
LOAD ./objs/can_1046__0001.o
LOAD ./objs/can_1047__0001.o
LOAD ./objs/data.o
LOAD ./objs/hw_user.o
LOAD ./objs/lin_1048__0001.o
LOAD ./objs/lin_general.o
LOAD ./objs/raptor_printf.o
LOAD ./objs/xcp_protocol.o
LOAD C:/Program Files (x86)/NewEagle/Raptor/2021b_1.0.14409/GCM-5605B-048/lib/\xcp.a
LOAD C:/Program Files (x86)/NewEagle/Raptor/2021b_1.0.14409/GCM-5605B-048/lib/\GCM-5605B-048-2104.a
START GROUP
LOAD C:/NXP/S32DS_Power_v2.1/S32DS/build_tools/e200_ewl2/lib\libc99.a
LOAD C:/NXP/S32DS_Power_v2.1/S32DS/build_tools/e200_ewl2/lib\libm.a
LOAD c:/nxp/s32ds_power_v2.1/s32ds/build_tools/powerpc-eabivle-4_9/bin/../lib/gcc/powerpc-eabivle/4.9.4\libgcc.a
LOAD C:/NXP/S32DS_Power_v2.1/S32DS/build_tools/e200_ewl2/lib\librt.a
END GROUP
LOAD c:/nxp/s32ds_power_v2.1/s32ds/build_tools/powerpc-eabivle-4_9/bin/../lib/gcc/powerpc-eabivle/4.9.4/crtend.o
LOAD c:/nxp/s32ds_power_v2.1/s32ds/build_tools/powerpc-eabivle-4_9/bin/../lib/gcc/powerpc-eabivle/4.9.4/ecrtn.o
                0x00000000                __HEAP_SIZE = 0x0
                0x00000100                __STACK_MARGIN = 0x100
                0x00000800                __STACK_SIZE = 0x800
                0x00010000                SRAM_SIZE = 0x10000
                0x40000000                SRAM_BASE_ADDR = 0x40000000

.app_desc       0x00020000       0x70
                0x00020000                __ROM_IMAGE_START = .
 *(.app_desc)
 .app_desc      0x00020000       0x70 C:/Program Files (x86)/NewEagle/Raptor/2021b_1.0.14409/GCM-5605B-048/lib/\GCM-5605B-048-2104.a(app_descriptor_cfg.o)
                0x00020000                AppDescriptor
                0x00020070                __gccbegin_rom = .

.startup        0x00020400      0x130
                0x00020400                __start = .
 *(.startup)
 .startup       0x00020400      0x130 C:/Program Files (x86)/NewEagle/Raptor/2021b_1.0.14409/GCM-5605B-048/lib/\GCM-5605B-048-2104.a(startup.o)
                0x00020400                _start

.core_exceptions_table
                0x00021000       0xf4
                0x00021000                __IVPR_VALUE = .
 *(.core_exceptions_table)
 .core_exceptions_table
                0x00021000       0xf4 C:/Program Files (x86)/NewEagle/Raptor/2021b_1.0.14409/GCM-5605B-048/lib/\GCM-5605B-048-2104.a(exceptions.o)
                0x00021000                VTABLE
                0x00021000                IVOR0_Vector
                0x00021010                IVOR1_Vector
                0x00021020                IVOR2_Vector
                0x00021030                IVOR3_Vector
                0x00021040                IVOR4_Vector
                0x00021050                IVOR5_Vector
                0x00021060                IVOR6_Vector
                0x00021070                IVOR7_Vector
                0x00021080                IVOR8_Vector
                0x00021090                IVOR9_Vector
                0x000210a0                IVOR10_Vector
                0x000210b0                IVOR11_Vector
                0x000210c0                IVOR12_Vector
                0x000210d0                IVOR13_Vector
                0x000210e0                IVOR14_Vector
                0x000210f0                IVOR15_Vector

.intc_vector_table
                0x00022000      0xff0
 *(.intc_vector_table)
 .intc_vector_table
                0x00022000      0xff0 C:/Program Files (x86)/NewEagle/Raptor/2021b_1.0.14409/GCM-5605B-048/lib/\GCM-5605B-048-2104.a(isr_table.o)
                0x00022000                IntcIsrVectorTable

.text           0x00022ff0    0x1a290
 *(.text.startup)
 *(.text)
 .text          0x00022ff0        0x0 c:/nxp/s32ds_power_v2.1/s32ds/build_tools/powerpc-eabivle-4_9/bin/../lib/gcc/powerpc-eabivle/4.9.4/ecrti.o
 .text          0x00022ff0      0x16c c:/nxp/s32ds_power_v2.1/s32ds/build_tools/powerpc-eabivle-4_9/bin/../lib/gcc/powerpc-eabivle/4.9.4/crtbegin.o
 .text          0x0002315c        0x0 ./objs/LIN2.o
 .text          0x0002315c        0x0 ./objs/Lightning_McSeas_VCU_Current_Mode.o
 .text          0x0002315c        0x0 ./objs/Timer_BGND_9AY_V.o
 .text          0x0002315c        0x0 ./objs/Timer_ooqlV.o
 .text          0x0002315c        0x0 ./objs/XCP_App.o
 .text          0x0002315c        0x0 ./objs/can_1046__0001.o
 .text          0x0002315c        0x0 ./objs/can_1047__0001.o
 .text          0x0002315c        0x0 ./objs/data.o
 .text          0x0002315c        0x0 ./objs/hw_user.o
 .text          0x0002315c        0x0 ./objs/lin_1048__0001.o
 .text          0x0002315c        0x0 ./objs/lin_general.o
 .text          0x0002315c        0x0 ./objs/raptor_printf.o
 .text          0x0002315c        0x0 ./objs/xcp_protocol.o
 .text          0x0002315c        0x0 C:/Program Files (x86)/NewEagle/Raptor/2021b_1.0.14409/GCM-5605B-048/lib/\xcp.a(xcp.o)
 .text          0x0002315c        0x0 C:/Program Files (x86)/NewEagle/Raptor/2021b_1.0.14409/GCM-5605B-048/lib/\xcp.a(xcpcan_cmd.o)
 .text          0x0002315c        0x0 C:/Program Files (x86)/NewEagle/Raptor/2021b_1.0.14409/GCM-5605B-048/lib/\xcp.a(xcpcan_getrxbuf.o)
 .text          0x0002315c        0x0 C:/Program Files (x86)/NewEagle/Raptor/2021b_1.0.14409/GCM-5605B-048/lib/\xcp.a(xcpcan_gettxbuf.o)
 .text          0x0002315c        0x0 C:/Program Files (x86)/NewEagle/Raptor/2021b_1.0.14409/GCM-5605B-048/lib/\xcp.a(xcpcan_init.o)
 .text          0x0002315c        0x0 C:/Program Files (x86)/NewEagle/Raptor/2021b_1.0.14409/GCM-5605B-048/lib/\xcp.a(xcpcan_peekrxbuf.o)
 .text          0x0002315c        0x0 C:/Program Files (x86)/NewEagle/Raptor/2021b_1.0.14409/GCM-5605B-048/lib/\xcp.a(xcpcan_rxcallback.o)
 .text          0x0002315c        0x0 C:/Program Files (x86)/NewEagle/Raptor/2021b_1.0.14409/GCM-5605B-048/lib/\xcp.a(xcpcan_rxnext.o)
 .text          0x0002315c        0x0 C:/Program Files (x86)/NewEagle/Raptor/2021b_1.0.14409/GCM-5605B-048/lib/\xcp.a(xcpcan_txcallback.o)
 .text          0x0002315c        0x0 C:/Program Files (x86)/NewEagle/Raptor/2021b_1.0.14409/GCM-5605B-048/lib/\xcp.a(xcpcan_txnext.o)
 .text          0x0002315c        0x0 C:/Program Files (x86)/NewEagle/Raptor/2021b_1.0.14409/GCM-5605B-048/lib/\xcp.a(xcp_cmd.o)
 .text          0x0002315c        0x0 C:/Program Files (x86)/NewEagle/Raptor/2021b_1.0.14409/GCM-5605B-048/lib/\xcp.a(xcp_cmdcalpage.o)
 .text          0x0002315c        0x0 C:/Program Files (x86)/NewEagle/Raptor/2021b_1.0.14409/GCM-5605B-048/lib/\xcp.a(xcp_cmdchecksum.o)
 .text          0x0002315c        0x0 C:/Program Files (x86)/NewEagle/Raptor/2021b_1.0.14409/GCM-5605B-048/lib/\xcp.a(xcp_cmdconnect.o)
 .text          0x0002315c        0x0 C:/Program Files (x86)/NewEagle/Raptor/2021b_1.0.14409/GCM-5605B-048/lib/\xcp.a(xcp_cmddaq.o)
 .text          0x0002315c        0x0 C:/Program Files (x86)/NewEagle/Raptor/2021b_1.0.14409/GCM-5605B-048/lib/\xcp.a(xcp_cmddownload.o)
 .text          0x0002315c        0x0 C:/Program Files (x86)/NewEagle/Raptor/2021b_1.0.14409/GCM-5605B-048/lib/\xcp.a(xcp_cmddyndaq.o)
 .text          0x0002315c        0x0 C:/Program Files (x86)/NewEagle/Raptor/2021b_1.0.14409/GCM-5605B-048/lib/\xcp.a(xcp_cmdflash.o)
 .text          0x0002315c        0x0 C:/Program Files (x86)/NewEagle/Raptor/2021b_1.0.14409/GCM-5605B-048/lib/\xcp.a(xcp_cmdseednkey.o)
 .text          0x0002315c        0x0 C:/Program Files (x86)/NewEagle/Raptor/2021b_1.0.14409/GCM-5605B-048/lib/\xcp.a(xcp_cmdupload.o)
 .text          0x0002315c        0x0 C:/Program Files (x86)/NewEagle/Raptor/2021b_1.0.14409/GCM-5605B-048/lib/\xcp.a(xcp_event.o)
 .text          0x0002315c        0x0 C:/Program Files (x86)/NewEagle/Raptor/2021b_1.0.14409/GCM-5605B-048/lib/\xcp.a(xcp_stim.o)
 .text          0x0002315c        0x0 C:/Program Files (x86)/NewEagle/Raptor/2021b_1.0.14409/GCM-5605B-048/lib/\xcp.a(xcp_target.o)
 .text          0x0002315c        0x0 C:/Program Files (x86)/NewEagle/Raptor/2021b_1.0.14409/GCM-5605B-048/lib/\xcp.a(SeednKey.o)
 .text          0x0002315c        0x0 C:/Program Files (x86)/NewEagle/Raptor/2021b_1.0.14409/GCM-5605B-048/lib/\xcp.a(xcp_callbacks.o)
 .text          0x0002315c        0x0 C:/Program Files (x86)/NewEagle/Raptor/2021b_1.0.14409/GCM-5605B-048/lib/\xcp.a(xcp_daq.o)
 .text          0x0002315c        0x0 C:/Program Files (x86)/NewEagle/Raptor/2021b_1.0.14409/GCM-5605B-048/lib/\GCM-5605B-048-2104.a(adc.o)
 .text          0x0002315c        0x0 C:/Program Files (x86)/NewEagle/Raptor/2021b_1.0.14409/GCM-5605B-048/lib/\GCM-5605B-048-2104.a(can.o)
 .text          0x0002315c        0x0 C:/Program Files (x86)/NewEagle/Raptor/2021b_1.0.14409/GCM-5605B-048/lib/\GCM-5605B-048-2104.a(can_config.o)
 .text          0x0002315c        0x0 C:/Program Files (x86)/NewEagle/Raptor/2021b_1.0.14409/GCM-5605B-048/lib/\GCM-5605B-048-2104.a(crc.o)
 .text          0x0002315c        0x0 C:/Program Files (x86)/NewEagle/Raptor/2021b_1.0.14409/GCM-5605B-048/lib/\GCM-5605B-048-2104.a(digital_input.o)
 .text          0x0002315c        0x0 C:/Program Files (x86)/NewEagle/Raptor/2021b_1.0.14409/GCM-5605B-048/lib/\GCM-5605B-048-2104.a(flexcan_init.o)
 .text          0x0002315c        0x0 C:/Program Files (x86)/NewEagle/Raptor/2021b_1.0.14409/GCM-5605B-048/lib/\GCM-5605B-048-2104.a(Interrupt_Init.o)
 .text          0x0002315c        0x0 C:/Program Files (x86)/NewEagle/Raptor/2021b_1.0.14409/GCM-5605B-048/lib/\GCM-5605B-048-2104.a(io_config.o)
 .text          0x0002315c        0xc C:/Program Files (x86)/NewEagle/Raptor/2021b_1.0.14409/GCM-5605B-048/lib/\GCM-5605B-048-2104.a(isr_table.o)
                0x0002315c                dummy
 .text          0x00023168        0x0 C:/Program Files (x86)/NewEagle/Raptor/2021b_1.0.14409/GCM-5605B-048/lib/\GCM-5605B-048-2104.a(lin.o)
 .text          0x00023168        0x0 C:/Program Files (x86)/NewEagle/Raptor/2021b_1.0.14409/GCM-5605B-048/lib/\GCM-5605B-048-2104.a(memory.o)
 .text          0x00023168        0x0 C:/Program Files (x86)/NewEagle/Raptor/2021b_1.0.14409/GCM-5605B-048/lib/\GCM-5605B-048-2104.a(outputs.o)
 .text          0x00023168        0x0 C:/Program Files (x86)/NewEagle/Raptor/2021b_1.0.14409/GCM-5605B-048/lib/\GCM-5605B-048-2104.a(processor_support.o)
 .text          0x00023168        0x0 C:/Program Files (x86)/NewEagle/Raptor/2021b_1.0.14409/GCM-5605B-048/lib/\GCM-5605B-048-2104.a(startup.o)
 .text          0x00023168        0x0 C:/Program Files (x86)/NewEagle/Raptor/2021b_1.0.14409/GCM-5605B-048/lib/\GCM-5605B-048-2104.a(system.o)
 .text          0x00023168        0x0 C:/Program Files (x86)/NewEagle/Raptor/2021b_1.0.14409/GCM-5605B-048/lib/\GCM-5605B-048-2104.a(sys_lib.o)
 .text          0x00023168        0x0 C:/Program Files (x86)/NewEagle/Raptor/2021b_1.0.14409/GCM-5605B-048/lib/\GCM-5605B-048-2104.a(task_scheduler.o)
 .text          0x00023168        0x0 C:/Program Files (x86)/NewEagle/Raptor/2021b_1.0.14409/GCM-5605B-048/lib/\GCM-5605B-048-2104.a(time.o)
 .text          0x00023168        0x0 C:/Program Files (x86)/NewEagle/Raptor/2021b_1.0.14409/GCM-5605B-048/lib/\GCM-5605B-048-2104.a(app_descriptor_cfg.o)
 .text          0x00023168        0x0 C:/Program Files (x86)/NewEagle/Raptor/2021b_1.0.14409/GCM-5605B-048/lib/\GCM-5605B-048-2104.a(bootmailbox.o)
 .text          0x00023168        0x0 C:/Program Files (x86)/NewEagle/Raptor/2021b_1.0.14409/GCM-5605B-048/lib/\GCM-5605B-048-2104.a(drv_diagnostics.o)
 .text          0x00023168        0x0 C:/Program Files (x86)/NewEagle/Raptor/2021b_1.0.14409/GCM-5605B-048/lib/\GCM-5605B-048-2104.a(eed_highlevel.o)
 .text          0x00023168        0x0 C:/Program Files (x86)/NewEagle/Raptor/2021b_1.0.14409/GCM-5605B-048/lib/\GCM-5605B-048-2104.a(eed_lowlevel.o)
 .text          0x00023168        0x0 C:/Program Files (x86)/NewEagle/Raptor/2021b_1.0.14409/GCM-5605B-048/lib/\GCM-5605B-048-2104.a(eed_middlelevel.o)
 .text          0x00023168        0x0 C:/Program Files (x86)/NewEagle/Raptor/2021b_1.0.14409/GCM-5605B-048/lib/\GCM-5605B-048-2104.a(ee_C90_utils.o)
 .text          0x00023168        0x0 C:/Program Files (x86)/NewEagle/Raptor/2021b_1.0.14409/GCM-5605B-048/lib/\GCM-5605B-048-2104.a(ee_config.o)
 .text          0x00023168        0x0 C:/Program Files (x86)/NewEagle/Raptor/2021b_1.0.14409/GCM-5605B-048/lib/\GCM-5605B-048-2104.a(emios_init.o)
 .text          0x00023168        0x0 C:/Program Files (x86)/NewEagle/Raptor/2021b_1.0.14409/GCM-5605B-048/lib/\GCM-5605B-048-2104.a(exceptions.o)
 *fill*         0x00023168        0x8 
 .text          0x00023170      0x160 C:/Program Files (x86)/NewEagle/Raptor/2021b_1.0.14409/GCM-5605B-048/lib/\GCM-5605B-048-2104.a(intc_sw_handlers.o)
                0x00023170                interrupt_handler
                0x000231b8                IVOR1_Handler
                0x00023244                IVOR2_Handler
 .text          0x000232d0        0x0 C:/Program Files (x86)/NewEagle/Raptor/2021b_1.0.14409/GCM-5605B-048/lib/\GCM-5605B-048-2104.a(pwm_input.o)
 .text          0x000232d0        0x0 C:/Program Files (x86)/NewEagle/Raptor/2021b_1.0.14409/GCM-5605B-048/lib/\GCM-5605B-048-2104.a(spidrv.o)
 .text          0x000232d0        0x0 C:/Program Files (x86)/NewEagle/Raptor/2021b_1.0.14409/GCM-5605B-048/lib/\GCM-5605B-048-2104.a(sysclk_init.o)
 .text          0x000232d0        0x0 C:/NXP/S32DS_Power_v2.1/S32DS/build_tools/e200_ewl2/lib\libc99.a(alloc.o)
 .text          0x000232d0        0x0 C:/NXP/S32DS_Power_v2.1/S32DS/build_tools/e200_ewl2/lib\libc99.a(rand.o)
 .text          0x000232d0        0x0 C:/NXP/S32DS_Power_v2.1/S32DS/build_tools/e200_ewl2/lib\libc99.a(memcmp.o)
 .text          0x000232d0        0x0 C:/NXP/S32DS_Power_v2.1/S32DS/build_tools/e200_ewl2/lib\libc99.a(memcpy.o)
 .text          0x000232d0        0x0 C:/NXP/S32DS_Power_v2.1/S32DS/build_tools/e200_ewl2/lib\libc99.a(memset.o)
 .text          0x000232d0        0x0 C:/NXP/S32DS_Power_v2.1/S32DS/build_tools/e200_ewl2/lib\libc99.a(__filll_mem.o)
 .text          0x000232d0        0x0 C:/NXP/S32DS_Power_v2.1/S32DS/build_tools/e200_ewl2/lib\libm.a(float.o)
 .text          0x000232d0        0x0 C:/NXP/S32DS_Power_v2.1/S32DS/build_tools/e200_ewl2/lib\libm.a(math_api.o)
 .text          0x000232d0       0x30 c:/nxp/s32ds_power_v2.1/s32ds/build_tools/powerpc-eabivle-4_9/bin/../lib/gcc/powerpc-eabivle/4.9.4\libgcc.a(_lshrdi3.o)
                0x000232d0                __lshrdi3
 .text          0x00023300       0x30 c:/nxp/s32ds_power_v2.1/s32ds/build_tools/powerpc-eabivle-4_9/bin/../lib/gcc/powerpc-eabivle/4.9.4\libgcc.a(_ashldi3.o)
                0x00023300                __ashldi3
 .text          0x00023330       0x44 c:/nxp/s32ds_power_v2.1/s32ds/build_tools/powerpc-eabivle-4_9/bin/../lib/gcc/powerpc-eabivle/4.9.4\libgcc.a(_fixunssfsi.o)
                0x00023330                __fixunssfsi
 .text          0x00023374       0x58 c:/nxp/s32ds_power_v2.1/s32ds/build_tools/powerpc-eabivle-4_9/bin/../lib/gcc/powerpc-eabivle/4.9.4\libgcc.a(_fixunsdfsi.o)
                0x00023374                __fixunsdfsi
 *fill*         0x000233cc        0x0 
 .text          0x000233cc      0x328 c:/nxp/s32ds_power_v2.1/s32ds/build_tools/powerpc-eabivle-4_9/bin/../lib/gcc/powerpc-eabivle/4.9.4\libgcc.a(_udivdi3.o)
                0x000233cc                __udivdi3
 .text          0x000236f4      0x2e4 c:/nxp/s32ds_power_v2.1/s32ds/build_tools/powerpc-eabivle-4_9/bin/../lib/gcc/powerpc-eabivle/4.9.4\libgcc.a(_umoddi3.o)
                0x000236f4                __umoddi3
 *fill*         0x000239d8        0x0 
 .text          0x000239d8      0x244 c:/nxp/s32ds_power_v2.1/s32ds/build_tools/powerpc-eabivle-4_9/bin/../lib/gcc/powerpc-eabivle/4.9.4\libgcc.a(_addsub_sf.o)
                0x00023b7c                __addsf3
                0x00023bc8                __subsf3
 *fill*         0x00023c1c        0x0 
 .text          0x00023c1c      0x184 c:/nxp/s32ds_power_v2.1/s32ds/build_tools/powerpc-eabivle-4_9/bin/../lib/gcc/powerpc-eabivle/4.9.4\libgcc.a(_mul_sf.o)
                0x00023c1c                __mulsf3
 .text          0x00023da0       0xfc c:/nxp/s32ds_power_v2.1/s32ds/build_tools/powerpc-eabivle-4_9/bin/../lib/gcc/powerpc-eabivle/4.9.4\libgcc.a(_div_sf.o)
                0x00023da0                __divsf3
 .text          0x00023e9c       0x5c c:/nxp/s32ds_power_v2.1/s32ds/build_tools/powerpc-eabivle-4_9/bin/../lib/gcc/powerpc-eabivle/4.9.4\libgcc.a(_gt_sf.o)
                0x00023e9c                __gtsf2
 *fill*         0x00023ef8        0x0 
 .text          0x00023ef8       0x5c c:/nxp/s32ds_power_v2.1/s32ds/build_tools/powerpc-eabivle-4_9/bin/../lib/gcc/powerpc-eabivle/4.9.4\libgcc.a(_ge_sf.o)
                0x00023ef8                __gesf2
 *fill*         0x00023f54        0x0 
 .text          0x00023f54       0x5c c:/nxp/s32ds_power_v2.1/s32ds/build_tools/powerpc-eabivle-4_9/bin/../lib/gcc/powerpc-eabivle/4.9.4\libgcc.a(_lt_sf.o)
                0x00023f54                __ltsf2
 *fill*         0x00023fb0        0x0 
 .text          0x00023fb0       0x5c c:/nxp/s32ds_power_v2.1/s32ds/build_tools/powerpc-eabivle-4_9/bin/../lib/gcc/powerpc-eabivle/4.9.4\libgcc.a(_le_sf.o)
                0x00023fb0                __lesf2
 *fill*         0x0002400c        0x0 
 .text          0x0002400c       0x6c c:/nxp/s32ds_power_v2.1/s32ds/build_tools/powerpc-eabivle-4_9/bin/../lib/gcc/powerpc-eabivle/4.9.4\libgcc.a(_si_to_sf.o)
                0x0002400c                __floatsisf
 *fill*         0x00024078        0x0 
 .text          0x00024078       0x88 c:/nxp/s32ds_power_v2.1/s32ds/build_tools/powerpc-eabivle-4_9/bin/../lib/gcc/powerpc-eabivle/4.9.4\libgcc.a(_sf_to_si.o)
                0x00024078                __fixsfsi
 .text          0x00024100       0x38 c:/nxp/s32ds_power_v2.1/s32ds/build_tools/powerpc-eabivle-4_9/bin/../lib/gcc/powerpc-eabivle/4.9.4\libgcc.a(_sf_to_df.o)
                0x00024100                __extendsfdf2
 .text          0x00024138        0x0 c:/nxp/s32ds_power_v2.1/s32ds/build_tools/powerpc-eabivle-4_9/bin/../lib/gcc/powerpc-eabivle/4.9.4\libgcc.a(_thenan_sf.o)
 .text          0x00024138       0x84 c:/nxp/s32ds_power_v2.1/s32ds/build_tools/powerpc-eabivle-4_9/bin/../lib/gcc/powerpc-eabivle/4.9.4\libgcc.a(_usi_to_sf.o)
                0x00024138                __floatunsisf
 .text          0x000241bc      0x380 c:/nxp/s32ds_power_v2.1/s32ds/build_tools/powerpc-eabivle-4_9/bin/../lib/gcc/powerpc-eabivle/4.9.4\libgcc.a(_addsub_df.o)
                0x0002447c                __adddf3
                0x000244d8                __subdf3
 *fill*         0x0002453c        0x0 
 .text          0x0002453c      0x26c c:/nxp/s32ds_power_v2.1/s32ds/build_tools/powerpc-eabivle-4_9/bin/../lib/gcc/powerpc-eabivle/4.9.4\libgcc.a(_mul_df.o)
                0x0002453c                __muldf3
 .text          0x000247a8      0x180 c:/nxp/s32ds_power_v2.1/s32ds/build_tools/powerpc-eabivle-4_9/bin/../lib/gcc/powerpc-eabivle/4.9.4\libgcc.a(_div_df.o)
                0x000247a8                __divdf3
 *fill*         0x00024928        0x0 
 .text          0x00024928       0x64 c:/nxp/s32ds_power_v2.1/s32ds/build_tools/powerpc-eabivle-4_9/bin/../lib/gcc/powerpc-eabivle/4.9.4\libgcc.a(_ne_df.o)
                0x00024928                __nedf2
 .text          0x0002498c       0x64 c:/nxp/s32ds_power_v2.1/s32ds/build_tools/powerpc-eabivle-4_9/bin/../lib/gcc/powerpc-eabivle/4.9.4\libgcc.a(_gt_df.o)
                0x0002498c                __gtdf2
 .text          0x000249f0       0x64 c:/nxp/s32ds_power_v2.1/s32ds/build_tools/powerpc-eabivle-4_9/bin/../lib/gcc/powerpc-eabivle/4.9.4\libgcc.a(_ge_df.o)
                0x000249f0                __gedf2
 .text          0x00024a54       0x64 c:/nxp/s32ds_power_v2.1/s32ds/build_tools/powerpc-eabivle-4_9/bin/../lib/gcc/powerpc-eabivle/4.9.4\libgcc.a(_lt_df.o)
                0x00024a54                __ltdf2
 .text          0x00024ab8       0x64 c:/nxp/s32ds_power_v2.1/s32ds/build_tools/powerpc-eabivle-4_9/bin/../lib/gcc/powerpc-eabivle/4.9.4\libgcc.a(_le_df.o)
                0x00024ab8                __ledf2
 .text          0x00024b1c       0x84 c:/nxp/s32ds_power_v2.1/s32ds/build_tools/powerpc-eabivle-4_9/bin/../lib/gcc/powerpc-eabivle/4.9.4\libgcc.a(_si_to_df.o)
                0x00024b1c                __floatsidf
 .text          0x00024ba0       0xac c:/nxp/s32ds_power_v2.1/s32ds/build_tools/powerpc-eabivle-4_9/bin/../lib/gcc/powerpc-eabivle/4.9.4\libgcc.a(_df_to_si.o)
                0x00024ba0                __fixdfsi
 .text          0x00024c4c       0x28 c:/nxp/s32ds_power_v2.1/s32ds/build_tools/powerpc-eabivle-4_9/bin/../lib/gcc/powerpc-eabivle/4.9.4\libgcc.a(_make_df.o)
                0x00024c4c                __make_dp
 .text          0x00024c74        0x0 c:/nxp/s32ds_power_v2.1/s32ds/build_tools/powerpc-eabivle-4_9/bin/../lib/gcc/powerpc-eabivle/4.9.4\libgcc.a(_thenan_df.o)
 *fill*         0x00024c74        0x0 
 .text          0x00024c74       0x70 c:/nxp/s32ds_power_v2.1/s32ds/build_tools/powerpc-eabivle-4_9/bin/../lib/gcc/powerpc-eabivle/4.9.4\libgcc.a(_usi_to_df.o)
                0x00024c74                __floatunsidf
 .text          0x00024ce4       0x54 c:/nxp/s32ds_power_v2.1/s32ds/build_tools/powerpc-eabivle-4_9/bin/../lib/gcc/powerpc-eabivle/4.9.4\libgcc.a(e200crtresxgpr.o)
                0x00024ce4                _restgpr_14_x
                0x00024ce8                _restgpr_15_x
                0x00024cec                _restgpr_16_x
                0x00024cf0                _restgpr_17_x
                0x00024cf4                _restgpr_18_x
                0x00024cf8                _restgpr_19_x
                0x00024cfc                _restgpr_20_x
                0x00024d00                _restgpr_21_x
                0x00024d04                _restgpr_22_x
                0x00024d08                _restgpr_23_x
                0x00024d0c                _restgpr_24_x
                0x00024d10                _restgpr_25_x
                0x00024d14                _restgpr_26_x
                0x00024d18                _restgpr_27_x
                0x00024d1c                _restgpr_28_x
                0x00024d20                _restgpr_29_x
                0x00024d24                _restgpr_30_x
                0x00024d28                _restgpr_31_x
 *fill*         0x00024d38        0x0 
 .text          0x00024d38      0x118 c:/nxp/s32ds_power_v2.1/s32ds/build_tools/powerpc-eabivle-4_9/bin/../lib/gcc/powerpc-eabivle/4.9.4\libgcc.a(_pack_sf.o)
                0x00024d38                __pack_f
 .text          0x00024e50       0x80 c:/nxp/s32ds_power_v2.1/s32ds/build_tools/powerpc-eabivle-4_9/bin/../lib/gcc/powerpc-eabivle/4.9.4\libgcc.a(_unpack_sf.o)
                0x00024e50                __unpack_f
 .text          0x00024ed0       0xb0 c:/nxp/s32ds_power_v2.1/s32ds/build_tools/powerpc-eabivle-4_9/bin/../lib/gcc/powerpc-eabivle/4.9.4\libgcc.a(_fpcmp_parts_sf.o)
                0x00024ed0                __fpcmp_parts_f
 *fill*         0x00024f80        0x0 
 .text          0x00024f80      0x1e8 c:/nxp/s32ds_power_v2.1/s32ds/build_tools/powerpc-eabivle-4_9/bin/../lib/gcc/powerpc-eabivle/4.9.4\libgcc.a(_pack_df.o)
                0x00024f80                __pack_d
 *fill*         0x00025168        0x0 
 .text          0x00025168       0xb0 c:/nxp/s32ds_power_v2.1/s32ds/build_tools/powerpc-eabivle-4_9/bin/../lib/gcc/powerpc-eabivle/4.9.4\libgcc.a(_unpack_df.o)
                0x00025168                __unpack_d
 .text          0x00025218       0xc8 c:/nxp/s32ds_power_v2.1/s32ds/build_tools/powerpc-eabivle-4_9/bin/../lib/gcc/powerpc-eabivle/4.9.4\libgcc.a(_fpcmp_parts_df.o)
                0x00025218                __fpcmp_parts_d
 *fill*         0x000252e0        0x0 
 .text          0x000252e0       0x48 c:/nxp/s32ds_power_v2.1/s32ds/build_tools/powerpc-eabivle-4_9/bin/../lib/gcc/powerpc-eabivle/4.9.4/crtend.o
 .text          0x00025328        0x0 c:/nxp/s32ds_power_v2.1/s32ds/build_tools/powerpc-eabivle-4_9/bin/../lib/gcc/powerpc-eabivle/4.9.4/ecrtn.o
 *(.text.*)
 .text.LIN2_SetSchedule
                0x00025328       0x20 ./objs/LIN2.o
                0x00025328                LIN2_SetSchedule
 *fill*         0x00025348        0x0 
 .text.LIN2_GetSchedule
                0x00025348       0x1c ./objs/LIN2.o
                0x00025348                LIN2_GetSchedule
 .text.LIN2_GetStatus
                0x00025364       0x28 ./objs/LIN2.o
                0x00025364                LIN2_GetStatus
 *fill*         0x0002538c        0x0 
 .text.Lightning_McSeas_VCU_Current_Mode_Background_Init
                0x0002538c       0x34 ./objs/Lightning_McSeas_VCU_Current_Mode.o
                0x0002538c                Lightning_McSeas_VCU_Current_Mode_Background_Init
 .text.Lightning_McSeas_VCU_Current_Mode_Background_Reset
                0x000253c0       0x34 ./objs/Lightning_McSeas_VCU_Current_Mode.o
                0x000253c0                Lightning_McSeas_VCU_Current_Mode_Background_Reset
 .text.Lightning_McSeas_VCU_Current_Mode_Background
                0x000253f4      0x414 ./objs/Lightning_McSeas_VCU_Current_Mode.o
                0x000253f4                Lightning_McSeas_VCU_Current_Mode_Background
 .text.Lightning_McSeas_VCU_Current_Mode_Foreground_Init
                0x00025808       0x1c ./objs/Lightning_McSeas_VCU_Current_Mode.o
                0x00025808                Lightning_McSeas_VCU_Current_Mode_Foreground_Init
 .text.Lightning_McSeas_VCU_Current_Mode_Foreground_Enable
                0x00025824       0x3c ./objs/Lightning_McSeas_VCU_Current_Mode.o
                0x00025824                Lightning_McSeas_VCU_Current_Mode_Foreground_Enable
 *fill*         0x00025860        0x0 
 .text.Lightning_McSeas_VCU_Current_Mode_Foreground_Disable
                0x00025860       0x3c ./objs/Lightning_McSeas_VCU_Current_Mode.o
                0x00025860                Lightning_McSeas_VCU_Current_Mode_Foreground_Disable
 *fill*         0x0002589c        0x0 
 .text.Lightning_McSeas_VCU_Current_Mode_Foreground
                0x0002589c      0x824 ./objs/Lightning_McSeas_VCU_Current_Mode.o
                0x0002589c                Lightning_McSeas_VCU_Current_Mode_Foreground
 *fill*         0x000260c0        0x0 
 .text.Lightning_McSeas_VCU_Current_Mode_step
                0x000260c0        0x2 ./objs/Lightning_McSeas_VCU_Current_Mode.o
                0x000260c0                Lightning_McSeas_VCU_Current_Mode_step
 *fill*         0x000260c2        0x2 
 .text.Lightning_McSeas_VCU_Current_Mode_initialize
                0x000260c4       0x60 ./objs/Lightning_McSeas_VCU_Current_Mode.o
                0x000260c4                Lightning_McSeas_VCU_Current_Mode_initialize
 .text.Lightning_McSeas_VCU_Current_Mode_terminate
                0x00026124        0x2 ./objs/Lightning_McSeas_VCU_Current_Mode.o
                0x00026124                Lightning_McSeas_VCU_Current_Mode_terminate
 *fill*         0x00026126        0x2 
 .text.Timer_BGND_9AY_V
                0x00026128       0x14 ./objs/Timer_BGND_9AY_V.o
                0x00026128                Timer_BGND_9AY_V
 .text.Timer_ooqlV
                0x0002613c       0x14 ./objs/Timer_ooqlV.o
                0x0002613c                Timer_ooqlV
 .text.XCP_TX_CALLBACK_HANDLER
                0x00026150       0x24 ./objs/XCP_App.o
                0x00026150                XCP_TX_CALLBACK_HANDLER
 .text.RxTrig_XCP_BC_CAN1
                0x00026174       0x4c ./objs/XCP_App.o
                0x00026174                RxTrig_XCP_BC_CAN1
 *fill*         0x000261c0        0x0 
 .text.RxTrig_XCP_CMD_CAN1
                0x000261c0       0x4c ./objs/XCP_App.o
                0x000261c0                RxTrig_XCP_CMD_CAN1
 *fill*         0x0002620c        0x0 
 .text.XcpApp_CanTransmit
                0x0002620c       0x4c ./objs/XCP_App.o
                0x0002620c                XcpApp_CanTransmit
 *fill*         0x00026258        0x0 
 .text.CAN1_XCP_CAN_PreStart
                0x00026258       0x44 ./objs/XCP_App.o
                0x00026258                CAN1_XCP_CAN_PreStart
 *fill*         0x0002629c        0x0 
 .text.Timed_Trigger_XCP
                0x0002629c       0xd8 ./objs/XCP_App.o
                0x0002629c                Timed_Trigger_XCP
 .text.CAN_CAN1_get_baud_rate
                0x00026374        0x8 ./objs/can_1046__0001.o
                0x00026374                CAN_CAN1_get_baud_rate
 *fill*         0x0002637c        0x0 
 .text.pre_start_CAN_1046__0001
                0x0002637c        0x2 ./objs/can_1046__0001.o
                0x0002637c                pre_start_CAN_1046__0001
 *fill*         0x0002637e        0x2 
 .text.rxFn_173__0002
                0x00026380       0xc0 ./objs/can_1046__0001.o
                0x00026380                rxFn_173__0002
 .text.can_get_173__0002
                0x00026440       0xe8 ./objs/can_1046__0001.o
                0x00026440                can_get_173__0002
 *fill*         0x00026528        0x0 
 .text.rxFn_RxTrig_XCP_BC_CAN1
                0x00026528       0xd8 ./objs/can_1046__0001.o
                0x00026528                rxFn_RxTrig_XCP_BC_CAN1
 .text.can_init_rxIdRxTrig_XCP_BC_CAN1
                0x00026600       0x14 ./objs/can_1046__0001.o
                0x00026600                can_init_rxIdRxTrig_XCP_BC_CAN1
 *fill*         0x00026614        0x0 
 .text.can_get_RxTrig_XCP_BC_CAN1
                0x00026614       0xe8 ./objs/can_1046__0001.o
                0x00026614                can_get_RxTrig_XCP_BC_CAN1
 *fill*         0x000266fc        0x0 
 .text.rxFn_RxTrig_XCP_CMD_CAN1
                0x000266fc       0xd8 ./objs/can_1046__0001.o
                0x000266fc                rxFn_RxTrig_XCP_CMD_CAN1
 .text.can_init_rxIdRxTrig_XCP_CMD_CAN1
                0x000267d4       0x14 ./objs/can_1046__0001.o
                0x000267d4                can_init_rxIdRxTrig_XCP_CMD_CAN1
 *fill*         0x000267e8        0x0 
 .text.can_get_RxTrig_XCP_CMD_CAN1
                0x000267e8       0xe8 ./objs/can_1046__0001.o
                0x000267e8                can_get_RxTrig_XCP_CMD_CAN1
 *fill*         0x000268d0        0x0 
 .text.can_get_uds_receive
                0x000268d0       0xe8 ./objs/can_1046__0001.o
                0x000268d0                can_get_uds_receive
 *fill*         0x000269b8        0x0 
 .text.can_send_72__0002
                0x000269b8       0x1c ./objs/can_1046__0001.o
                0x000269b8                can_send_72__0002
 .text.can_update_72__0002
                0x000269d4        0x2 ./objs/can_1046__0001.o
                0x000269d4                can_update_72__0002
 *fill*         0x000269d6        0x2 
 .text.can_set_period_72__0002
                0x000269d8        0xc ./objs/can_1046__0001.o
                0x000269d8                can_set_period_72__0002
 .text.can_send_71__0005
                0x000269e4       0x1c ./objs/can_1046__0001.o
                0x000269e4                can_send_71__0005
 .text.can_update_71__0005
                0x00026a00        0x2 ./objs/can_1046__0001.o
                0x00026a00                can_update_71__0005
 *fill*         0x00026a02        0x2 
 .text.can_set_period_71__0005
                0x00026a04        0xc ./objs/can_1046__0001.o
                0x00026a04                can_set_period_71__0005
 .text.can_send_174__0002
                0x00026a10       0x1c ./objs/can_1046__0001.o
                0x00026a10                can_send_174__0002
 .text.can_update_174__0002
                0x00026a2c        0x2 ./objs/can_1046__0001.o
                0x00026a2c                can_update_174__0002
 *fill*         0x00026a2e        0x2 
 .text.can_set_period_174__0002
                0x00026a30        0xc ./objs/can_1046__0001.o
                0x00026a30                can_set_period_174__0002
 .text.can_send_269__0002
                0x00026a3c       0x1c ./objs/can_1046__0001.o
                0x00026a3c                can_send_269__0002
 .text.can_update_269__0002
                0x00026a58        0x2 ./objs/can_1046__0001.o
                0x00026a58                can_update_269__0002
 *fill*         0x00026a5a        0x2 
 .text.can_set_period_269__0002
                0x00026a5c        0xc ./objs/can_1046__0001.o
                0x00026a5c                can_set_period_269__0002
 .text.can_send_557__0004
                0x00026a68       0x1c ./objs/can_1046__0001.o
                0x00026a68                can_send_557__0004
 .text.can_update_557__0004
                0x00026a84        0x2 ./objs/can_1046__0001.o
                0x00026a84                can_update_557__0004
 *fill*         0x00026a86        0x2 
 .text.can_set_period_557__0004
                0x00026a88        0xc ./objs/can_1046__0001.o
                0x00026a88                can_set_period_557__0004
 .text.can_send_558__0001
                0x00026a94       0x1c ./objs/can_1046__0001.o
                0x00026a94                can_send_558__0001
 .text.can_update_558__0001
                0x00026ab0        0x2 ./objs/can_1046__0001.o
                0x00026ab0                can_update_558__0001
 *fill*         0x00026ab2        0x2 
 .text.can_set_period_558__0001
                0x00026ab4        0xc ./objs/can_1046__0001.o
                0x00026ab4                can_set_period_558__0001
 .text.can_send_596__0001
                0x00026ac0       0x1c ./objs/can_1046__0001.o
                0x00026ac0                can_send_596__0001
 .text.can_update_596__0001
                0x00026adc        0x2 ./objs/can_1046__0001.o
                0x00026adc                can_update_596__0001
 *fill*         0x00026ade        0x2 
 .text.can_set_period_596__0001
                0x00026ae0        0xc ./objs/can_1046__0001.o
                0x00026ae0                can_set_period_596__0001
 .text.can_send_Tx_XCP_CAN1
                0x00026aec       0x20 ./objs/can_1046__0001.o
                0x00026aec                can_send_Tx_XCP_CAN1
 .text.can_update_Tx_XCP_CAN1
                0x00026b0c        0x2 ./objs/can_1046__0001.o
                0x00026b0c                can_update_Tx_XCP_CAN1
 *fill*         0x00026b0e        0x2 
 .text.can_set_period_Tx_XCP_CAN1
                0x00026b10        0xc ./objs/can_1046__0001.o
                0x00026b10                can_set_period_Tx_XCP_CAN1
 .text.can_send_uds_send
                0x00026b1c       0x1c ./objs/can_1046__0001.o
                0x00026b1c                can_send_uds_send
 .text.uds_request_trigger
                0x00026b38       0xa0 ./objs/can_1046__0001.o
                0x00026b38                uds_request_trigger
 .text.rxFn_uds_receive
                0x00026bd8       0xd8 ./objs/can_1046__0001.o
                0x00026bd8                rxFn_uds_receive
 .text.CAN_ReceiveDispatch_1046__0001
                0x00026cb0       0xb4 ./objs/can_1046__0001.o
                0x00026cb0                CAN_ReceiveDispatch_1046__0001
 *fill*         0x00026d64        0x0 
 .text.can_update_uds_send
                0x00026d64        0x2 ./objs/can_1046__0001.o
                0x00026d64                can_update_uds_send
 *fill*         0x00026d66        0x2 
 .text.can_set_period_uds_send
                0x00026d68        0xc ./objs/can_1046__0001.o
                0x00026d68                can_set_period_uds_send
 .text.post_start_CAN_1046__0001
                0x00026d74       0x40 ./objs/can_1046__0001.o
                0x00026d74                post_start_CAN_1046__0001
 .text.CAN_CAN2_get_baud_rate
                0x00026db4        0x8 ./objs/can_1047__0001.o
                0x00026db4                CAN_CAN2_get_baud_rate
 *fill*         0x00026dbc        0x0 
 .text.pre_start_CAN_1047__0001
                0x00026dbc        0x2 ./objs/can_1047__0001.o
                0x00026dbc                pre_start_CAN_1047__0001
 *fill*         0x00026dbe        0x2 
 .text.rxFn_583__0001
                0x00026dc0       0xc0 ./objs/can_1047__0001.o
                0x00026dc0                rxFn_583__0001
 .text.can_get_583__0001
                0x00026e80       0xe8 ./objs/can_1047__0001.o
                0x00026e80                can_get_583__0001
 *fill*         0x00026f68        0x0 
 .text.rxFn_584__0001
                0x00026f68       0xc0 ./objs/can_1047__0001.o
                0x00026f68                rxFn_584__0001
 .text.can_get_584__0001
                0x00027028       0xe8 ./objs/can_1047__0001.o
                0x00027028                can_get_584__0001
 *fill*         0x00027110        0x0 
 .text.rxFn_585__0001
                0x00027110       0xc0 ./objs/can_1047__0001.o
                0x00027110                rxFn_585__0001
 .text.CAN_ReceiveDispatch_1047__0001
                0x000271d0       0x94 ./objs/can_1047__0001.o
                0x000271d0                CAN_ReceiveDispatch_1047__0001
 *fill*         0x00027264        0x0 
 .text.can_get_585__0001
                0x00027264       0xe8 ./objs/can_1047__0001.o
                0x00027264                can_get_585__0001
 *fill*         0x0002734c        0x0 
 .text.post_start_CAN_1047__0001
                0x0002734c       0x40 ./objs/can_1047__0001.o
                0x0002734c                post_start_CAN_1047__0001
 .text.initRAMVariables
                0x0002738c       0x20 ./objs/data.o
                0x0002738c                initRAMVariables
 *fill*         0x000273ac        0x0 
 .text.initCONSTVariables
                0x000273ac        0x2 ./objs/data.o
                0x000273ac                initCONSTVariables
 *fill*         0x000273ae        0x2 
 .text.App_EE_Defaults
                0x000273b0       0x30 ./objs/data.o
                0x000273b0                App_EE_Defaults
 .text.read_eeprom
                0x000273e0       0x70 ./objs/data.o
                0x000273e0                read_eeprom
 *fill*         0x00027450        0x0 
 .text.App_EE_Init
                0x00027450       0xe8 ./objs/data.o
                0x00027450                App_EE_Init
 *fill*         0x00027538        0x0 
 .text.App_EE_Write
                0x00027538       0xec ./objs/data.o
                0x00027538                App_EE_Write
 *fill*         0x00027624        0x0 
 .text.App_EE_Store
                0x00027624       0x2c ./objs/data.o
                0x00027624                App_EE_Store
 .text.Thread_Background
                0x00027650       0x14 ./objs/hw_user.o
                0x00027650                Thread_Background
 .text.Thread_ModelStep
                0x00027664       0x24 ./objs/hw_user.o
                0x00027664                Thread_ModelStep
 *fill*         0x00027688        0x0 
 .text.Thread_Foreground
                0x00027688       0x2c ./objs/hw_user.o
                0x00027688                Thread_Foreground
 *fill*         0x000276b4        0x0 
 .text.ClearLongestRunTimers
                0x000276b4       0x28 ./objs/hw_user.o
                0x000276b4                ClearLongestRunTimers
 .text.App_Startup
                0x000276dc        0xc ./objs/hw_user.o
                0x000276dc                App_Startup
 .text.App_Shutdown
                0x000276e8        0xc ./objs/hw_user.o
                0x000276e8                App_Shutdown
 .text.application_int
                0x000276f4       0xe8 ./objs/hw_user.o
                0x000276f4                application_int
 .text.Raptor_LIN_Init
                0x000277dc       0x20 ./objs/lin_general.o
                0x000277dc                Raptor_LIN_Init
 .text._out_buffer
                0x000277fc        0xc ./objs/raptor_printf.o
 .text._out_null
                0x00027808        0x2 ./objs/raptor_printf.o
 *fill*         0x0002780a        0x2 
 .text._out_char
                0x0002780c        0x2 ./objs/raptor_printf.o
 *fill*         0x0002780e        0x2 
 .text._out_fct
                0x00027810       0x20 ./objs/raptor_printf.o
 *fill*         0x00027830        0x0 
 .text._out_rev
                0x00027830       0xe0 ./objs/raptor_printf.o
 .text._ntoa_format
                0x00027910      0x228 ./objs/raptor_printf.o
 *fill*         0x00027b38        0x0 
 .text._ntoa_long
                0x00027b38       0xc0 ./objs/raptor_printf.o
 .text._ntoa_long_long
                0x00027bf8       0xfc ./objs/raptor_printf.o
 *fill*         0x00027cf4        0x0 
 .text._etoa    0x00027cf4      0x3b8 ./objs/raptor_printf.o
 .text._ftoa    0x000280ac      0x540 ./objs/raptor_printf.o
 .text._vsnprintf
                0x000285ec      0xa94 ./objs/raptor_printf.o
 .text._putchar
                0x00029080        0x2 ./objs/raptor_printf.o
                0x00029080                _putchar
 *fill*         0x00029082        0x2 
 .text.printf_  0x00029084       0x54 ./objs/raptor_printf.o
                0x00029084                printf_
 *fill*         0x000290d8        0x0 
 .text.sprintf_
                0x000290d8       0x50 ./objs/raptor_printf.o
                0x000290d8                sprintf_
 .text.snprintf_
                0x00029128       0x50 ./objs/raptor_printf.o
                0x00029128                snprintf_
 .text.vprintf_
                0x00029178       0x28 ./objs/raptor_printf.o
                0x00029178                vprintf_
 *fill*         0x000291a0        0x0 
 .text.vsnprintf_
                0x000291a0       0x2c ./objs/raptor_printf.o
                0x000291a0                vsnprintf_
 *fill*         0x000291cc        0x0 
 .text.fctprintf
                0x000291cc       0x58 ./objs/raptor_printf.o
                0x000291cc                fctprintf
 *fill*         0x00029224        0x0 
 .text.Xcp_Initialize
                0x00029224       0x8c C:/Program Files (x86)/NewEagle/Raptor/2021b_1.0.14409/GCM-5605B-048/lib/\xcp.a(xcp.o)
                0x00029224                Xcp_Initialize
 *fill*         0x000292b0        0x0 
 .text.Xcp_CmdProcessor
                0x000292b0      0x220 C:/Program Files (x86)/NewEagle/Raptor/2021b_1.0.14409/GCM-5605B-048/lib/\xcp.a(xcp.o)
                0x000292b0                Xcp_CmdProcessor
 *fill*         0x000294d0        0x0 
 .text.XcpCan_CmdGetSlaveId
                0x000294d0       0xe4 C:/Program Files (x86)/NewEagle/Raptor/2021b_1.0.14409/GCM-5605B-048/lib/\xcp.a(xcpcan_cmd.o)
                0x000294d0                XcpCan_CmdGetSlaveId
 .text.XcpCan_CmdGetDaqId
                0x000295b4       0xa4 C:/Program Files (x86)/NewEagle/Raptor/2021b_1.0.14409/GCM-5605B-048/lib/\xcp.a(xcpcan_cmd.o)
                0x000295b4                XcpCan_CmdGetDaqId
 .text.XcpCan_CmdSetDaqId
                0x00029658       0x94 C:/Program Files (x86)/NewEagle/Raptor/2021b_1.0.14409/GCM-5605B-048/lib/\xcp.a(xcpcan_cmd.o)
                0x00029658                XcpCan_CmdSetDaqId
 .text.XcpCan_CmdProc
                0x000296ec       0x50 C:/Program Files (x86)/NewEagle/Raptor/2021b_1.0.14409/GCM-5605B-048/lib/\xcp.a(xcpcan_cmd.o)
                0x000296ec                XcpCan_CmdProc
 .text.XcpCan_GetRxBuf
                0x0002973c       0x34 C:/Program Files (x86)/NewEagle/Raptor/2021b_1.0.14409/GCM-5605B-048/lib/\xcp.a(xcpcan_getrxbuf.o)
                0x0002973c                XcpCan_GetRxBuf
 *fill*         0x00029770        0x0 
 .text.XcpCan_GetTxBuf
                0x00029770       0x34 C:/Program Files (x86)/NewEagle/Raptor/2021b_1.0.14409/GCM-5605B-048/lib/\xcp.a(xcpcan_gettxbuf.o)
                0x00029770                XcpCan_GetTxBuf
 .text.XcpCan_ResetDaqList
                0x000297a4       0x80 C:/Program Files (x86)/NewEagle/Raptor/2021b_1.0.14409/GCM-5605B-048/lib/\xcp.a(xcpcan_init.o)
                0x000297a4                XcpCan_ResetDaqList
 .text.XcpCan_Initialize
                0x00029824       0x74 C:/Program Files (x86)/NewEagle/Raptor/2021b_1.0.14409/GCM-5605B-048/lib/\xcp.a(xcpcan_init.o)
                0x00029824                XcpCan_Initialize
 *fill*         0x00029898        0x0 
 .text.XcpCan_PeekRxBuf
                0x00029898       0x54 C:/Program Files (x86)/NewEagle/Raptor/2021b_1.0.14409/GCM-5605B-048/lib/\xcp.a(xcpcan_peekrxbuf.o)
                0x00029898                XcpCan_PeekRxBuf
 *fill*         0x000298ec        0x0 
 .text.XcpCan_RxCallback
                0x000298ec      0x19c C:/Program Files (x86)/NewEagle/Raptor/2021b_1.0.14409/GCM-5605B-048/lib/\xcp.a(xcpcan_rxcallback.o)
                0x000298ec                XcpCan_RxCallback
 .text.XcpCan_RxNext
                0x00029a88       0x54 C:/Program Files (x86)/NewEagle/Raptor/2021b_1.0.14409/GCM-5605B-048/lib/\xcp.a(xcpcan_rxnext.o)
                0x00029a88                XcpCan_RxNext
 .text.XcpCan_TxCallback
                0x00029adc      0x154 C:/Program Files (x86)/NewEagle/Raptor/2021b_1.0.14409/GCM-5605B-048/lib/\xcp.a(xcpcan_txcallback.o)
                0x00029adc                XcpCan_TxCallback
 .text.XcpCan_DoTransmit
                0x00029c30       0xc8 C:/Program Files (x86)/NewEagle/Raptor/2021b_1.0.14409/GCM-5605B-048/lib/\xcp.a(xcpcan_txnext.o)
                0x00029c30                XcpCan_DoTransmit
 *fill*         0x00029cf8        0x0 
 .text.XcpCan_TxNext
                0x00029cf8       0xe0 C:/Program Files (x86)/NewEagle/Raptor/2021b_1.0.14409/GCM-5605B-048/lib/\xcp.a(xcpcan_txnext.o)
                0x00029cf8                XcpCan_TxNext
 *fill*         0x00029dd8        0x0 
 .text.Xcp_CmdUnknown
                0x00029dd8       0x14 C:/Program Files (x86)/NewEagle/Raptor/2021b_1.0.14409/GCM-5605B-048/lib/\xcp.a(xcp_cmd.o)
                0x00029dd8                Xcp_CmdUnknown
 *fill*         0x00029dec        0x0 
 .text.Xcp_CmdGetStatus
                0x00029dec       0xa4 C:/Program Files (x86)/NewEagle/Raptor/2021b_1.0.14409/GCM-5605B-048/lib/\xcp.a(xcp_cmd.o)
                0x00029dec                Xcp_CmdGetStatus
 .text.Xcp_CmdSynch
                0x00029e90       0x14 C:/Program Files (x86)/NewEagle/Raptor/2021b_1.0.14409/GCM-5605B-048/lib/\xcp.a(xcp_cmd.o)
                0x00029e90                Xcp_CmdSynch
 *fill*         0x00029ea4        0x0 
 .text.Xcp_CmdSetMta
                0x00029ea4       0x5c C:/Program Files (x86)/NewEagle/Raptor/2021b_1.0.14409/GCM-5605B-048/lib/\xcp.a(xcp_cmd.o)
                0x00029ea4                Xcp_CmdSetMta
 .text.Xcp_CmdGetId
                0x00029f00      0x2b0 C:/Program Files (x86)/NewEagle/Raptor/2021b_1.0.14409/GCM-5605B-048/lib/\xcp.a(xcp_cmd.o)
                0x00029f00                Xcp_CmdGetId
 .text.Xcp_CmdGetCommModeInfo
                0x0002a1b0       0x1c C:/Program Files (x86)/NewEagle/Raptor/2021b_1.0.14409/GCM-5605B-048/lib/\xcp.a(xcp_cmd.o)
                0x0002a1b0                Xcp_CmdGetCommModeInfo
 *fill*         0x0002a1cc        0x0 
 .text.Xcp_CmdTransportLayer
                0x0002a1cc       0x44 C:/Program Files (x86)/NewEagle/Raptor/2021b_1.0.14409/GCM-5605B-048/lib/\xcp.a(xcp_cmd.o)
                0x0002a1cc                Xcp_CmdTransportLayer
 *fill*         0x0002a210        0x0 
 .text.Xcp_StoreCalReq
                0x0002a210      0x190 C:/Program Files (x86)/NewEagle/Raptor/2021b_1.0.14409/GCM-5605B-048/lib/\xcp.a(xcp_cmd.o)
                0x0002a210                Xcp_StoreCalReq
 *fill*         0x0002a3a0        0x0 
 .text.Xcp_CmdSetRequest
                0x0002a3a0       0x38 C:/Program Files (x86)/NewEagle/Raptor/2021b_1.0.14409/GCM-5605B-048/lib/\xcp.a(xcp_cmd.o)
                0x0002a3a0                Xcp_CmdSetRequest
 .text.Xcp_CmdSetCalPage
                0x0002a3d8      0x120 C:/Program Files (x86)/NewEagle/Raptor/2021b_1.0.14409/GCM-5605B-048/lib/\xcp.a(xcp_cmdcalpage.o)
                0x0002a3d8                Xcp_CmdSetCalPage
 *fill*         0x0002a4f8        0x0 
 .text.Xcp_CmdGetCalPage
                0x0002a4f8       0x8c C:/Program Files (x86)/NewEagle/Raptor/2021b_1.0.14409/GCM-5605B-048/lib/\xcp.a(xcp_cmdcalpage.o)
                0x0002a4f8                Xcp_CmdGetCalPage
 *fill*         0x0002a584        0x0 
 .text.Xcp_CmdGetPagProcInfo
                0x0002a584       0x28 C:/Program Files (x86)/NewEagle/Raptor/2021b_1.0.14409/GCM-5605B-048/lib/\xcp.a(xcp_cmdcalpage.o)
                0x0002a584                Xcp_CmdGetPagProcInfo
 *fill*         0x0002a5ac        0x0 
 .text.Xcp_CmdCopyCalPage
                0x0002a5ac       0xa0 C:/Program Files (x86)/NewEagle/Raptor/2021b_1.0.14409/GCM-5605B-048/lib/\xcp.a(xcp_cmdcalpage.o)
                0x0002a5ac                Xcp_CmdCopyCalPage
 *fill*         0x0002a64c        0x0 
 .text.Xcp_CmdSetSegmentMode
                0x0002a64c       0x48 C:/Program Files (x86)/NewEagle/Raptor/2021b_1.0.14409/GCM-5605B-048/lib/\xcp.a(xcp_cmdcalpage.o)
                0x0002a64c                Xcp_CmdSetSegmentMode
 *fill*         0x0002a694        0x0 
 .text.Xcp_CmdGetSegmentMode
                0x0002a694       0x48 C:/Program Files (x86)/NewEagle/Raptor/2021b_1.0.14409/GCM-5605B-048/lib/\xcp.a(xcp_cmdcalpage.o)
                0x0002a694                Xcp_CmdGetSegmentMode
 .text.Xcp_CmdBuildChecksum
                0x0002a6dc       0xe0 C:/Program Files (x86)/NewEagle/Raptor/2021b_1.0.14409/GCM-5605B-048/lib/\xcp.a(xcp_cmdchecksum.o)
                0x0002a6dc                Xcp_CmdBuildChecksum
 *fill*         0x0002a7bc        0x0 
 .text.Xcp_CmdConnect
                0x0002a7bc       0x80 C:/Program Files (x86)/NewEagle/Raptor/2021b_1.0.14409/GCM-5605B-048/lib/\xcp.a(xcp_cmdconnect.o)
                0x0002a7bc                Xcp_CmdConnect
 .text.Xcp_ResetDaqList
                0x0002a83c       0x58 C:/Program Files (x86)/NewEagle/Raptor/2021b_1.0.14409/GCM-5605B-048/lib/\xcp.a(xcp_cmdconnect.o)
                0x0002a83c                Xcp_ResetDaqList
 .text.Xcp_DoDisconnect
                0x0002a894       0xe4 C:/Program Files (x86)/NewEagle/Raptor/2021b_1.0.14409/GCM-5605B-048/lib/\xcp.a(xcp_cmdconnect.o)
                0x0002a894                Xcp_DoDisconnect
 .text.Xcp_CmdDisconnect
                0x0002a978       0x60 C:/Program Files (x86)/NewEagle/Raptor/2021b_1.0.14409/GCM-5605B-048/lib/\xcp.a(xcp_cmdconnect.o)
                0x0002a978                Xcp_CmdDisconnect
 *fill*         0x0002a9d8        0x0 
 .text.Xcp_CmdClearDaqList
                0x0002a9d8       0xac C:/Program Files (x86)/NewEagle/Raptor/2021b_1.0.14409/GCM-5605B-048/lib/\xcp.a(xcp_cmddaq.o)
                0x0002a9d8                Xcp_CmdClearDaqList
 .text.Xcp_CmdSetDaqPtr
                0x0002aa84       0xe8 C:/Program Files (x86)/NewEagle/Raptor/2021b_1.0.14409/GCM-5605B-048/lib/\xcp.a(xcp_cmddaq.o)
                0x0002aa84                Xcp_CmdSetDaqPtr
 *fill*         0x0002ab6c        0x0 
 .text.Xcp_CmdWriteDaq
                0x0002ab6c      0x194 C:/Program Files (x86)/NewEagle/Raptor/2021b_1.0.14409/GCM-5605B-048/lib/\xcp.a(xcp_cmddaq.o)
                0x0002ab6c                Xcp_CmdWriteDaq
 *fill*         0x0002ad00        0x0 
 .text.Xcp_CmdSetDaqListMode
                0x0002ad00      0x104 C:/Program Files (x86)/NewEagle/Raptor/2021b_1.0.14409/GCM-5605B-048/lib/\xcp.a(xcp_cmddaq.o)
                0x0002ad00                Xcp_CmdSetDaqListMode
 .text.Xcp_CmdGetDaqListMode
                0x0002ae04       0x78 C:/Program Files (x86)/NewEagle/Raptor/2021b_1.0.14409/GCM-5605B-048/lib/\xcp.a(xcp_cmddaq.o)
                0x0002ae04                Xcp_CmdGetDaqListMode
 *fill*         0x0002ae7c        0x0 
 .text.Xcp_CmdStartStopDaqList
                0x0002ae7c       0xb0 C:/Program Files (x86)/NewEagle/Raptor/2021b_1.0.14409/GCM-5605B-048/lib/\xcp.a(xcp_cmddaq.o)
                0x0002ae7c                Xcp_CmdStartStopDaqList
 *fill*         0x0002af2c        0x0 
 .text.Xcp_CmdStartStopSync
                0x0002af2c       0xf8 C:/Program Files (x86)/NewEagle/Raptor/2021b_1.0.14409/GCM-5605B-048/lib/\xcp.a(xcp_cmddaq.o)
                0x0002af2c                Xcp_CmdStartStopSync
 *fill*         0x0002b024        0x0 
 .text.Xcp_GetTimestamp
                0x0002b024       0x48 C:/Program Files (x86)/NewEagle/Raptor/2021b_1.0.14409/GCM-5605B-048/lib/\xcp.a(xcp_cmddaq.o)
                0x0002b024                Xcp_GetTimestamp
 .text.Xcp_CmdGetDaqClock
                0x0002b06c       0x50 C:/Program Files (x86)/NewEagle/Raptor/2021b_1.0.14409/GCM-5605B-048/lib/\xcp.a(xcp_cmddaq.o)
                0x0002b06c                Xcp_CmdGetDaqClock
 *fill*         0x0002b0bc        0x0 
 .text.Xcp_CmdGetDaqProcInfo
                0x0002b0bc       0x5c C:/Program Files (x86)/NewEagle/Raptor/2021b_1.0.14409/GCM-5605B-048/lib/\xcp.a(xcp_cmddaq.o)
                0x0002b0bc                Xcp_CmdGetDaqProcInfo
 *fill*         0x0002b118        0x0 
 .text.Xcp_CmdGetDaqResInfo
                0x0002b118       0x38 C:/Program Files (x86)/NewEagle/Raptor/2021b_1.0.14409/GCM-5605B-048/lib/\xcp.a(xcp_cmddaq.o)
                0x0002b118                Xcp_CmdGetDaqResInfo
 .text.Xcp_CmdGetDaqListInfo
                0x0002b150       0xc8 C:/Program Files (x86)/NewEagle/Raptor/2021b_1.0.14409/GCM-5605B-048/lib/\xcp.a(xcp_cmddaq.o)
                0x0002b150                Xcp_CmdGetDaqListInfo
 .text.Xcp_WriteDownloadData
                0x0002b218       0xb0 C:/Program Files (x86)/NewEagle/Raptor/2021b_1.0.14409/GCM-5605B-048/lib/\xcp.a(xcp_cmddownload.o)
                0x0002b218                Xcp_WriteDownloadData
 .text.Xcp_CmdDownload
                0x0002b2c8       0x70 C:/Program Files (x86)/NewEagle/Raptor/2021b_1.0.14409/GCM-5605B-048/lib/\xcp.a(xcp_cmddownload.o)
                0x0002b2c8                Xcp_CmdDownload
 .text.Xcp_CmdDownloadNext
                0x0002b338       0x58 C:/Program Files (x86)/NewEagle/Raptor/2021b_1.0.14409/GCM-5605B-048/lib/\xcp.a(xcp_cmddownload.o)
                0x0002b338                Xcp_CmdDownloadNext
 .text.Xcp_CmdDownloadMax
                0x0002b390       0x50 C:/Program Files (x86)/NewEagle/Raptor/2021b_1.0.14409/GCM-5605B-048/lib/\xcp.a(xcp_cmddownload.o)
                0x0002b390                Xcp_CmdDownloadMax
 *fill*         0x0002b3e0        0x0 
 .text.Xcp_CmdModifyBits
                0x0002b3e0       0xb4 C:/Program Files (x86)/NewEagle/Raptor/2021b_1.0.14409/GCM-5605B-048/lib/\xcp.a(xcp_cmddownload.o)
                0x0002b3e0                Xcp_CmdModifyBits
 *fill*         0x0002b494        0x0 
 .text.Xcp_CmdFreeDaq
                0x0002b494      0x11c C:/Program Files (x86)/NewEagle/Raptor/2021b_1.0.14409/GCM-5605B-048/lib/\xcp.a(xcp_cmddyndaq.o)
                0x0002b494                Xcp_CmdFreeDaq
 *fill*         0x0002b5b0        0x0 
 .text.Xcp_CmdAllocDaq
                0x0002b5b0       0xa0 C:/Program Files (x86)/NewEagle/Raptor/2021b_1.0.14409/GCM-5605B-048/lib/\xcp.a(xcp_cmddyndaq.o)
                0x0002b5b0                Xcp_CmdAllocDaq
 *fill*         0x0002b650        0x0 
 .text.Xcp_CmdAllocOdt
                0x0002b650       0xd8 C:/Program Files (x86)/NewEagle/Raptor/2021b_1.0.14409/GCM-5605B-048/lib/\xcp.a(xcp_cmddyndaq.o)
                0x0002b650                Xcp_CmdAllocOdt
 .text.Xcp_CmdAllocOdtEntry
                0x0002b728       0xac C:/Program Files (x86)/NewEagle/Raptor/2021b_1.0.14409/GCM-5605B-048/lib/\xcp.a(xcp_cmddyndaq.o)
                0x0002b728                Xcp_CmdAllocOdtEntry
 *fill*         0x0002b7d4        0x0 
 .text.Xcp_WriteFlashData
                0x0002b7d4       0xb4 C:/Program Files (x86)/NewEagle/Raptor/2021b_1.0.14409/GCM-5605B-048/lib/\xcp.a(xcp_cmdflash.o)
                0x0002b7d4                Xcp_WriteFlashData
 *fill*         0x0002b888        0x0 
 .text.Xcp_CmdProgramStart
                0x0002b888       0xf0 C:/Program Files (x86)/NewEagle/Raptor/2021b_1.0.14409/GCM-5605B-048/lib/\xcp.a(xcp_cmdflash.o)
                0x0002b888                Xcp_CmdProgramStart
 .text.Xcp_CmdProgramClear
                0x0002b978       0xc4 C:/Program Files (x86)/NewEagle/Raptor/2021b_1.0.14409/GCM-5605B-048/lib/\xcp.a(xcp_cmdflash.o)
                0x0002b978                Xcp_CmdProgramClear
 .text.Xcp_CmdProgram
                0x0002ba3c       0x70 C:/Program Files (x86)/NewEagle/Raptor/2021b_1.0.14409/GCM-5605B-048/lib/\xcp.a(xcp_cmdflash.o)
                0x0002ba3c                Xcp_CmdProgram
 .text.Xcp_CmdProgramNext
                0x0002baac       0x64 C:/Program Files (x86)/NewEagle/Raptor/2021b_1.0.14409/GCM-5605B-048/lib/\xcp.a(xcp_cmdflash.o)
                0x0002baac                Xcp_CmdProgramNext
 *fill*         0x0002bb10        0x0 
 .text.Xcp_CmdProgramMax
                0x0002bb10       0x50 C:/Program Files (x86)/NewEagle/Raptor/2021b_1.0.14409/GCM-5605B-048/lib/\xcp.a(xcp_cmdflash.o)
                0x0002bb10                Xcp_CmdProgramMax
 *fill*         0x0002bb60        0x0 
 .text.Xcp_CmdProgramReset
                0x0002bb60       0xac C:/Program Files (x86)/NewEagle/Raptor/2021b_1.0.14409/GCM-5605B-048/lib/\xcp.a(xcp_cmdflash.o)
                0x0002bb60                Xcp_CmdProgramReset
 .text.Xcp_CmdProgramPrepare
                0x0002bc0c       0x98 C:/Program Files (x86)/NewEagle/Raptor/2021b_1.0.14409/GCM-5605B-048/lib/\xcp.a(xcp_cmdflash.o)
                0x0002bc0c                Xcp_CmdProgramPrepare
 *fill*         0x0002bca4        0x0 
 .text.Xcp_CmdProgramFormat
                0x0002bca4       0x40 C:/Program Files (x86)/NewEagle/Raptor/2021b_1.0.14409/GCM-5605B-048/lib/\xcp.a(xcp_cmdflash.o)
                0x0002bca4                Xcp_CmdProgramFormat
 *fill*         0x0002bce4        0x0 
 .text.Xcp_CmdGetSeed
                0x0002bce4      0x114 C:/Program Files (x86)/NewEagle/Raptor/2021b_1.0.14409/GCM-5605B-048/lib/\xcp.a(xcp_cmdseednkey.o)
                0x0002bce4                Xcp_CmdGetSeed
 .text.Xcp_CmdUnlock
                0x0002bdf8      0x104 C:/Program Files (x86)/NewEagle/Raptor/2021b_1.0.14409/GCM-5605B-048/lib/\xcp.a(xcp_cmdseednkey.o)
                0x0002bdf8                Xcp_CmdUnlock
 *fill*         0x0002befc        0x0 
 .text.Xcp_ReadUploadData
                0x0002befc       0xa0 C:/Program Files (x86)/NewEagle/Raptor/2021b_1.0.14409/GCM-5605B-048/lib/\xcp.a(xcp_cmdupload.o)
                0x0002befc                Xcp_ReadUploadData
 *fill*         0x0002bf9c        0x0 
 .text.Xcp_CmdUpload
                0x0002bf9c       0x64 C:/Program Files (x86)/NewEagle/Raptor/2021b_1.0.14409/GCM-5605B-048/lib/\xcp.a(xcp_cmdupload.o)
                0x0002bf9c                Xcp_CmdUpload
 *fill*         0x0002c000        0x0 
 .text.Xcp_CmdShortUpload
                0x0002c000       0xa0 C:/Program Files (x86)/NewEagle/Raptor/2021b_1.0.14409/GCM-5605B-048/lib/\xcp.a(xcp_cmdupload.o)
                0x0002c000                Xcp_CmdShortUpload
 *fill*         0x0002c0a0        0x0 
 .text.Xcp_Event
                0x0002c0a0       0xb0 C:/Program Files (x86)/NewEagle/Raptor/2021b_1.0.14409/GCM-5605B-048/lib/\xcp.a(xcp_event.o)
                0x0002c0a0                Xcp_Event
 .text.Xcp_StimProcessor
                0x0002c150      0x2c0 C:/Program Files (x86)/NewEagle/Raptor/2021b_1.0.14409/GCM-5605B-048/lib/\xcp.a(xcp_stim.o)
                0x0002c150                Xcp_StimProcessor
 .text.Xcp_MemCopy
                0x0002c410       0x14 C:/Program Files (x86)/NewEagle/Raptor/2021b_1.0.14409/GCM-5605B-048/lib/\xcp.a(xcp_target.o)
                0x0002c410                Xcp_MemCopy
 .text.Xcp_MemZero
                0x0002c424       0x18 C:/Program Files (x86)/NewEagle/Raptor/2021b_1.0.14409/GCM-5605B-048/lib/\xcp.a(xcp_target.o)
                0x0002c424                Xcp_MemZero
 .text.Xcp_CheckCanId
                0x0002c43c       0x20 C:/Program Files (x86)/NewEagle/Raptor/2021b_1.0.14409/GCM-5605B-048/lib/\xcp.a(xcp_target.o)
                0x0002c43c                Xcp_CheckCanId
 .text.XcpRaptorSecurity
                0x0002c45c      0x1d4 C:/Program Files (x86)/NewEagle/Raptor/2021b_1.0.14409/GCM-5605B-048/lib/\xcp.a(SeednKey.o)
                0x0002c45c                XcpRaptorSecurity
 *fill*         0x0002c630        0x0 
 .text.flipEndian
                0x0002c630       0x18 C:/Program Files (x86)/NewEagle/Raptor/2021b_1.0.14409/GCM-5605B-048/lib/\xcp.a(SeednKey.o)
                0x0002c630                flipEndian
 .text.XcpGetSession
                0x0002c648       0xbc C:/Program Files (x86)/NewEagle/Raptor/2021b_1.0.14409/GCM-5605B-048/lib/\xcp.a(SeednKey.o)
                0x0002c648                XcpGetSession
 .text.XcpClearSession
                0x0002c704       0xa4 C:/Program Files (x86)/NewEagle/Raptor/2021b_1.0.14409/GCM-5605B-048/lib/\xcp.a(SeednKey.o)
                0x0002c704                XcpClearSession
 *fill*         0x0002c7a8        0x0 
 .text.XcpApp_InitSeedKey
                0x0002c7a8       0x58 C:/Program Files (x86)/NewEagle/Raptor/2021b_1.0.14409/GCM-5605B-048/lib/\xcp.a(SeednKey.o)
                0x0002c7a8                XcpApp_InitSeedKey
 .text.XcpApp_GetSeed
                0x0002c800       0x60 C:/Program Files (x86)/NewEagle/Raptor/2021b_1.0.14409/GCM-5605B-048/lib/\xcp.a(SeednKey.o)
                0x0002c800                XcpApp_GetSeed
 *fill*         0x0002c860        0x0 
 .text.XcpApp_GetKeyBuffer
                0x0002c860       0x78 C:/Program Files (x86)/NewEagle/Raptor/2021b_1.0.14409/GCM-5605B-048/lib/\xcp.a(SeednKey.o)
                0x0002c860                XcpApp_GetKeyBuffer
 *fill*         0x0002c8d8        0x0 
 .text.XcpApp_UnlockResource
                0x0002c8d8       0x74 C:/Program Files (x86)/NewEagle/Raptor/2021b_1.0.14409/GCM-5605B-048/lib/\xcp.a(SeednKey.o)
                0x0002c8d8                XcpApp_UnlockResource
 .text.XcpApp_OnUserDefinedCxn
                0x0002c94c        0x2 C:/Program Files (x86)/NewEagle/Raptor/2021b_1.0.14409/GCM-5605B-048/lib/\xcp.a(xcp_callbacks.o)
                0x0002c94c                XcpApp_OnUserDefinedCxn
 *fill*         0x0002c94e        0x2 
 .text.XcpApp_OnNormalCxn
                0x0002c950        0x2 C:/Program Files (x86)/NewEagle/Raptor/2021b_1.0.14409/GCM-5605B-048/lib/\xcp.a(xcp_callbacks.o)
                0x0002c950                XcpApp_OnNormalCxn
 *fill*         0x0002c952        0x2 
 .text.XcpApp_OnDisconnect
                0x0002c954        0x2 C:/Program Files (x86)/NewEagle/Raptor/2021b_1.0.14409/GCM-5605B-048/lib/\xcp.a(xcp_callbacks.o)
                0x0002c954                XcpApp_OnDisconnect
 *fill*         0x0002c956        0x2 
 .text.XcpApp_SetEcuCalPage
                0x0002c958        0x4 C:/Program Files (x86)/NewEagle/Raptor/2021b_1.0.14409/GCM-5605B-048/lib/\xcp.a(xcp_callbacks.o)
                0x0002c958                XcpApp_SetEcuCalPage
 .text.XcpApp_SetEcuCalPageAllSegs
                0x0002c95c        0x4 C:/Program Files (x86)/NewEagle/Raptor/2021b_1.0.14409/GCM-5605B-048/lib/\xcp.a(xcp_callbacks.o)
                0x0002c95c                XcpApp_SetEcuCalPageAllSegs
 .text.XcpApp_SetToolCalPage
                0x0002c960        0x4 C:/Program Files (x86)/NewEagle/Raptor/2021b_1.0.14409/GCM-5605B-048/lib/\xcp.a(xcp_callbacks.o)
                0x0002c960                XcpApp_SetToolCalPage
 .text.XcpApp_SetToolCalPageAllSegs
                0x0002c964        0x4 C:/Program Files (x86)/NewEagle/Raptor/2021b_1.0.14409/GCM-5605B-048/lib/\xcp.a(xcp_callbacks.o)
                0x0002c964                XcpApp_SetToolCalPageAllSegs
 .text.XcpApp_GetEcuCalPage
                0x0002c968        0x4 C:/Program Files (x86)/NewEagle/Raptor/2021b_1.0.14409/GCM-5605B-048/lib/\xcp.a(xcp_callbacks.o)
                0x0002c968                XcpApp_GetEcuCalPage
 .text.XcpApp_CalMemWrite
                0x0002c96c       0x30 C:/Program Files (x86)/NewEagle/Raptor/2021b_1.0.14409/GCM-5605B-048/lib/\xcp.a(xcp_callbacks.o)
                0x0002c96c                XcpApp_CalMemWrite
 *fill*         0x0002c99c        0x0 
 .text.XcpApp_CalMemRead
                0x0002c99c       0x20 C:/Program Files (x86)/NewEagle/Raptor/2021b_1.0.14409/GCM-5605B-048/lib/\xcp.a(xcp_callbacks.o)
                0x0002c99c                XcpApp_CalMemRead
 .text.XcpApp_CalMemGetChecksum
                0x0002c9bc       0x2c C:/Program Files (x86)/NewEagle/Raptor/2021b_1.0.14409/GCM-5605B-048/lib/\xcp.a(xcp_callbacks.o)
                0x0002c9bc                XcpApp_CalMemGetChecksum
 *fill*         0x0002c9e8        0x0 
 .text.XcpApp_CalMemGetRequestState
                0x0002c9e8        0x4 C:/Program Files (x86)/NewEagle/Raptor/2021b_1.0.14409/GCM-5605B-048/lib/\xcp.a(xcp_callbacks.o)
                0x0002c9e8                XcpApp_CalMemGetRequestState
 .text.XcpApp_CalMemModifyBits
                0x0002c9ec        0x4 C:/Program Files (x86)/NewEagle/Raptor/2021b_1.0.14409/GCM-5605B-048/lib/\xcp.a(xcp_callbacks.o)
                0x0002c9ec                XcpApp_CalMemModifyBits
 .text.XcpApp_CalPageCopy
                0x0002c9f0        0x4 C:/Program Files (x86)/NewEagle/Raptor/2021b_1.0.14409/GCM-5605B-048/lib/\xcp.a(xcp_callbacks.o)
                0x0002c9f0                XcpApp_CalPageCopy
 .text.XcpApp_CalSegFreeze
                0x0002c9f4        0x4 C:/Program Files (x86)/NewEagle/Raptor/2021b_1.0.14409/GCM-5605B-048/lib/\xcp.a(xcp_callbacks.o)
                0x0002c9f4                XcpApp_CalSegFreeze
 .text.XcpApp_GetTimestamp
                0x0002c9f8       0x14 C:/Program Files (x86)/NewEagle/Raptor/2021b_1.0.14409/GCM-5605B-048/lib/\xcp.a(xcp_callbacks.o)
                0x0002c9f8                XcpApp_GetTimestamp
 .text.XcpApp_ConvertAddress
                0x0002ca0c        0x2 C:/Program Files (x86)/NewEagle/Raptor/2021b_1.0.14409/GCM-5605B-048/lib/\xcp.a(xcp_callbacks.o)
                0x0002ca0c                XcpApp_ConvertAddress
 *fill*         0x0002ca0e        0x2 
 .text.XcpApp_IsRegionMeasurable
                0x0002ca10        0x4 C:/Program Files (x86)/NewEagle/Raptor/2021b_1.0.14409/GCM-5605B-048/lib/\xcp.a(xcp_callbacks.o)
                0x0002ca10                XcpApp_IsRegionMeasurable
 .text.XcpApp_ProgramStart
                0x0002ca14        0x4 C:/Program Files (x86)/NewEagle/Raptor/2021b_1.0.14409/GCM-5605B-048/lib/\xcp.a(xcp_callbacks.o)
                0x0002ca14                XcpApp_ProgramStart
 .text.XcpApp_ProgramClear
                0x0002ca18        0x4 C:/Program Files (x86)/NewEagle/Raptor/2021b_1.0.14409/GCM-5605B-048/lib/\xcp.a(xcp_callbacks.o)
                0x0002ca18                XcpApp_ProgramClear
 .text.XcpApp_Program
                0x0002ca1c        0x4 C:/Program Files (x86)/NewEagle/Raptor/2021b_1.0.14409/GCM-5605B-048/lib/\xcp.a(xcp_callbacks.o)
                0x0002ca1c                XcpApp_Program
 .text.XcpApp_ProgramReset
                0x0002ca20        0x4 C:/Program Files (x86)/NewEagle/Raptor/2021b_1.0.14409/GCM-5605B-048/lib/\xcp.a(xcp_callbacks.o)
                0x0002ca20                XcpApp_ProgramReset
 .text.XcpApp_ProgramGetRequestState
                0x0002ca24        0x4 C:/Program Files (x86)/NewEagle/Raptor/2021b_1.0.14409/GCM-5605B-048/lib/\xcp.a(xcp_callbacks.o)
                0x0002ca24                XcpApp_ProgramGetRequestState
 .text.XcpApp_ProgramPrepare
                0x0002ca28        0x4 C:/Program Files (x86)/NewEagle/Raptor/2021b_1.0.14409/GCM-5605B-048/lib/\xcp.a(xcp_callbacks.o)
                0x0002ca28                XcpApp_ProgramPrepare
 .text.Xcp_DaqProcessor
                0x0002ca2c      0x220 C:/Program Files (x86)/NewEagle/Raptor/2021b_1.0.14409/GCM-5605B-048/lib/\xcp.a(xcp_daq.o)
                0x0002ca2c                Xcp_DaqProcessor
 *fill*         0x0002cc4c        0x0 
 .text.ADC_Calibration
                0x0002cc4c       0x14 C:/Program Files (x86)/NewEagle/Raptor/2021b_1.0.14409/GCM-5605B-048/lib/\GCM-5605B-048-2104.a(adc.o)
                0x0002cc4c                ADC_Calibration
 .text.ADC_Init
                0x0002cc60      0x14c C:/Program Files (x86)/NewEagle/Raptor/2021b_1.0.14409/GCM-5605B-048/lib/\GCM-5605B-048-2104.a(adc.o)
                0x0002cc60                ADC_Init
 *fill*         0x0002cdac        0x0 
 .text.ADC_Read_Raw
                0x0002cdac       0xf0 C:/Program Files (x86)/NewEagle/Raptor/2021b_1.0.14409/GCM-5605B-048/lib/\GCM-5605B-048-2104.a(adc.o)
                0x0002cdac                ADC_Read_Raw
 .text.ADC_Read_Chan
                0x0002ce9c      0x104 C:/Program Files (x86)/NewEagle/Raptor/2021b_1.0.14409/GCM-5605B-048/lib/\GCM-5605B-048-2104.a(adc.o)
                0x0002ce9c                ADC_Read_Chan
 .text.adc_pad_init
                0x0002cfa0      0x148 C:/Program Files (x86)/NewEagle/Raptor/2021b_1.0.14409/GCM-5605B-048/lib/\GCM-5605B-048-2104.a(adc.o)
 *fill*         0x0002d0e8        0x0 
 .text.AnalogInputInit
                0x0002d0e8       0x68 C:/Program Files (x86)/NewEagle/Raptor/2021b_1.0.14409/GCM-5605B-048/lib/\GCM-5605B-048-2104.a(adc.o)
                0x0002d0e8                AnalogInputInit
 .text.CreateCAN
                0x0002d150       0x18 C:/Program Files (x86)/NewEagle/Raptor/2021b_1.0.14409/GCM-5605B-048/lib/\GCM-5605B-048-2104.a(can.o)
                0x0002d150                CreateCAN
 .text.start_CAN
                0x0002d168      0x22c C:/Program Files (x86)/NewEagle/Raptor/2021b_1.0.14409/GCM-5605B-048/lib/\GCM-5605B-048-2104.a(can.o)
                0x0002d168                start_CAN
 *fill*         0x0002d394        0x0 
 .text.start_CAN_private
                0x0002d394       0x98 C:/Program Files (x86)/NewEagle/Raptor/2021b_1.0.14409/GCM-5605B-048/lib/\GCM-5605B-048-2104.a(can.o)
                0x0002d394                start_CAN_private
 *fill*         0x0002d42c        0x0 
 .text.change_CAN_bit_rate
                0x0002d42c      0x220 C:/Program Files (x86)/NewEagle/Raptor/2021b_1.0.14409/GCM-5605B-048/lib/\GCM-5605B-048-2104.a(can.o)
                0x0002d42c                change_CAN_bit_rate
 .text.set_CAN_offline_mode
                0x0002d64c       0x58 C:/Program Files (x86)/NewEagle/Raptor/2021b_1.0.14409/GCM-5605B-048/lib/\GCM-5605B-048-2104.a(can.o)
                0x0002d64c                set_CAN_offline_mode
 .text.get_CAN_bus_state
                0x0002d6a4      0x168 C:/Program Files (x86)/NewEagle/Raptor/2021b_1.0.14409/GCM-5605B-048/lib/\GCM-5605B-048-2104.a(can.o)
                0x0002d6a4                get_CAN_bus_state
 .text.register_xcp_tx_callback_object
                0x0002d80c       0x80 C:/Program Files (x86)/NewEagle/Raptor/2021b_1.0.14409/GCM-5605B-048/lib/\GCM-5605B-048-2104.a(can.o)
                0x0002d80c                register_xcp_tx_callback_object
 *fill*         0x0002d88c        0x0 
 .text.CAN_XCPTransmit
                0x0002d88c      0x298 C:/Program Files (x86)/NewEagle/Raptor/2021b_1.0.14409/GCM-5605B-048/lib/\GCM-5605B-048-2104.a(can.o)
                0x0002d88c                CAN_XCPTransmit
 *fill*         0x0002db24        0x0 
 .text.send_can_message
                0x0002db24      0x108 C:/Program Files (x86)/NewEagle/Raptor/2021b_1.0.14409/GCM-5605B-048/lib/\GCM-5605B-048-2104.a(can.o)
                0x0002db24                send_can_message
 *fill*         0x0002dc2c        0x0 
 .text.CAN_Queued_Transmit
                0x0002dc2c      0x110 C:/Program Files (x86)/NewEagle/Raptor/2021b_1.0.14409/GCM-5605B-048/lib/\GCM-5605B-048-2104.a(can.o)
                0x0002dc2c                CAN_Queued_Transmit
 .text.CAN_QueuedTx_PeriodicKick
                0x0002dd3c       0xc8 C:/Program Files (x86)/NewEagle/Raptor/2021b_1.0.14409/GCM-5605B-048/lib/\GCM-5605B-048-2104.a(can.o)
                0x0002dd3c                CAN_QueuedTx_PeriodicKick
 .text.CAN_QueuedTx_Complete
                0x0002de04       0x74 C:/Program Files (x86)/NewEagle/Raptor/2021b_1.0.14409/GCM-5605B-048/lib/\GCM-5605B-048-2104.a(can.o)
                0x0002de04                CAN_QueuedTx_Complete
 *fill*         0x0002de78        0x0 
 .text.can_register_rx_callback
                0x0002de78       0x7c C:/Program Files (x86)/NewEagle/Raptor/2021b_1.0.14409/GCM-5605B-048/lib/\GCM-5605B-048-2104.a(can.o)
                0x0002de78                can_register_rx_callback
 .text.CAN1_TX_Callback
                0x0002def4       0x24 C:/Program Files (x86)/NewEagle/Raptor/2021b_1.0.14409/GCM-5605B-048/lib/\GCM-5605B-048-2104.a(can.o)
                0x0002def4                CAN1_TX_Callback
 .text.CAN2_TX_Callback
                0x0002df18       0x24 C:/Program Files (x86)/NewEagle/Raptor/2021b_1.0.14409/GCM-5605B-048/lib/\GCM-5605B-048-2104.a(can.o)
                0x0002df18                CAN2_TX_Callback
 .text.CAN3_TX_Callback
                0x0002df3c       0x24 C:/Program Files (x86)/NewEagle/Raptor/2021b_1.0.14409/GCM-5605B-048/lib/\GCM-5605B-048-2104.a(can.o)
                0x0002df3c                CAN3_TX_Callback
 .text.CAN4_TX_Callback
                0x0002df60       0x24 C:/Program Files (x86)/NewEagle/Raptor/2021b_1.0.14409/GCM-5605B-048/lib/\GCM-5605B-048-2104.a(can.o)
                0x0002df60                CAN4_TX_Callback
 .text.CAN5_TX_Callback
                0x0002df84       0x24 C:/Program Files (x86)/NewEagle/Raptor/2021b_1.0.14409/GCM-5605B-048/lib/\GCM-5605B-048-2104.a(can.o)
                0x0002df84                CAN5_TX_Callback
 .text.CAN6_TX_Callback
                0x0002dfa8       0x24 C:/Program Files (x86)/NewEagle/Raptor/2021b_1.0.14409/GCM-5605B-048/lib/\GCM-5605B-048-2104.a(can.o)
                0x0002dfa8                CAN6_TX_Callback
 .text.CANFrame_Queue_Create
                0x0002dfcc       0x4c C:/Program Files (x86)/NewEagle/Raptor/2021b_1.0.14409/GCM-5605B-048/lib/\GCM-5605B-048-2104.a(can.o)
                0x0002dfcc                CANFrame_Queue_Create
 *fill*         0x0002e018        0x0 
 .text.CAN_TXBuffer_IsFree
                0x0002e018       0x74 C:/Program Files (x86)/NewEagle/Raptor/2021b_1.0.14409/GCM-5605B-048/lib/\GCM-5605B-048-2104.a(can.o)
 .text.CAN_LoadTransmitBuffer
                0x0002e08c      0x28c C:/Program Files (x86)/NewEagle/Raptor/2021b_1.0.14409/GCM-5605B-048/lib/\GCM-5605B-048-2104.a(can.o)
 *fill*         0x0002e318        0x0 
 .text.CAN_EnqueueFrame
                0x0002e318      0x1e4 C:/Program Files (x86)/NewEagle/Raptor/2021b_1.0.14409/GCM-5605B-048/lib/\GCM-5605B-048-2104.a(can.o)
 .text.CAN_Dequeue_Frame
                0x0002e4fc      0x13c C:/Program Files (x86)/NewEagle/Raptor/2021b_1.0.14409/GCM-5605B-048/lib/\GCM-5605B-048-2104.a(can.o)
 .text.CAN_RX_EnqueueFrame
                0x0002e638      0x1e0 C:/Program Files (x86)/NewEagle/Raptor/2021b_1.0.14409/GCM-5605B-048/lib/\GCM-5605B-048-2104.a(can.o)
                0x0002e638                CAN_RX_EnqueueFrame
 *fill*         0x0002e818        0x0 
 .text.CAN_RX_Dequeue_Frame
                0x0002e818      0x148 C:/Program Files (x86)/NewEagle/Raptor/2021b_1.0.14409/GCM-5605B-048/lib/\GCM-5605B-048-2104.a(can.o)
 *fill*         0x0002e960        0x0 
 .text.CAN_RX_Idle_Task
                0x0002e960      0x360 C:/Program Files (x86)/NewEagle/Raptor/2021b_1.0.14409/GCM-5605B-048/lib/\GCM-5605B-048-2104.a(can.o)
                0x0002e960                CAN_RX_Idle_Task
 *fill*         0x0002ecc0        0x0 
 .text.CAN_TX_Queue_Get_Status
                0x0002ecc0       0xcc C:/Program Files (x86)/NewEagle/Raptor/2021b_1.0.14409/GCM-5605B-048/lib/\GCM-5605B-048-2104.a(can.o)
                0x0002ecc0                CAN_TX_Queue_Get_Status
 *fill*         0x0002ed8c        0x0 
 .text.CAN_RX_Queue_Get_Status
                0x0002ed8c       0xcc C:/Program Files (x86)/NewEagle/Raptor/2021b_1.0.14409/GCM-5605B-048/lib/\GCM-5605B-048-2104.a(can.o)
                0x0002ed8c                CAN_RX_Queue_Get_Status
 *fill*         0x0002ee58        0x0 
 .text.CAN_SET_RX_ID_MASK
                0x0002ee58      0x254 C:/Program Files (x86)/NewEagle/Raptor/2021b_1.0.14409/GCM-5605B-048/lib/\GCM-5605B-048-2104.a(can.o)
                0x0002ee58                CAN_SET_RX_ID_MASK
 *fill*         0x0002f0ac        0x0 
 .text.crc32_calculation
                0x0002f0ac       0x20 C:/Program Files (x86)/NewEagle/Raptor/2021b_1.0.14409/GCM-5605B-048/lib/\GCM-5605B-048-2104.a(crc.o)
                0x0002f0ac                crc32_calculation
 *fill*         0x0002f0cc        0x0 
 .text.crc16_calculation
                0x0002f0cc       0x38 C:/Program Files (x86)/NewEagle/Raptor/2021b_1.0.14409/GCM-5605B-048/lib/\GCM-5605B-048-2104.a(crc.o)
                0x0002f0cc                crc16_calculation
 .text.insert_crc
                0x0002f104       0x6c C:/Program Files (x86)/NewEagle/Raptor/2021b_1.0.14409/GCM-5605B-048/lib/\GCM-5605B-048-2104.a(crc.o)
                0x0002f104                insert_crc
 *fill*         0x0002f170        0x0 
 .text.crc16_ccitt
                0x0002f170       0x94 C:/Program Files (x86)/NewEagle/Raptor/2021b_1.0.14409/GCM-5605B-048/lib/\GCM-5605B-048-2104.a(crc.o)
                0x0002f170                crc16_ccitt
 .text.is_crc_valid
                0x0002f204       0x6c C:/Program Files (x86)/NewEagle/Raptor/2021b_1.0.14409/GCM-5605B-048/lib/\GCM-5605B-048-2104.a(crc.o)
                0x0002f204                is_crc_valid
 .text.din_pad_config
                0x0002f270       0xbc C:/Program Files (x86)/NewEagle/Raptor/2021b_1.0.14409/GCM-5605B-048/lib/\GCM-5605B-048-2104.a(digital_input.o)
                0x0002f270                din_pad_config
 *fill*         0x0002f32c        0x0 
 .text.Digital_Input_Init
                0x0002f32c       0x14 C:/Program Files (x86)/NewEagle/Raptor/2021b_1.0.14409/GCM-5605B-048/lib/\GCM-5605B-048-2104.a(digital_input.o)
                0x0002f32c                Digital_Input_Init
 .text.Digital_Input_Read_Chan
                0x0002f340       0x3c C:/Program Files (x86)/NewEagle/Raptor/2021b_1.0.14409/GCM-5605B-048/lib/\GCM-5605B-048-2104.a(digital_input.o)
                0x0002f340                Digital_Input_Read_Chan
 .text.FlexCAN_Init
                0x0002f37c       0x38 C:/Program Files (x86)/NewEagle/Raptor/2021b_1.0.14409/GCM-5605B-048/lib/\GCM-5605B-048-2104.a(flexcan_init.o)
                0x0002f37c                FlexCAN_Init
 *fill*         0x0002f3b4        0x0 
 .text.FlexCAN_0_Init
                0x0002f3b4      0x278 C:/Program Files (x86)/NewEagle/Raptor/2021b_1.0.14409/GCM-5605B-048/lib/\GCM-5605B-048-2104.a(flexcan_init.o)
 .text.FlexCAN_1_Init
                0x0002f62c      0x264 C:/Program Files (x86)/NewEagle/Raptor/2021b_1.0.14409/GCM-5605B-048/lib/\GCM-5605B-048-2104.a(flexcan_init.o)
 .text.FlexCAN_2_Init
                0x0002f890      0x264 C:/Program Files (x86)/NewEagle/Raptor/2021b_1.0.14409/GCM-5605B-048/lib/\GCM-5605B-048-2104.a(flexcan_init.o)
 .text.FlexCAN_3_Init
                0x0002faf4      0x264 C:/Program Files (x86)/NewEagle/Raptor/2021b_1.0.14409/GCM-5605B-048/lib/\GCM-5605B-048-2104.a(flexcan_init.o)
 .text.FlexCAN_4_Init
                0x0002fd58      0x264 C:/Program Files (x86)/NewEagle/Raptor/2021b_1.0.14409/GCM-5605B-048/lib/\GCM-5605B-048-2104.a(flexcan_init.o)
 .text.FlexCAN_5_Init
                0x0002ffbc      0x264 C:/Program Files (x86)/NewEagle/Raptor/2021b_1.0.14409/GCM-5605B-048/lib/\GCM-5605B-048-2104.a(flexcan_init.o)
 .text.FLEXCAN_Enable
                0x00030220      0x13c C:/Program Files (x86)/NewEagle/Raptor/2021b_1.0.14409/GCM-5605B-048/lib/\GCM-5605B-048-2104.a(flexcan_init.o)
 .text.FLEXCAN_ExitFreezeMode
                0x0003035c       0x74 C:/Program Files (x86)/NewEagle/Raptor/2021b_1.0.14409/GCM-5605B-048/lib/\GCM-5605B-048-2104.a(flexcan_init.o)
                0x0003035c                FLEXCAN_ExitFreezeMode
 *fill*         0x000303d0        0x0 
 .text.FLEXCAN_EnterFreezeMode
                0x000303d0       0x78 C:/Program Files (x86)/NewEagle/Raptor/2021b_1.0.14409/GCM-5605B-048/lib/\GCM-5605B-048-2104.a(flexcan_init.o)
                0x000303d0                FLEXCAN_EnterFreezeMode
 *fill*         0x00030448        0x0 
 .text.FLEXCAN_EnableRx
                0x00030448       0x38 C:/Program Files (x86)/NewEagle/Raptor/2021b_1.0.14409/GCM-5605B-048/lib/\GCM-5605B-048-2104.a(flexcan_init.o)
                0x00030448                FLEXCAN_EnableRx
 *fill*         0x00030480        0x0 
 .text.FlexCAN_0_TX_ISR
                0x00030480       0x6c C:/Program Files (x86)/NewEagle/Raptor/2021b_1.0.14409/GCM-5605B-048/lib/\GCM-5605B-048-2104.a(flexcan_init.o)
                0x00030480                FlexCAN_0_TX_ISR
 .text.FlexCAN_1_TX_ISR
                0x000304ec       0x6c C:/Program Files (x86)/NewEagle/Raptor/2021b_1.0.14409/GCM-5605B-048/lib/\GCM-5605B-048-2104.a(flexcan_init.o)
                0x000304ec                FlexCAN_1_TX_ISR
 .text.FlexCAN_2_TX_ISR
                0x00030558       0x70 C:/Program Files (x86)/NewEagle/Raptor/2021b_1.0.14409/GCM-5605B-048/lib/\GCM-5605B-048-2104.a(flexcan_init.o)
                0x00030558                FlexCAN_2_TX_ISR
 .text.FlexCAN_3_TX_ISR
                0x000305c8       0x70 C:/Program Files (x86)/NewEagle/Raptor/2021b_1.0.14409/GCM-5605B-048/lib/\GCM-5605B-048-2104.a(flexcan_init.o)
                0x000305c8                FlexCAN_3_TX_ISR
 .text.FlexCAN_4_TX_ISR
                0x00030638       0x70 C:/Program Files (x86)/NewEagle/Raptor/2021b_1.0.14409/GCM-5605B-048/lib/\GCM-5605B-048-2104.a(flexcan_init.o)
                0x00030638                FlexCAN_4_TX_ISR
 .text.FlexCAN_5_TX_ISR
                0x000306a8       0x70 C:/Program Files (x86)/NewEagle/Raptor/2021b_1.0.14409/GCM-5605B-048/lib/\GCM-5605B-048-2104.a(flexcan_init.o)
                0x000306a8                FlexCAN_5_TX_ISR
 .text.FlexCAN_0_XCP_TX_ISR
                0x00030718       0x8c C:/Program Files (x86)/NewEagle/Raptor/2021b_1.0.14409/GCM-5605B-048/lib/\GCM-5605B-048-2104.a(flexcan_init.o)
                0x00030718                FlexCAN_0_XCP_TX_ISR
 *fill*         0x000307a4        0x0 
 .text.FlexCAN_1_XCP_TX_ISR
                0x000307a4       0x8c C:/Program Files (x86)/NewEagle/Raptor/2021b_1.0.14409/GCM-5605B-048/lib/\GCM-5605B-048-2104.a(flexcan_init.o)
                0x000307a4                FlexCAN_1_XCP_TX_ISR
 *fill*         0x00030830        0x0 
 .text.FlexCAN_2_XCP_TX_ISR
                0x00030830       0x90 C:/Program Files (x86)/NewEagle/Raptor/2021b_1.0.14409/GCM-5605B-048/lib/\GCM-5605B-048-2104.a(flexcan_init.o)
                0x00030830                FlexCAN_2_XCP_TX_ISR
 .text.FlexCAN_3_XCP_TX_ISR
                0x000308c0       0x90 C:/Program Files (x86)/NewEagle/Raptor/2021b_1.0.14409/GCM-5605B-048/lib/\GCM-5605B-048-2104.a(flexcan_init.o)
                0x000308c0                FlexCAN_3_XCP_TX_ISR
 .text.FlexCAN_4_XCP_TX_ISR
                0x00030950       0x90 C:/Program Files (x86)/NewEagle/Raptor/2021b_1.0.14409/GCM-5605B-048/lib/\GCM-5605B-048-2104.a(flexcan_init.o)
                0x00030950                FlexCAN_4_XCP_TX_ISR
 .text.FlexCAN_5_XCP_TX_ISR
                0x000309e0       0x90 C:/Program Files (x86)/NewEagle/Raptor/2021b_1.0.14409/GCM-5605B-048/lib/\GCM-5605B-048-2104.a(flexcan_init.o)
                0x000309e0                FlexCAN_5_XCP_TX_ISR
 .text.FlexCAN_0_RX_ISR
                0x00030a70      0x184 C:/Program Files (x86)/NewEagle/Raptor/2021b_1.0.14409/GCM-5605B-048/lib/\GCM-5605B-048-2104.a(flexcan_init.o)
                0x00030a70                FlexCAN_0_RX_ISR
 *fill*         0x00030bf4        0x0 
 .text.FlexCAN_1_RX_ISR
                0x00030bf4      0x184 C:/Program Files (x86)/NewEagle/Raptor/2021b_1.0.14409/GCM-5605B-048/lib/\GCM-5605B-048-2104.a(flexcan_init.o)
                0x00030bf4                FlexCAN_1_RX_ISR
 *fill*         0x00030d78        0x0 
 .text.FlexCAN_2_RX_ISR
                0x00030d78      0x1bc C:/Program Files (x86)/NewEagle/Raptor/2021b_1.0.14409/GCM-5605B-048/lib/\GCM-5605B-048-2104.a(flexcan_init.o)
                0x00030d78                FlexCAN_2_RX_ISR
 *fill*         0x00030f34        0x0 
 .text.FlexCAN_3_RX_ISR
                0x00030f34      0x1bc C:/Program Files (x86)/NewEagle/Raptor/2021b_1.0.14409/GCM-5605B-048/lib/\GCM-5605B-048-2104.a(flexcan_init.o)
                0x00030f34                FlexCAN_3_RX_ISR
 *fill*         0x000310f0        0x0 
 .text.FlexCAN_4_RX_ISR
                0x000310f0      0x188 C:/Program Files (x86)/NewEagle/Raptor/2021b_1.0.14409/GCM-5605B-048/lib/\GCM-5605B-048-2104.a(flexcan_init.o)
                0x000310f0                FlexCAN_4_RX_ISR
 *fill*         0x00031278        0x0 
 .text.FlexCAN_5_RX_ISR
                0x00031278      0x188 C:/Program Files (x86)/NewEagle/Raptor/2021b_1.0.14409/GCM-5605B-048/lib/\GCM-5605B-048-2104.a(flexcan_init.o)
                0x00031278                FlexCAN_5_RX_ISR
 *fill*         0x00031400        0x0 
 .text.FlexCAN_0_ESR_ISR
                0x00031400       0x14 C:/Program Files (x86)/NewEagle/Raptor/2021b_1.0.14409/GCM-5605B-048/lib/\GCM-5605B-048-2104.a(flexcan_init.o)
                0x00031400                FlexCAN_0_ESR_ISR
 .text.FlexCAN_0_BOFF_ISR
                0x00031414       0x14 C:/Program Files (x86)/NewEagle/Raptor/2021b_1.0.14409/GCM-5605B-048/lib/\GCM-5605B-048-2104.a(flexcan_init.o)
                0x00031414                FlexCAN_0_BOFF_ISR
 .text.FlexCAN_1_ESR_ISR
                0x00031428       0x14 C:/Program Files (x86)/NewEagle/Raptor/2021b_1.0.14409/GCM-5605B-048/lib/\GCM-5605B-048-2104.a(flexcan_init.o)
                0x00031428                FlexCAN_1_ESR_ISR
 .text.FlexCAN_1_BOFF_ISR
                0x0003143c       0x14 C:/Program Files (x86)/NewEagle/Raptor/2021b_1.0.14409/GCM-5605B-048/lib/\GCM-5605B-048-2104.a(flexcan_init.o)
                0x0003143c                FlexCAN_1_BOFF_ISR
 .text.FlexCAN_2_ESR_ISR
                0x00031450       0x14 C:/Program Files (x86)/NewEagle/Raptor/2021b_1.0.14409/GCM-5605B-048/lib/\GCM-5605B-048-2104.a(flexcan_init.o)
                0x00031450                FlexCAN_2_ESR_ISR
 .text.FlexCAN_2_BOFF_ISR
                0x00031464       0x14 C:/Program Files (x86)/NewEagle/Raptor/2021b_1.0.14409/GCM-5605B-048/lib/\GCM-5605B-048-2104.a(flexcan_init.o)
                0x00031464                FlexCAN_2_BOFF_ISR
 .text.FlexCAN_3_ESR_ISR
                0x00031478       0x14 C:/Program Files (x86)/NewEagle/Raptor/2021b_1.0.14409/GCM-5605B-048/lib/\GCM-5605B-048-2104.a(flexcan_init.o)
                0x00031478                FlexCAN_3_ESR_ISR
 .text.FlexCAN_3_BOFF_ISR
                0x0003148c       0x14 C:/Program Files (x86)/NewEagle/Raptor/2021b_1.0.14409/GCM-5605B-048/lib/\GCM-5605B-048-2104.a(flexcan_init.o)
                0x0003148c                FlexCAN_3_BOFF_ISR
 .text.FlexCAN_4_ESR_ISR
                0x000314a0       0x14 C:/Program Files (x86)/NewEagle/Raptor/2021b_1.0.14409/GCM-5605B-048/lib/\GCM-5605B-048-2104.a(flexcan_init.o)
                0x000314a0                FlexCAN_4_ESR_ISR
 .text.FlexCAN_4_BOFF_ISR
                0x000314b4       0x14 C:/Program Files (x86)/NewEagle/Raptor/2021b_1.0.14409/GCM-5605B-048/lib/\GCM-5605B-048-2104.a(flexcan_init.o)
                0x000314b4                FlexCAN_4_BOFF_ISR
 .text.FlexCAN_5_ESR_ISR
                0x000314c8       0x14 C:/Program Files (x86)/NewEagle/Raptor/2021b_1.0.14409/GCM-5605B-048/lib/\GCM-5605B-048-2104.a(flexcan_init.o)
                0x000314c8                FlexCAN_5_ESR_ISR
 .text.FlexCAN_5_BOFF_ISR
                0x000314dc       0x14 C:/Program Files (x86)/NewEagle/Raptor/2021b_1.0.14409/GCM-5605B-048/lib/\GCM-5605B-048-2104.a(flexcan_init.o)
                0x000314dc                FlexCAN_5_BOFF_ISR
 .text.FlexCAN_SET_RX_CALLBACK_RANGE
                0x000314f0      0x120 C:/Program Files (x86)/NewEagle/Raptor/2021b_1.0.14409/GCM-5605B-048/lib/\GCM-5605B-048-2104.a(flexcan_init.o)
                0x000314f0                FlexCAN_SET_RX_CALLBACK_RANGE
 *fill*         0x00031610        0x0 
 .text.SetIVPR  0x00031610       0x1c C:/Program Files (x86)/NewEagle/Raptor/2021b_1.0.14409/GCM-5605B-048/lib/\GCM-5605B-048-2104.a(Interrupt_Init.o)
                0x00031610                SetIVPR
 *fill*         0x0003162c        0x0 
 .text.InitINTC
                0x0003162c       0x30 C:/Program Files (x86)/NewEagle/Raptor/2021b_1.0.14409/GCM-5605B-048/lib/\GCM-5605B-048-2104.a(Interrupt_Init.o)
                0x0003162c                InitINTC
 .text.enableIrq
                0x0003165c       0x24 C:/Program Files (x86)/NewEagle/Raptor/2021b_1.0.14409/GCM-5605B-048/lib/\GCM-5605B-048-2104.a(Interrupt_Init.o)
                0x0003165c                enableIrq
 *fill*         0x00031680        0x0 
 .text.Interrupt_Init
                0x00031680       0x34 C:/Program Files (x86)/NewEagle/Raptor/2021b_1.0.14409/GCM-5605B-048/lib/\GCM-5605B-048-2104.a(Interrupt_Init.o)
                0x00031680                Interrupt_Init
 .text.Interrupt_Enable
                0x000316b4       0x18 C:/Program Files (x86)/NewEagle/Raptor/2021b_1.0.14409/GCM-5605B-048/lib/\GCM-5605B-048-2104.a(Interrupt_Init.o)
                0x000316b4                Interrupt_Enable
 .text.Interrupt_Disable
                0x000316cc       0x18 C:/Program Files (x86)/NewEagle/Raptor/2021b_1.0.14409/GCM-5605B-048/lib/\GCM-5605B-048-2104.a(Interrupt_Init.o)
                0x000316cc                Interrupt_Disable
 .text.LIN_Tx_MasterFrame
                0x000316e4      0x1a8 C:/Program Files (x86)/NewEagle/Raptor/2021b_1.0.14409/GCM-5605B-048/lib/\GCM-5605B-048-2104.a(lin.o)
 *fill*         0x0003188c        0x0 
 .text.LIN_Tx_CheckFrameComplete
                0x0003188c       0x68 C:/Program Files (x86)/NewEagle/Raptor/2021b_1.0.14409/GCM-5605B-048/lib/\GCM-5605B-048-2104.a(lin.o)
 *fill*         0x000318f4        0x0 
 .text.LIN_Rx_SlaveFrame
                0x000318f4       0xb4 C:/Program Files (x86)/NewEagle/Raptor/2021b_1.0.14409/GCM-5605B-048/lib/\GCM-5605B-048-2104.a(lin.o)
 .text.LIN_Rx_CheckFrameComplete
                0x000319a8      0x13c C:/Program Files (x86)/NewEagle/Raptor/2021b_1.0.14409/GCM-5605B-048/lib/\GCM-5605B-048-2104.a(lin.o)
                0x000319a8                LIN_Rx_CheckFrameComplete
 .text.LIN_SetSchedule
                0x00031ae4       0x6c C:/Program Files (x86)/NewEagle/Raptor/2021b_1.0.14409/GCM-5605B-048/lib/\GCM-5605B-048-2104.a(lin.o)
                0x00031ae4                LIN_SetSchedule
 *fill*         0x00031b50        0x0 
 .text.LIN_GetSchedule
                0x00031b50       0x20 C:/Program Files (x86)/NewEagle/Raptor/2021b_1.0.14409/GCM-5605B-048/lib/\GCM-5605B-048-2104.a(lin.o)
                0x00031b50                LIN_GetSchedule
 *fill*         0x00031b70        0x0 
 .text.LIN_Master_Init
                0x00031b70      0x1f0 C:/Program Files (x86)/NewEagle/Raptor/2021b_1.0.14409/GCM-5605B-048/lib/\GCM-5605B-048-2104.a(lin.o)
                0x00031b70                LIN_Master_Init
 *fill*         0x00031d60        0x0 
 .text.LIN_Slave_Init
                0x00031d60      0x1d0 C:/Program Files (x86)/NewEagle/Raptor/2021b_1.0.14409/GCM-5605B-048/lib/\GCM-5605B-048-2104.a(lin.o)
                0x00031d60                LIN_Slave_Init
 .text.LIN_Init
                0x00031f30       0xa8 C:/Program Files (x86)/NewEagle/Raptor/2021b_1.0.14409/GCM-5605B-048/lib/\GCM-5605B-048-2104.a(lin.o)
                0x00031f30                LIN_Init
 .text.LIN_Com  0x00031fd8      0x3e8 C:/Program Files (x86)/NewEagle/Raptor/2021b_1.0.14409/GCM-5605B-048/lib/\GCM-5605B-048-2104.a(lin.o)
                0x00031fd8                LIN_Com
 *fill*         0x000323c0        0x0 
 .text.LIN_GetMasterStatus
                0x000323c0       0x94 C:/Program Files (x86)/NewEagle/Raptor/2021b_1.0.14409/GCM-5605B-048/lib/\GCM-5605B-048-2104.a(lin.o)
                0x000323c0                LIN_GetMasterStatus
 .text.LIN_GetSlaveStatus
                0x00032454       0x9c C:/Program Files (x86)/NewEagle/Raptor/2021b_1.0.14409/GCM-5605B-048/lib/\GCM-5605B-048-2104.a(lin.o)
                0x00032454                LIN_GetSlaveStatus
 *fill*         0x000324f0        0x0 
 .text.find_first_frame
                0x000324f0      0x118 C:/Program Files (x86)/NewEagle/Raptor/2021b_1.0.14409/GCM-5605B-048/lib/\GCM-5605B-048-2104.a(lin.o)
                0x000324f0                find_first_frame
 *fill*         0x00032608        0x0 
 .text.find_frame_in_node
                0x00032608       0xf0 C:/Program Files (x86)/NewEagle/Raptor/2021b_1.0.14409/GCM-5605B-048/lib/\GCM-5605B-048-2104.a(lin.o)
                0x00032608                find_frame_in_node
 *fill*         0x000326f8        0x0 
 .text.LIN_RX_Callback
                0x000326f8      0x6f0 C:/Program Files (x86)/NewEagle/Raptor/2021b_1.0.14409/GCM-5605B-048/lib/\GCM-5605B-048-2104.a(lin.o)
                0x000326f8                LIN_RX_Callback
 .text.LINFLEX_0_RX_ISR
                0x00032de8       0x24 C:/Program Files (x86)/NewEagle/Raptor/2021b_1.0.14409/GCM-5605B-048/lib/\GCM-5605B-048-2104.a(lin.o)